Apache Maven 3.5.4 (1edded0938998edf8bf061f1ceb3cfdeccf443fe; 2018-06-17T15:33:14-03:00)
Maven home: C:\Applications\Atlassian\atlassian-plugin-sdk-8.2.7\apache-maven-3.5.4\bin\..
Java version: 17.0.14, vendor: Eclipse Adoptium, runtime: C:\Users\FernandoHorn\.jdks\temurin-17.0.14
Default locale: en_US, platform encoding: Cp1252
OS name: "windows 11", version: "10.0", arch: "amd64", family: "windows"
[DEBUG] Created new class realm maven.api
[DEBUG] Importing foreign packages into class realm maven.api
[DEBUG]   Imported: javax.annotation.* < plexus.core
[DEBUG]   Imported: javax.annotation.security.* < plexus.core
[DEBUG]   Imported: javax.enterprise.inject.* < plexus.core
[DEBUG]   Imported: javax.enterprise.util.* < plexus.core
[DEBUG]   Imported: javax.inject.* < plexus.core
[DEBUG]   Imported: org.apache.maven.* < plexus.core
[DEBUG]   Imported: org.apache.maven.artifact < plexus.core
[DEBUG]   Imported: org.apache.maven.classrealm < plexus.core
[DEBUG]   Imported: org.apache.maven.cli < plexus.core
[DEBUG]   Imported: org.apache.maven.configuration < plexus.core
[DEBUG]   Imported: org.apache.maven.exception < plexus.core
[DEBUG]   Imported: org.apache.maven.execution < plexus.core
[DEBUG]   Imported: org.apache.maven.execution.scope < plexus.core
[DEBUG]   Imported: org.apache.maven.lifecycle < plexus.core
[DEBUG]   Imported: org.apache.maven.model < plexus.core
[DEBUG]   Imported: org.apache.maven.monitor < plexus.core
[DEBUG]   Imported: org.apache.maven.plugin < plexus.core
[DEBUG]   Imported: org.apache.maven.profiles < plexus.core
[DEBUG]   Imported: org.apache.maven.project < plexus.core
[DEBUG]   Imported: org.apache.maven.reporting < plexus.core
[DEBUG]   Imported: org.apache.maven.repository < plexus.core
[DEBUG]   Imported: org.apache.maven.rtinfo < plexus.core
[DEBUG]   Imported: org.apache.maven.settings < plexus.core
[DEBUG]   Imported: org.apache.maven.toolchain < plexus.core
[DEBUG]   Imported: org.apache.maven.usability < plexus.core
[DEBUG]   Imported: org.apache.maven.wagon.* < plexus.core
[DEBUG]   Imported: org.apache.maven.wagon.authentication < plexus.core
[DEBUG]   Imported: org.apache.maven.wagon.authorization < plexus.core
[DEBUG]   Imported: org.apache.maven.wagon.events < plexus.core
[DEBUG]   Imported: org.apache.maven.wagon.observers < plexus.core
[DEBUG]   Imported: org.apache.maven.wagon.proxy < plexus.core
[DEBUG]   Imported: org.apache.maven.wagon.repository < plexus.core
[DEBUG]   Imported: org.apache.maven.wagon.resource < plexus.core
[DEBUG]   Imported: org.codehaus.classworlds < plexus.core
[DEBUG]   Imported: org.codehaus.plexus.* < plexus.core
[DEBUG]   Imported: org.codehaus.plexus.classworlds < plexus.core
[DEBUG]   Imported: org.codehaus.plexus.component < plexus.core
[DEBUG]   Imported: org.codehaus.plexus.configuration < plexus.core
[DEBUG]   Imported: org.codehaus.plexus.container < plexus.core
[DEBUG]   Imported: org.codehaus.plexus.context < plexus.core
[DEBUG]   Imported: org.codehaus.plexus.lifecycle < plexus.core
[DEBUG]   Imported: org.codehaus.plexus.logging < plexus.core
[DEBUG]   Imported: org.codehaus.plexus.personality < plexus.core
[DEBUG]   Imported: org.codehaus.plexus.util.xml.Xpp3Dom < plexus.core
[DEBUG]   Imported: org.codehaus.plexus.util.xml.pull.XmlPullParser < plexus.core
[DEBUG]   Imported: org.codehaus.plexus.util.xml.pull.XmlPullParserException < plexus.core
[DEBUG]   Imported: org.codehaus.plexus.util.xml.pull.XmlSerializer < plexus.core
[DEBUG]   Imported: org.eclipse.aether.* < plexus.core
[DEBUG]   Imported: org.eclipse.aether.artifact < plexus.core
[DEBUG]   Imported: org.eclipse.aether.collection < plexus.core
[DEBUG]   Imported: org.eclipse.aether.deployment < plexus.core
[DEBUG]   Imported: org.eclipse.aether.graph < plexus.core
[DEBUG]   Imported: org.eclipse.aether.impl < plexus.core
[DEBUG]   Imported: org.eclipse.aether.installation < plexus.core
[DEBUG]   Imported: org.eclipse.aether.internal.impl < plexus.core
[DEBUG]   Imported: org.eclipse.aether.metadata < plexus.core
[DEBUG]   Imported: org.eclipse.aether.repository < plexus.core
[DEBUG]   Imported: org.eclipse.aether.resolution < plexus.core
[DEBUG]   Imported: org.eclipse.aether.spi < plexus.core
[DEBUG]   Imported: org.eclipse.aether.transfer < plexus.core
[DEBUG]   Imported: org.eclipse.aether.version < plexus.core
[DEBUG]   Imported: org.fusesource.jansi.* < plexus.core
[DEBUG]   Imported: org.slf4j.* < plexus.core
[DEBUG]   Imported: org.slf4j.helpers.* < plexus.core
[DEBUG]   Imported: org.slf4j.spi.* < plexus.core
[DEBUG] Populating class realm maven.api
[INFO] Error stacktraces are turned on.
[DEBUG] Message scheme: color
[DEBUG] Message styles: debug info warning error success failure strong mojo project
[DEBUG] Reading global settings from C:\Applications\Atlassian\atlassian-plugin-sdk-8.2.7\apache-maven-3.5.4\bin\..\conf\settings.xml
[DEBUG] Reading user settings from C:\Users\FernandoHorn\.m2\settings.xml
[DEBUG] Reading global toolchains from C:\Applications\Atlassian\atlassian-plugin-sdk-8.2.7\apache-maven-3.5.4\bin\..\conf\toolchains.xml
[DEBUG] Reading user toolchains from C:\Users\FernandoHorn\.m2\toolchains.xml
[DEBUG] Using local repository at C:\Users\FernandoHorn\.m2\repository
[DEBUG] Using manager EnhancedLocalRepositoryManager with priority 10.0 for C:\Users\FernandoHorn\.m2\repository
[INFO] Scanning for projects...
[DEBUG] Dependency collection stats: {ConflictMarker.analyzeTime=1791100, ConflictMarker.markTime=693300, ConflictMarker.nodeCount=441, ConflictIdSorter.graphTime=904800, ConflictIdSorter.topsortTime=1180000, ConflictIdSorter.conflictIdCount=129, ConflictIdSorter.conflictIdCycleCount=1, ConflictResolver.totalTime=10140900, ConflictResolver.conflictItemCount=263, DefaultDependencyCollector.collectTime=708879300, DefaultDependencyCollector.transformTime=16146700}
[DEBUG] com.atlassian.maven.plugins:maven-amps-plugin:jar:6.3.21:
[DEBUG]    com.atlassian.core:atlassian-core:jar:4.0:compile
[DEBUG]       com.atlassian.profiling:atlassian-profiling:jar:1.3:compile
[DEBUG]          javax.servlet:servlet-api:jar:2.3:compile
[DEBUG]          p6spy:p6spy:jar:1.3:compile
[DEBUG]       commons-collections:commons-collections:jar:3.1:compile
[DEBUG]       commons-lang:commons-lang:jar:2.4:compile
[DEBUG]       commons-logging:commons-logging:jar:1.0.4:compile
[DEBUG]       osuser:osuser:jar:1.0-dev-log4j-1.4jdk-7Dec05:compile
[DEBUG]       opensymphony:propertyset:jar:1.3-21Nov03:compile
[DEBUG]       opensymphony:sitemesh:jar:2.3:compile
[DEBUG]       dom4j:dom4j:jar:1.4:compile
[DEBUG]          jaxen:jaxen:jar:1.0-FCS:compile
[DEBUG]          saxpath:saxpath:jar:1.0-FCS:compile
[DEBUG]          msv:msv:jar:20020414:compile
[DEBUG]          relaxngDatatype:relaxngDatatype:jar:20020414:compile
[DEBUG]          isorelax:isorelax:jar:20020414:compile
[DEBUG]       opensymphony:oscore:jar:2.2.7:compile
[DEBUG]       log4j:log4j:jar:1.2.7:compile
[DEBUG]       javax.mail:mail:jar:1.4:compile
[DEBUG]          javax.activation:activation:jar:1.1:compile
[DEBUG]       mockobjects:alt-jdk1.3:jar:0.07:compile
[DEBUG]       oscache:oscache:jar:DEV:compile
[DEBUG]    commons-io:commons-io:jar:2.4:compile
[DEBUG]    biz.aQute.bnd:biz.aQute.bndlib:jar:2.4.1-pr-916-atlassian-002:compile
[DEBUG]    junit:junit:jar:4.12:compile
[DEBUG]       org.hamcrest:hamcrest-core:jar:1.3:compile
[DEBUG]    org.apache.ant:ant:jar:1.7.1:compile
[DEBUG]       org.apache.ant:ant-launcher:jar:1.7.1:compile
[DEBUG]    org.apache.maven:maven-core:jar:3.2.1:compile
[DEBUG]       org.apache.maven:maven-settings:jar:3.2.1:compile
[DEBUG]       org.apache.maven:maven-settings-builder:jar:3.2.1:compile
[DEBUG]       org.apache.maven:maven-repository-metadata:jar:3.2.1:compile
[DEBUG]       org.apache.maven:maven-artifact:jar:3.2.1:compile
[DEBUG]       org.apache.maven:maven-plugin-api:jar:3.2.1:compile
[DEBUG]       org.apache.maven:maven-model-builder:jar:3.2.1:compile
[DEBUG]       org.apache.maven:maven-aether-provider:jar:3.2.1:compile
[DEBUG]          org.eclipse.aether:aether-spi:jar:0.9.0.M2:compile
[DEBUG]       org.eclipse.aether:aether-impl:jar:0.9.0.M2:compile
[DEBUG]       org.eclipse.aether:aether-api:jar:0.9.0.M2:compile
[DEBUG]       org.eclipse.aether:aether-util:jar:0.9.0.M2:compile
[DEBUG]       org.eclipse.sisu:org.eclipse.sisu.plexus:jar:0.0.0.M5:compile
[DEBUG]          javax.enterprise:cdi-api:jar:1.0:compile
[DEBUG]             javax.annotation:jsr250-api:jar:1.0:compile
[DEBUG]             javax.inject:javax.inject:jar:1:compile
[DEBUG]          org.sonatype.sisu:sisu-guice:jar:no_aop:3.1.0:compile
[DEBUG]             aopalliance:aopalliance:jar:1.0:compile
[DEBUG]          org.eclipse.sisu:org.eclipse.sisu.inject:jar:0.0.0.M5:compile
[DEBUG]       org.codehaus.plexus:plexus-interpolation:jar:1.19:compile
[DEBUG]       org.codehaus.plexus:plexus-classworlds:jar:2.5.1:compile
[DEBUG]       org.codehaus.plexus:plexus-component-annotations:jar:1.5.5:compile
[DEBUG]       org.sonatype.plexus:plexus-sec-dispatcher:jar:1.3:compile
[DEBUG]          org.sonatype.plexus:plexus-cipher:jar:1.4:compile
[DEBUG]    org.apache.maven:maven-model:jar:3.2.1:compile
[DEBUG]    org.apache.maven:maven-compat:jar:3.2.1:compile
[DEBUG]       org.apache.maven.wagon:wagon-provider-api:jar:2.6:compile
[DEBUG]    org.codehaus.plexus:plexus-utils:jar:3.0.15:compile
[DEBUG]    org.codehaus.plexus:plexus-archiver:jar:1.0-alpha-9:compile
[DEBUG]       org.codehaus.plexus:plexus-container-default:jar:1.0-alpha-15:compile
[DEBUG]       org.codehaus.plexus:plexus-component-api:jar:1.0-alpha-15:compile
[DEBUG]       org.codehaus.plexus:plexus-io:jar:1.0-alpha-1:compile
[DEBUG]    org.apache.maven:maven-archiver:jar:2.3:compile
[DEBUG]       org.apache.maven:maven-project:jar:2.0:compile
[DEBUG]          org.apache.maven:maven-profile:jar:2.0:compile
[DEBUG]          org.apache.maven:maven-artifact-manager:jar:2.0:compile
[DEBUG]    org.apache.commons:commons-compress:jar:1.4.1:compile
[DEBUG]       org.tukaani:xz:jar:1.0:compile
[DEBUG]    commons-validator:commons-validator:jar:1.2.0:compile
[DEBUG]       commons-beanutils:commons-beanutils:jar:1.7.0:compile
[DEBUG]       commons-digester:commons-digester:jar:1.6:compile
[DEBUG]       oro:oro:jar:2.0.8:compile
[DEBUG]       xml-apis:xml-apis:jar:1.0.b2:compile
[DEBUG]    jdom:jdom:jar:1.0:compile
[DEBUG]    com.atlassian.amps:plugin-module-codegen-maven-client:jar:6.3.21:compile
[DEBUG]       com.atlassian.amps:plugin-module-codegen-engine:jar:6.3.21:compile
[DEBUG]          com.atlassian.amps:plugin-module-codegen-api:jar:6.3.21:compile
[DEBUG]          org.ow2.asm:asm:jar:5.0.3:compile
[DEBUG]          com.atlassian.fugue:fugue:jar:1.0:compile
[DEBUG]          com.googlecode.guava-osgi:guava-osgi:jar:10.0.1:compile
[DEBUG]       jline:jline:jar:0.9.94:compile
[DEBUG]       org.codehaus.plexus:plexus-interactivity-api:jar:1.0-alpha-4:compile
[DEBUG]          classworlds:classworlds:jar:1.1-alpha-2:compile
[DEBUG]          plexus:plexus-utils:jar:1.0.2:compile
[DEBUG]    com.atlassian.maven.archetypes:refapp-plugin-archetype:jar:6.3.21:runtime
[DEBUG]    com.dmurph:JGoogleAnalyticsTracker:jar:1.2.1-atlassian:compile
[DEBUG]    org.slf4j:slf4j-nop:jar:1.6.2:compile
[DEBUG]       org.slf4j:slf4j-api:jar:1.6.2:compile
[DEBUG]    org.codehaus.jackson:jackson-mapper-asl:jar:1.9.13:compile
[DEBUG]       org.codehaus.jackson:jackson-core-asl:jar:1.9.13:compile
[DEBUG]    com.atlassian.amps:standalone:pom:6.3.21:runtime
[DEBUG]    com.atlassian.plugins:atlassian-plugins-osgi-testrunner:jar:1.2.3:compile
[DEBUG]       org.apache.wink:wink-client:jar:1.1.3-incubating:compile
[DEBUG]          org.apache.wink:wink-common:jar:1.1.3-incubating:compile
[DEBUG]             org.apache.geronimo.specs:geronimo-annotation_1.1_spec:jar:1.0:compile
[DEBUG]          javax.xml.bind:jaxb-api:jar:2.2:compile
[DEBUG]             javax.xml.stream:stax-api:jar:1.0-2:compile
[DEBUG]          com.sun.xml.bind:jaxb-impl:jar:2.2.1.1:compile
[DEBUG]       com.google.code.gson:gson:jar:2.2.2-atlassian-1:compile
[DEBUG]       com.atlassian.upm:upm-api:jar:2.15:compile
[DEBUG]    javax.ws.rs:jsr311-api:jar:1.1.1:compile
[DEBUG]    com.google.javascript:closure-compiler:jar:rr2079.1:compile
[DEBUG]       args4j:args4j:jar:2.0.12:compile
[DEBUG]       com.google.guava:guava:jar:10.0.1:compile
[DEBUG]       com.google.protobuf:protobuf-java:jar:2.4.1:compile
[DEBUG]       org.json:json:jar:20090211:compile
[DEBUG]       com.google.code.findbugs:jsr305:jar:1.3.9:compile
[DEBUG]       com.googlecode.jarjar:jarjar:jar:1.1:compile
[DEBUG]    com.yahoo.platform.yui:yuicompressor:jar:2.4.7:compile
[DEBUG]       rhino:js:jar:1.6R7:compile
[DEBUG]    commons-codec:commons-codec:jar:1.6:compile
[DEBUG]    com.googlecode.htmlcompressor:htmlcompressor:jar:1.4:compile
[DEBUG]    org.apache.wink:wink-client-apache-httpclient:jar:1.1.3-incubating:compile
[DEBUG]       org.apache.httpcomponents:httpclient:jar:4.0.1:compile
[DEBUG]          org.apache.httpcomponents:httpcore:jar:4.0.1:compile
[DEBUG]       org.slf4j:jcl-over-slf4j:jar:1.6.1:compile
[DEBUG]    org.apache.maven.archetype:archetype-common:jar:2.2:compile
[DEBUG]       org.apache.maven.archetype:archetype-catalog:jar:2.2:compile
[DEBUG]       org.apache.maven.archetype:archetype-descriptor:jar:2.2:compile
[DEBUG]       org.apache.maven.archetype:archetype-registry:jar:2.2:compile
[DEBUG]       net.sourceforge.jchardet:jchardet:jar:1.0:compile
[DEBUG]       org.apache.maven.shared:maven-invoker:jar:2.0.11:compile
[DEBUG]       org.codehaus.plexus:plexus-velocity:jar:1.1.8:compile
[DEBUG]       org.apache.velocity:velocity:jar:1.5:compile
[DEBUG]    org.springframework:spring-jdbc:jar:4.3.2.RELEASE:compile
[DEBUG]       org.springframework:spring-beans:jar:4.3.2.RELEASE:compile
[DEBUG]       org.springframework:spring-core:jar:4.3.2.RELEASE:compile
[DEBUG]       org.springframework:spring-tx:jar:4.3.2.RELEASE:compile
[DEBUG]    org.twdata.maven:mojo-executor:jar:1.5.2:compile
[DEBUG] Created new class realm extension>com.atlassian.maven.plugins:maven-amps-plugin:6.3.21
[DEBUG] Importing foreign packages into class realm extension>com.atlassian.maven.plugins:maven-amps-plugin:6.3.21
[DEBUG]   Imported:  < maven.api
[DEBUG] Populating class realm extension>com.atlassian.maven.plugins:maven-amps-plugin:6.3.21
[DEBUG]   Included: com.atlassian.maven.plugins:maven-amps-plugin:jar:6.3.21
[DEBUG]   Included: com.atlassian.core:atlassian-core:jar:4.0
[DEBUG]   Included: com.atlassian.profiling:atlassian-profiling:jar:1.3
[DEBUG]   Included: javax.servlet:servlet-api:jar:2.3
[DEBUG]   Included: p6spy:p6spy:jar:1.3
[DEBUG]   Included: commons-collections:commons-collections:jar:3.1
[DEBUG]   Included: commons-lang:commons-lang:jar:2.4
[DEBUG]   Included: commons-logging:commons-logging:jar:1.0.4
[DEBUG]   Included: osuser:osuser:jar:1.0-dev-log4j-1.4jdk-7Dec05
[DEBUG]   Included: opensymphony:propertyset:jar:1.3-21Nov03
[DEBUG]   Included: opensymphony:sitemesh:jar:2.3
[DEBUG]   Included: dom4j:dom4j:jar:1.4
[DEBUG]   Included: jaxen:jaxen:jar:1.0-FCS
[DEBUG]   Included: saxpath:saxpath:jar:1.0-FCS
[DEBUG]   Included: msv:msv:jar:20020414
[DEBUG]   Included: relaxngDatatype:relaxngDatatype:jar:20020414
[DEBUG]   Included: isorelax:isorelax:jar:20020414
[DEBUG]   Included: opensymphony:oscore:jar:2.2.7
[DEBUG]   Included: log4j:log4j:jar:1.2.7
[DEBUG]   Included: javax.mail:mail:jar:1.4
[DEBUG]   Included: javax.activation:activation:jar:1.1
[DEBUG]   Included: mockobjects:alt-jdk1.3:jar:0.07
[DEBUG]   Included: oscache:oscache:jar:DEV
[DEBUG]   Included: commons-io:commons-io:jar:2.4
[DEBUG]   Included: biz.aQute.bnd:biz.aQute.bndlib:jar:2.4.1-pr-916-atlassian-002
[DEBUG]   Included: junit:junit:jar:4.12
[DEBUG]   Included: org.hamcrest:hamcrest-core:jar:1.3
[DEBUG]   Included: org.apache.ant:ant:jar:1.7.1
[DEBUG]   Included: org.apache.ant:ant-launcher:jar:1.7.1
[DEBUG]   Included: org.eclipse.aether:aether-util:jar:0.9.0.M2
[DEBUG]   Included: javax.enterprise:cdi-api:jar:1.0
[DEBUG]   Included: org.sonatype.sisu:sisu-guice:jar:no_aop:3.1.0
[DEBUG]   Included: aopalliance:aopalliance:jar:1.0
[DEBUG]   Included: org.eclipse.sisu:org.eclipse.sisu.inject:jar:0.0.0.M5
[DEBUG]   Included: org.codehaus.plexus:plexus-interpolation:jar:1.19
[DEBUG]   Included: org.codehaus.plexus:plexus-component-annotations:jar:1.5.5
[DEBUG]   Included: org.sonatype.plexus:plexus-sec-dispatcher:jar:1.3
[DEBUG]   Included: org.sonatype.plexus:plexus-cipher:jar:1.4
[DEBUG]   Included: org.codehaus.plexus:plexus-utils:jar:3.0.15
[DEBUG]   Included: org.codehaus.plexus:plexus-archiver:jar:1.0-alpha-9
[DEBUG]   Included: org.codehaus.plexus:plexus-io:jar:1.0-alpha-1
[DEBUG]   Included: org.apache.maven:maven-archiver:jar:2.3
[DEBUG]   Included: org.apache.commons:commons-compress:jar:1.4.1
[DEBUG]   Included: org.tukaani:xz:jar:1.0
[DEBUG]   Included: commons-validator:commons-validator:jar:1.2.0
[DEBUG]   Included: commons-beanutils:commons-beanutils:jar:1.7.0
[DEBUG]   Included: commons-digester:commons-digester:jar:1.6
[DEBUG]   Included: oro:oro:jar:2.0.8
[DEBUG]   Included: xml-apis:xml-apis:jar:1.0.b2
[DEBUG]   Included: jdom:jdom:jar:1.0
[DEBUG]   Included: com.atlassian.amps:plugin-module-codegen-maven-client:jar:6.3.21
[DEBUG]   Included: com.atlassian.amps:plugin-module-codegen-engine:jar:6.3.21
[DEBUG]   Included: com.atlassian.amps:plugin-module-codegen-api:jar:6.3.21
[DEBUG]   Included: org.ow2.asm:asm:jar:5.0.3
[DEBUG]   Included: com.atlassian.fugue:fugue:jar:1.0
[DEBUG]   Included: com.googlecode.guava-osgi:guava-osgi:jar:10.0.1
[DEBUG]   Included: jline:jline:jar:0.9.94
[DEBUG]   Included: org.codehaus.plexus:plexus-interactivity-api:jar:1.0-alpha-4
[DEBUG]   Included: plexus:plexus-utils:jar:1.0.2
[DEBUG]   Included: com.atlassian.maven.archetypes:refapp-plugin-archetype:jar:6.3.21
[DEBUG]   Included: com.dmurph:JGoogleAnalyticsTracker:jar:1.2.1-atlassian
[DEBUG]   Included: org.slf4j:slf4j-nop:jar:1.6.2
[DEBUG]   Included: org.codehaus.jackson:jackson-mapper-asl:jar:1.9.13
[DEBUG]   Included: org.codehaus.jackson:jackson-core-asl:jar:1.9.13
[DEBUG]   Included: com.atlassian.amps:standalone:pom:6.3.21
[DEBUG]   Included: com.atlassian.plugins:atlassian-plugins-osgi-testrunner:jar:1.2.3
[DEBUG]   Included: org.apache.wink:wink-client:jar:1.1.3-incubating
[DEBUG]   Included: org.apache.wink:wink-common:jar:1.1.3-incubating
[DEBUG]   Included: org.apache.geronimo.specs:geronimo-annotation_1.1_spec:jar:1.0
[DEBUG]   Included: javax.xml.bind:jaxb-api:jar:2.2
[DEBUG]   Included: javax.xml.stream:stax-api:jar:1.0-2
[DEBUG]   Included: com.sun.xml.bind:jaxb-impl:jar:2.2.1.1
[DEBUG]   Included: com.google.code.gson:gson:jar:2.2.2-atlassian-1
[DEBUG]   Included: com.atlassian.upm:upm-api:jar:2.15
[DEBUG]   Included: javax.ws.rs:jsr311-api:jar:1.1.1
[DEBUG]   Included: com.google.javascript:closure-compiler:jar:rr2079.1
[DEBUG]   Included: args4j:args4j:jar:2.0.12
[DEBUG]   Included: com.google.guava:guava:jar:10.0.1
[DEBUG]   Included: com.google.protobuf:protobuf-java:jar:2.4.1
[DEBUG]   Included: org.json:json:jar:20090211
[DEBUG]   Included: com.google.code.findbugs:jsr305:jar:1.3.9
[DEBUG]   Included: com.googlecode.jarjar:jarjar:jar:1.1
[DEBUG]   Included: com.yahoo.platform.yui:yuicompressor:jar:2.4.7
[DEBUG]   Included: rhino:js:jar:1.6R7
[DEBUG]   Included: commons-codec:commons-codec:jar:1.6
[DEBUG]   Included: com.googlecode.htmlcompressor:htmlcompressor:jar:1.4
[DEBUG]   Included: org.apache.wink:wink-client-apache-httpclient:jar:1.1.3-incubating
[DEBUG]   Included: org.apache.httpcomponents:httpclient:jar:4.0.1
[DEBUG]   Included: org.apache.httpcomponents:httpcore:jar:4.0.1
[DEBUG]   Included: org.slf4j:jcl-over-slf4j:jar:1.6.1
[DEBUG]   Included: org.apache.maven.archetype:archetype-common:jar:2.2
[DEBUG]   Included: org.apache.maven.archetype:archetype-catalog:jar:2.2
[DEBUG]   Included: org.apache.maven.archetype:archetype-descriptor:jar:2.2
[DEBUG]   Included: org.apache.maven.archetype:archetype-registry:jar:2.2
[DEBUG]   Included: net.sourceforge.jchardet:jchardet:jar:1.0
[DEBUG]   Included: org.apache.maven.shared:maven-invoker:jar:2.0.11
[DEBUG]   Included: org.codehaus.plexus:plexus-velocity:jar:1.1.8
[DEBUG]   Included: org.apache.velocity:velocity:jar:1.5
[DEBUG]   Included: org.springframework:spring-jdbc:jar:4.3.2.RELEASE
[DEBUG]   Included: org.springframework:spring-beans:jar:4.3.2.RELEASE
[DEBUG]   Included: org.springframework:spring-core:jar:4.3.2.RELEASE
[DEBUG]   Included: org.springframework:spring-tx:jar:4.3.2.RELEASE
[DEBUG]   Included: org.twdata.maven:mojo-executor:jar:1.5.2
[DEBUG] Extension realms for project com.mindproapps.jira:integracaoponto:atlassian-plugin:1.1.18: [ClassRealm[extension>com.atlassian.maven.plugins:maven-amps-plugin:6.3.21, parent: jdk.internal.loader.ClassLoaders$AppClassLoader@73d16e93]]
[DEBUG] Created new class realm project>com.mindproapps.jira:integracaoponto:1.1.18
[DEBUG] Populating class realm project>com.mindproapps.jira:integracaoponto:1.1.18
[DEBUG] Looking up lifecycle mappings for packaging atlassian-plugin from ClassRealm[project>com.mindproapps.jira:integracaoponto:1.1.18, parent: ClassRealm[maven.api, parent: null]]
[DEBUG] === REACTOR BUILD PLAN ================================================
[DEBUG] Project: com.mindproapps.jira:integracaoponto:atlassian-plugin:1.1.18
[DEBUG] Tasks:   [clean, install]
[DEBUG] Style:   Regular
[DEBUG] =======================================================================
[INFO] 
[INFO] ----------------< com.mindproapps.jira:integracaoponto >----------------
[INFO] Building integracaoponto 1.1.18
[INFO] --------------------------[ atlassian-plugin ]--------------------------
[DEBUG] Could not find metadata org.apache.maven.plugins:maven-compiler-plugin/maven-metadata.xml in local (C:\Users\FernandoHorn\.m2\repository)
[DEBUG] Skipped remote request for org.apache.maven.plugins:maven-compiler-plugin/maven-metadata.xml, locally cached metadata up-to-date.
[DEBUG] Failure to find org.apache.maven.plugins:maven-compiler-plugin/maven-metadata.xml in https://packages.atlassian.com/maven/repository/public/ was cached in the local repository, resolution will not be reattempted until the update interval of atlassian-plugins has elapsed or updates are forced
[DEBUG] Skipped remote request for org.apache.maven.plugins:maven-compiler-plugin/maven-metadata.xml, locally cached metadata up-to-date.
[DEBUG] Ignoring incompatible plugin version 4.0.0-beta-2: The plugin org.apache.maven.plugins:maven-compiler-plugin:4.0.0-beta-2 requires Maven version 4.0.0-rc-2
[DEBUG] Ignoring incompatible plugin version 4.0.0-beta-1: The plugin org.apache.maven.plugins:maven-compiler-plugin:4.0.0-beta-1 requires Maven version 4.0.0-beta-3
[DEBUG] Ignoring incompatible plugin version 3.14.0: The plugin org.apache.maven.plugins:maven-compiler-plugin:3.14.0 requires Maven version 3.6.3
[DEBUG] Ignoring incompatible plugin version 3.13.0: The plugin org.apache.maven.plugins:maven-compiler-plugin:3.13.0 requires Maven version 3.6.3
[DEBUG] Resolved plugin version for org.apache.maven.plugins:maven-compiler-plugin to 3.12.1 from repository maven-central (https://repo1.maven.org/maven2/, default, releases+snapshots)
[DEBUG] Could not find metadata org.apache.maven.plugins:maven-install-plugin/maven-metadata.xml in local (C:\Users\FernandoHorn\.m2\repository)
[DEBUG] Skipped remote request for org.apache.maven.plugins:maven-install-plugin/maven-metadata.xml, locally cached metadata up-to-date.
[DEBUG] Failure to find org.apache.maven.plugins:maven-install-plugin/maven-metadata.xml in https://packages.atlassian.com/maven/repository/public/ was cached in the local repository, resolution will not be reattempted until the update interval of atlassian-plugins has elapsed or updates are forced
[DEBUG] Skipped remote request for org.apache.maven.plugins:maven-install-plugin/maven-metadata.xml, locally cached metadata up-to-date.
[DEBUG] Ignoring incompatible plugin version 4.0.0-beta-2: The plugin org.apache.maven.plugins:maven-install-plugin:4.0.0-beta-2 requires Maven version 4.0.0-rc-2
[DEBUG] Ignoring incompatible plugin version 4.0.0-beta-1: The plugin org.apache.maven.plugins:maven-install-plugin:4.0.0-beta-1 requires Maven version 4.0.0-beta-3
[DEBUG] Ignoring incompatible plugin version 3.1.4: The plugin org.apache.maven.plugins:maven-install-plugin:3.1.4 requires Maven version 3.6.3
[DEBUG] Ignoring incompatible plugin version 3.1.3: The plugin org.apache.maven.plugins:maven-install-plugin:3.1.3 requires Maven version 3.6.3
[DEBUG] Ignoring incompatible plugin version 3.1.2: The plugin org.apache.maven.plugins:maven-install-plugin:3.1.2 requires Maven version 3.6.3
[DEBUG] Resolved plugin version for org.apache.maven.plugins:maven-install-plugin to 3.1.1 from repository maven-central (https://repo1.maven.org/maven2/, default, releases+snapshots)
[DEBUG] Could not find metadata org.apache.maven.plugins:maven-resources-plugin/maven-metadata.xml in local (C:\Users\FernandoHorn\.m2\repository)
[DEBUG] Skipped remote request for org.apache.maven.plugins:maven-resources-plugin/maven-metadata.xml, locally cached metadata up-to-date.
[DEBUG] Failure to find org.apache.maven.plugins:maven-resources-plugin/maven-metadata.xml in https://packages.atlassian.com/maven/repository/public/ was cached in the local repository, resolution will not be reattempted until the update interval of atlassian-plugins has elapsed or updates are forced
[DEBUG] Skipped remote request for org.apache.maven.plugins:maven-resources-plugin/maven-metadata.xml, locally cached metadata up-to-date.
[DEBUG] Ignoring incompatible plugin version 4.0.0-beta-1: The plugin org.apache.maven.plugins:maven-resources-plugin:4.0.0-beta-1 requires Maven version 4.0.0-beta-3
[DEBUG] Resolved plugin version for org.apache.maven.plugins:maven-resources-plugin to 3.3.1 from repository maven-central (https://repo1.maven.org/maven2/, default, releases+snapshots)
[DEBUG] Could not find metadata org.apache.maven.plugins:maven-deploy-plugin/maven-metadata.xml in local (C:\Users\FernandoHorn\.m2\repository)
[DEBUG] Skipped remote request for org.apache.maven.plugins:maven-deploy-plugin/maven-metadata.xml, locally cached metadata up-to-date.
[DEBUG] Failure to find org.apache.maven.plugins:maven-deploy-plugin/maven-metadata.xml in https://packages.atlassian.com/maven/repository/public/ was cached in the local repository, resolution will not be reattempted until the update interval of atlassian-plugins has elapsed or updates are forced
[DEBUG] Skipped remote request for org.apache.maven.plugins:maven-deploy-plugin/maven-metadata.xml, locally cached metadata up-to-date.
[DEBUG] Ignoring incompatible plugin version 4.0.0-beta-2: The plugin org.apache.maven.plugins:maven-deploy-plugin:4.0.0-beta-2 requires Maven version 4.0.0-rc-2
[DEBUG] Ignoring incompatible plugin version 4.0.0-beta-1: The plugin org.apache.maven.plugins:maven-deploy-plugin:4.0.0-beta-1 requires Maven version 4.0.0-beta-3
[DEBUG] Ignoring incompatible plugin version 3.1.4: The plugin org.apache.maven.plugins:maven-deploy-plugin:3.1.4 requires Maven version 3.6.3
[DEBUG] Ignoring incompatible plugin version 3.1.3: The plugin org.apache.maven.plugins:maven-deploy-plugin:3.1.3 requires Maven version 3.6.3
[DEBUG] Ignoring incompatible plugin version 3.1.2: The plugin org.apache.maven.plugins:maven-deploy-plugin:3.1.2 requires Maven version 3.6.3
[DEBUG] Resolved plugin version for org.apache.maven.plugins:maven-deploy-plugin to 3.1.1 from repository maven-central (https://repo1.maven.org/maven2/, default, releases+snapshots)
[DEBUG] Lifecycle default -> [validate, initialize, generate-sources, process-sources, generate-resources, process-resources, compile, process-classes, generate-test-sources, process-test-sources, generate-test-resources, process-test-resources, test-compile, process-test-classes, test, prepare-package, package, pre-integration-test, integration-test, post-integration-test, verify, install, deploy]
[DEBUG] Lifecycle clean -> [pre-clean, clean, post-clean]
[DEBUG] Lifecycle site -> [pre-site, site, post-site, site-deploy]
[DEBUG] Lifecycle default -> [validate, initialize, generate-sources, process-sources, generate-resources, process-resources, compile, process-classes, generate-test-sources, process-test-sources, generate-test-resources, process-test-resources, test-compile, process-test-classes, test, prepare-package, package, pre-integration-test, integration-test, post-integration-test, verify, install, deploy]
[DEBUG] Lifecycle clean -> [pre-clean, clean, post-clean]
[DEBUG] Lifecycle site -> [pre-site, site, post-site, site-deploy]
[DEBUG] Lifecycle default -> [validate, initialize, generate-sources, process-sources, generate-resources, process-resources, compile, process-classes, generate-test-sources, process-test-sources, generate-test-resources, process-test-resources, test-compile, process-test-classes, test, prepare-package, package, pre-integration-test, integration-test, post-integration-test, verify, install, deploy]
[DEBUG] Lifecycle clean -> [pre-clean, clean, post-clean]
[DEBUG] Lifecycle site -> [pre-site, site, post-site, site-deploy]
[DEBUG] Lifecycle default -> [validate, initialize, generate-sources, process-sources, generate-resources, process-resources, compile, process-classes, generate-test-sources, process-test-sources, generate-test-resources, process-test-resources, test-compile, process-test-classes, test, prepare-package, package, pre-integration-test, integration-test, post-integration-test, verify, install, deploy]
[DEBUG] Lifecycle clean -> [pre-clean, clean, post-clean]
[DEBUG] Lifecycle site -> [pre-site, site, post-site, site-deploy]
[DEBUG] Lifecycle default -> [validate, initialize, generate-sources, process-sources, generate-resources, process-resources, compile, process-classes, generate-test-sources, process-test-sources, generate-test-resources, process-test-resources, test-compile, process-test-classes, test, prepare-package, package, pre-integration-test, integration-test, post-integration-test, verify, install, deploy]
[DEBUG] Lifecycle clean -> [pre-clean, clean, post-clean]
[DEBUG] Lifecycle site -> [pre-site, site, post-site, site-deploy]
[DEBUG] Lifecycle default -> [validate, initialize, generate-sources, process-sources, generate-resources, process-resources, compile, process-classes, generate-test-sources, process-test-sources, generate-test-resources, process-test-resources, test-compile, process-test-classes, test, prepare-package, package, pre-integration-test, integration-test, post-integration-test, verify, install, deploy]
[DEBUG] Lifecycle clean -> [pre-clean, clean, post-clean]
[DEBUG] Lifecycle site -> [pre-site, site, post-site, site-deploy]
[DEBUG] Lifecycle default -> [validate, initialize, generate-sources, process-sources, generate-resources, process-resources, compile, process-classes, generate-test-sources, process-test-sources, generate-test-resources, process-test-resources, test-compile, process-test-classes, test, prepare-package, package, pre-integration-test, integration-test, post-integration-test, verify, install, deploy]
[DEBUG] Lifecycle clean -> [pre-clean, clean, post-clean]
[DEBUG] Lifecycle site -> [pre-site, site, post-site, site-deploy]
[DEBUG] Lifecycle default -> [validate, initialize, generate-sources, process-sources, generate-resources, process-resources, compile, process-classes, generate-test-sources, process-test-sources, generate-test-resources, process-test-resources, test-compile, process-test-classes, test, prepare-package, package, pre-integration-test, integration-test, post-integration-test, verify, install, deploy]
[DEBUG] Lifecycle clean -> [pre-clean, clean, post-clean]
[DEBUG] Lifecycle site -> [pre-site, site, post-site, site-deploy]
[DEBUG] Lifecycle default -> [validate, initialize, generate-sources, process-sources, generate-resources, process-resources, compile, process-classes, generate-test-sources, process-test-sources, generate-test-resources, process-test-resources, test-compile, process-test-classes, test, prepare-package, package, pre-integration-test, integration-test, post-integration-test, verify, install, deploy]
[DEBUG] Lifecycle clean -> [pre-clean, clean, post-clean]
[DEBUG] Lifecycle site -> [pre-site, site, post-site, site-deploy]
[DEBUG] Lifecycle default -> [validate, initialize, generate-sources, process-sources, generate-resources, process-resources, compile, process-classes, generate-test-sources, process-test-sources, generate-test-resources, process-test-resources, test-compile, process-test-classes, test, prepare-package, package, pre-integration-test, integration-test, post-integration-test, verify, install, deploy]
[DEBUG] Lifecycle clean -> [pre-clean, clean, post-clean]
[DEBUG] Lifecycle site -> [pre-site, site, post-site, site-deploy]
[DEBUG] Lifecycle default -> [validate, initialize, generate-sources, process-sources, generate-resources, process-resources, compile, process-classes, generate-test-sources, process-test-sources, generate-test-resources, process-test-resources, test-compile, process-test-classes, test, prepare-package, package, pre-integration-test, integration-test, post-integration-test, verify, install, deploy]
[DEBUG] Lifecycle clean -> [pre-clean, clean, post-clean]
[DEBUG] Lifecycle site -> [pre-site, site, post-site, site-deploy]
[DEBUG] Lifecycle default -> [validate, initialize, generate-sources, process-sources, generate-resources, process-resources, compile, process-classes, generate-test-sources, process-test-sources, generate-test-resources, process-test-resources, test-compile, process-test-classes, test, prepare-package, package, pre-integration-test, integration-test, post-integration-test, verify, install, deploy]
[DEBUG] Lifecycle clean -> [pre-clean, clean, post-clean]
[DEBUG] Lifecycle site -> [pre-site, site, post-site, site-deploy]
[DEBUG] Lifecycle default -> [validate, initialize, generate-sources, process-sources, generate-resources, process-resources, compile, process-classes, generate-test-sources, process-test-sources, generate-test-resources, process-test-resources, test-compile, process-test-classes, test, prepare-package, package, pre-integration-test, integration-test, post-integration-test, verify, install, deploy]
[DEBUG] Lifecycle clean -> [pre-clean, clean, post-clean]
[DEBUG] Lifecycle site -> [pre-site, site, post-site, site-deploy]
[DEBUG] Lifecycle default -> [validate, initialize, generate-sources, process-sources, generate-resources, process-resources, compile, process-classes, generate-test-sources, process-test-sources, generate-test-resources, process-test-resources, test-compile, process-test-classes, test, prepare-package, package, pre-integration-test, integration-test, post-integration-test, verify, install, deploy]
[DEBUG] Lifecycle clean -> [pre-clean, clean, post-clean]
[DEBUG] Lifecycle site -> [pre-site, site, post-site, site-deploy]
[DEBUG] === PROJECT BUILD PLAN ================================================
[DEBUG] Project:       com.mindproapps.jira:integracaoponto:1.1.18
[DEBUG] Dependencies (collect): []
[DEBUG] Dependencies (resolve): [compile, test]
[DEBUG] Repositories (dependencies): [maven-central (https://repo1.maven.org/maven2/, default, releases), atlassian-proxy (https://packages.atlassian.com/maven-atlassian-all/, default, releases+snapshots), aspose (https://releases.aspose.com/java/repo/, default, releases+snapshots), gradle-plugins (https://plugins.gradle.org/m2/, default, releases+snapshots), clojars (https://clojars.org/repo/, default, releases+snapshots), atlassian-public (https://maven.atlassian.com/repository/public, default, releases+snapshots), central (https://repo1.maven.org/maven2, default, releases+snapshots)]
[DEBUG] Repositories (plugins)     : [maven-central (https://repo1.maven.org/maven2/, default, releases+snapshots), atlassian-plugins (https://packages.atlassian.com/maven/repository/public/, default, releases+snapshots), central (https://repo.maven.apache.org/maven2, default, releases)]
[DEBUG] -----------------------------------------------------------------------
[DEBUG] Goal:          org.apache.maven.plugins:maven-clean-plugin:2.5:clean (default-clean)
[DEBUG] Style:         Regular
[DEBUG] Configuration: <?xml version="1.0" encoding="UTF-8"?>
<configuration>
  <directory default-value="${project.build.directory}"/>
  <excludeDefaultDirectories default-value="false">${clean.excludeDefaultDirectories}</excludeDefaultDirectories>
  <failOnError default-value="true">${maven.clean.failOnError}</failOnError>
  <followSymLinks default-value="false">${clean.followSymLinks}</followSymLinks>
  <outputDirectory default-value="${project.build.outputDirectory}"/>
  <reportDirectory default-value="${project.reporting.outputDirectory}"/>
  <retryOnError default-value="true">${maven.clean.retryOnError}</retryOnError>
  <skip default-value="false">${clean.skip}</skip>
  <testOutputDirectory default-value="${project.build.testOutputDirectory}"/>
  <verbose>${clean.verbose}</verbose>
</configuration>
[DEBUG] -----------------------------------------------------------------------
[DEBUG] Goal:          com.atlassian.maven.plugins:maven-amps-plugin:6.3.21:compress-resources (default-compress-resources)
[DEBUG] Style:         Regular
[DEBUG] Configuration: <?xml version="1.0" encoding="UTF-8"?>
<configuration>
  <buildTestPlugin default-value="false">${buildTestPlugin}</buildTestPlugin>
  <closureJsCompiler default-value="false">${closure.js.compiler}</closureJsCompiler>
  <compressCss default-value="true"/>
  <compressJs default-value="true"/>
  <compressResources default-value="true"/>
  <encoding default-value="${project.build.sourceEncoding}">${encoding}</encoding>
  <excludeAllTestDependencies default-value="false">${excludeAllTestDependencies}</excludeAllTestDependencies>
  <forceUpdateCheck default-value="false">${force.update.check}</forceUpdateCheck>
  <offline default-value="${settings.offline}">${offline}</offline>
  <pluginArtifactId>${plugin.artifactId}</pluginArtifactId>
  <pluginVersion>${plugin.version}</pluginVersion>
  <project>${project}</project>
  <reactor>${reactorProjects}</reactor>
  <session>${session}</session>
  <skipAllPrompts default-value="false">${skipAllPrompts}</skipAllPrompts>
  <skipAmpsPomCheck default-value="false">${skip.amps.pom.check}</skipAmpsPomCheck>
  <skipMinifiedJs default-value="false">${js.compiler.skip.minified}</skipMinifiedJs>
  <useFastdevCli default-value="true">${useFastdevCli}</useFastdevCli>
  <versionOverrides>${version.override.set}</versionOverrides>
  <versionOverridesPath>${version.override.path}</versionOverridesPath>
</configuration>
[DEBUG] -----------------------------------------------------------------------
[DEBUG] Goal:          org.apache.maven.plugins:maven-resources-plugin:3.3.1:resources (default-resources)
[DEBUG] Style:         Regular
[DEBUG] Configuration: <?xml version="1.0" encoding="UTF-8"?>
<configuration>
  <addDefaultExcludes default-value="true"/>
  <buildFilters default-value="${project.build.filters}"/>
  <encoding default-value="${project.build.sourceEncoding}"/>
  <escapeWindowsPaths default-value="true"/>
  <fileNameFiltering default-value="false"/>
  <includeEmptyDirs default-value="false"/>
  <outputDirectory default-value="${project.build.outputDirectory}"/>
  <overwrite default-value="false"/>
  <project default-value="${project}"/>
  <resources default-value="${project.resources}"/>
  <session default-value="${session}"/>
  <skip default-value="false">${maven.resources.skip}</skip>
  <supportMultiLineFiltering default-value="false"/>
  <useBuildFilters default-value="true"/>
  <useDefaultDelimiters default-value="true"/>
</configuration>
[DEBUG] -----------------------------------------------------------------------
[DEBUG] Goal:          com.atlassian.maven.plugins:maven-amps-plugin:6.3.21:filter-plugin-descriptor (default-filter-plugin-descriptor)
[DEBUG] Style:         Regular
[DEBUG] Configuration: <?xml version="1.0" encoding="UTF-8"?>
<configuration>
  <buildTestPlugin default-value="false">${buildTestPlugin}</buildTestPlugin>
  <closureJsCompiler default-value="false">${closure.js.compiler}</closureJsCompiler>
  <encoding default-value="${project.build.sourceEncoding}">${encoding}</encoding>
  <excludeAllTestDependencies default-value="false">${excludeAllTestDependencies}</excludeAllTestDependencies>
  <forceUpdateCheck default-value="false">${force.update.check}</forceUpdateCheck>
  <offline default-value="${settings.offline}">${offline}</offline>
  <pluginArtifactId>${plugin.artifactId}</pluginArtifactId>
  <pluginVersion>${plugin.version}</pluginVersion>
  <project>${project}</project>
  <reactor>${reactorProjects}</reactor>
  <session>${session}</session>
  <skipAllPrompts default-value="false">${skipAllPrompts}</skipAllPrompts>
  <skipAmpsPomCheck default-value="false">${skip.amps.pom.check}</skipAmpsPomCheck>
  <skipMinifiedJs default-value="false">${js.compiler.skip.minified}</skipMinifiedJs>
  <useFastdevCli default-value="true">${useFastdevCli}</useFastdevCli>
  <versionOverrides>${version.override.set}</versionOverrides>
  <versionOverridesPath>${version.override.path}</versionOverridesPath>
</configuration>
[DEBUG] -----------------------------------------------------------------------
[DEBUG] Goal:          org.apache.maven.plugins:maven-compiler-plugin:3.12.1:compile (default-compile)
[DEBUG] Style:         Regular
[DEBUG] Configuration: <?xml version="1.0" encoding="UTF-8"?>
<configuration>
  <annotationProcessorPathsUseDepMgmt default-value="false"/>
  <basedir default-value="${basedir}"/>
  <buildDirectory default-value="${project.build.directory}"/>
  <compilePath default-value="${project.compileClasspathElements}"/>
  <compileSourceRoots default-value="${project.compileSourceRoots}"/>
  <compilerId default-value="javac">${maven.compiler.compilerId}</compilerId>
  <compilerReuseStrategy default-value="${reuseCreated}">${maven.compiler.compilerReuseStrategy}</compilerReuseStrategy>
  <compilerVersion>${maven.compiler.compilerVersion}</compilerVersion>
  <createMissingPackageInfoClass default-value="true">${maven.compiler.createMissingPackageInfoClass}</createMissingPackageInfoClass>
  <debug default-value="true">${maven.compiler.debug}</debug>
  <debugFileName default-value="javac"/>
  <debuglevel>${maven.compiler.debuglevel}</debuglevel>
  <enablePreview default-value="false">${maven.compiler.enablePreview}</enablePreview>
  <encoding default-value="${project.build.sourceEncoding}">${encoding}</encoding>
  <executable>${maven.compiler.executable}</executable>
  <failOnError default-value="true">${maven.compiler.failOnError}</failOnError>
  <failOnWarning default-value="false">${maven.compiler.failOnWarning}</failOnWarning>
  <fileExtensions default-value="class,jar"/>
  <forceJavacCompilerUse default-value="false">${maven.compiler.forceJavacCompilerUse}</forceJavacCompilerUse>
  <fork default-value="false">${maven.compiler.fork}</fork>
  <generatedSourcesDirectory default-value="${project.build.directory}/generated-sources/annotations"/>
  <implicit>${maven.compiler.implicit}</implicit>
  <maxmem>${maven.compiler.maxmem}</maxmem>
  <meminitial>${maven.compiler.meminitial}</meminitial>
  <mojoExecution default-value="${mojoExecution}"/>
  <optimize default-value="false">${maven.compiler.optimize}</optimize>
  <outputDirectory default-value="${project.build.outputDirectory}">${maven.compiler.outputDirectory}</outputDirectory>
  <outputTimestamp default-value="${project.build.outputTimestamp}"/>
  <parameters default-value="false">${maven.compiler.parameters}</parameters>
  <project default-value="${project}"/>
  <projectArtifact default-value="${project.artifact}"/>
  <release>${maven.compiler.release}</release>
  <session default-value="${session}"/>
  <showCompilationChanges default-value="false">${maven.compiler.showCompilationChanges}</showCompilationChanges>
  <showDeprecation default-value="false">${maven.compiler.showDeprecation}</showDeprecation>
  <showWarnings default-value="true">${maven.compiler.showWarnings}</showWarnings>
  <skipMain>${maven.main.skip}</skipMain>
  <skipMultiThreadWarning default-value="false">${maven.compiler.skipMultiThreadWarning}</skipMultiThreadWarning>
  <source default-value="1.8">${maven.compiler.source}</source>
  <staleMillis default-value="0">${lastModGranularityMs}</staleMillis>
  <target default-value="1.8">${maven.compiler.target}</target>
  <useIncrementalCompilation default-value="true">${maven.compiler.useIncrementalCompilation}</useIncrementalCompilation>
  <verbose default-value="false">${maven.compiler.verbose}</verbose>
</configuration>
[DEBUG] -----------------------------------------------------------------------
[DEBUG] Goal:          com.atlassian.maven.plugins:maven-amps-plugin:6.3.21:generate-rest-docs (default-generate-rest-docs)
[DEBUG] Style:         Regular
[DEBUG] Configuration: <?xml version="1.0" encoding="UTF-8"?>
<configuration>
  <buildTestPlugin default-value="false">${buildTestPlugin}</buildTestPlugin>
  <closureJsCompiler default-value="false">${closure.js.compiler}</closureJsCompiler>
  <encoding default-value="${project.build.sourceEncoding}">${encoding}</encoding>
  <excludeAllTestDependencies default-value="false">${excludeAllTestDependencies}</excludeAllTestDependencies>
  <forceUpdateCheck default-value="false">${force.update.check}</forceUpdateCheck>
  <offline default-value="${settings.offline}">${offline}</offline>
  <pluginArtifactId>${plugin.artifactId}</pluginArtifactId>
  <pluginVersion>${plugin.version}</pluginVersion>
  <project>${project}</project>
  <reactor>${reactorProjects}</reactor>
  <session>${session}</session>
  <skipAllPrompts default-value="false">${skipAllPrompts}</skipAllPrompts>
  <skipAmpsPomCheck default-value="false">${skip.amps.pom.check}</skipAmpsPomCheck>
  <skipMinifiedJs default-value="false">${js.compiler.skip.minified}</skipMinifiedJs>
  <skipRestDocGeneration>${rest.doc.generation.skip}</skipRestDocGeneration>
  <useFastdevCli default-value="true">${useFastdevCli}</useFastdevCli>
  <versionOverrides>${version.override.set}</versionOverrides>
  <versionOverridesPath>${version.override.path}</versionOverridesPath>
</configuration>
[DEBUG] -----------------------------------------------------------------------
[DEBUG] Goal:          org.apache.maven.plugins:maven-resources-plugin:3.3.1:testResources (default-testResources)
[DEBUG] Style:         Regular
[DEBUG] Configuration: <?xml version="1.0" encoding="UTF-8"?>
<configuration>
  <addDefaultExcludes default-value="true"/>
  <buildFilters default-value="${project.build.filters}"/>
  <encoding default-value="${project.build.sourceEncoding}"/>
  <escapeWindowsPaths default-value="true"/>
  <fileNameFiltering default-value="false"/>
  <includeEmptyDirs default-value="false"/>
  <outputDirectory default-value="${project.build.testOutputDirectory}"/>
  <overwrite default-value="false"/>
  <project default-value="${project}"/>
  <resources default-value="${project.testResources}"/>
  <session default-value="${session}"/>
  <skip default-value="false">${maven.test.skip}</skip>
  <supportMultiLineFiltering default-value="false"/>
  <useBuildFilters default-value="true"/>
  <useDefaultDelimiters default-value="true"/>
</configuration>
[DEBUG] -----------------------------------------------------------------------
[DEBUG] Goal:          com.atlassian.maven.plugins:maven-amps-plugin:6.3.21:filter-test-plugin-descriptor (default-filter-test-plugin-descriptor)
[DEBUG] Style:         Regular
[DEBUG] Configuration: <?xml version="1.0" encoding="UTF-8"?>
<configuration>
  <buildTestPlugin default-value="false">${buildTestPlugin}</buildTestPlugin>
  <closureJsCompiler default-value="false">${closure.js.compiler}</closureJsCompiler>
  <encoding default-value="${project.build.sourceEncoding}">${encoding}</encoding>
  <excludeAllTestDependencies default-value="false">${excludeAllTestDependencies}</excludeAllTestDependencies>
  <forceUpdateCheck default-value="false">${force.update.check}</forceUpdateCheck>
  <offline default-value="${settings.offline}">${offline}</offline>
  <pluginArtifactId>${plugin.artifactId}</pluginArtifactId>
  <pluginVersion>${plugin.version}</pluginVersion>
  <project>${project}</project>
  <reactor>${reactorProjects}</reactor>
  <session>${session}</session>
  <skipAllPrompts default-value="false">${skipAllPrompts}</skipAllPrompts>
  <skipAmpsPomCheck default-value="false">${skip.amps.pom.check}</skipAmpsPomCheck>
  <skipMinifiedJs default-value="false">${js.compiler.skip.minified}</skipMinifiedJs>
  <useFastdevCli default-value="true">${useFastdevCli}</useFastdevCli>
  <versionOverrides>${version.override.set}</versionOverrides>
  <versionOverridesPath>${version.override.path}</versionOverridesPath>
</configuration>
[DEBUG] -----------------------------------------------------------------------
[DEBUG] Goal:          org.apache.maven.plugins:maven-compiler-plugin:3.12.1:testCompile (default-testCompile)
[DEBUG] Style:         Regular
[DEBUG] Configuration: <?xml version="1.0" encoding="UTF-8"?>
<configuration>
  <annotationProcessorPathsUseDepMgmt default-value="false"/>
  <basedir default-value="${basedir}"/>
  <buildDirectory default-value="${project.build.directory}"/>
  <compileSourceRoots default-value="${project.testCompileSourceRoots}"/>
  <compilerId default-value="javac">${maven.compiler.compilerId}</compilerId>
  <compilerReuseStrategy default-value="${reuseCreated}">${maven.compiler.compilerReuseStrategy}</compilerReuseStrategy>
  <compilerVersion>${maven.compiler.compilerVersion}</compilerVersion>
  <createMissingPackageInfoClass default-value="true">${maven.compiler.createMissingPackageInfoClass}</createMissingPackageInfoClass>
  <debug default-value="true">${maven.compiler.debug}</debug>
  <debugFileName default-value="javac-test"/>
  <debuglevel>${maven.compiler.debuglevel}</debuglevel>
  <enablePreview default-value="false">${maven.compiler.enablePreview}</enablePreview>
  <encoding default-value="${project.build.sourceEncoding}">${encoding}</encoding>
  <executable>${maven.compiler.executable}</executable>
  <failOnError default-value="true">${maven.compiler.failOnError}</failOnError>
  <failOnWarning default-value="false">${maven.compiler.failOnWarning}</failOnWarning>
  <fileExtensions default-value="class,jar"/>
  <forceJavacCompilerUse default-value="false">${maven.compiler.forceJavacCompilerUse}</forceJavacCompilerUse>
  <fork default-value="false">${maven.compiler.fork}</fork>
  <generatedTestSourcesDirectory default-value="${project.build.directory}/generated-test-sources/test-annotations"/>
  <implicit>${maven.compiler.implicit}</implicit>
  <maxmem>${maven.compiler.maxmem}</maxmem>
  <meminitial>${maven.compiler.meminitial}</meminitial>
  <mojoExecution default-value="${mojoExecution}"/>
  <optimize default-value="false">${maven.compiler.optimize}</optimize>
  <outputDirectory default-value="${project.build.testOutputDirectory}"/>
  <outputTimestamp default-value="${project.build.outputTimestamp}"/>
  <parameters default-value="false">${maven.compiler.parameters}</parameters>
  <project default-value="${project}"/>
  <release>${maven.compiler.release}</release>
  <session default-value="${session}"/>
  <showCompilationChanges default-value="false">${maven.compiler.showCompilationChanges}</showCompilationChanges>
  <showDeprecation default-value="false">${maven.compiler.showDeprecation}</showDeprecation>
  <showWarnings default-value="true">${maven.compiler.showWarnings}</showWarnings>
  <skip>${maven.test.skip}</skip>
  <skipMultiThreadWarning default-value="false">${maven.compiler.skipMultiThreadWarning}</skipMultiThreadWarning>
  <source default-value="1.8">${maven.compiler.source}</source>
  <staleMillis default-value="0">${lastModGranularityMs}</staleMillis>
  <target default-value="1.8">${maven.compiler.target}</target>
  <testPath default-value="${project.testClasspathElements}"/>
  <testRelease>${maven.compiler.testRelease}</testRelease>
  <testSource>${maven.compiler.testSource}</testSource>
  <testTarget>${maven.compiler.testTarget}</testTarget>
  <useIncrementalCompilation default-value="true">${maven.compiler.useIncrementalCompilation}</useIncrementalCompilation>
  <useModulePath default-value="true"/>
  <verbose default-value="false">${maven.compiler.verbose}</verbose>
</configuration>
[DEBUG] -----------------------------------------------------------------------
[DEBUG] Goal:          com.atlassian.maven.plugins:maven-amps-plugin:6.3.21:unit-test (default-unit-test)
[DEBUG] Style:         Regular
[DEBUG] Configuration: <?xml version="1.0" encoding="UTF-8"?>
<configuration>
  <buildTestPlugin default-value="false">${buildTestPlugin}</buildTestPlugin>
  <closureJsCompiler default-value="false">${closure.js.compiler}</closureJsCompiler>
  <encoding default-value="${project.build.sourceEncoding}">${encoding}</encoding>
  <excludeAllTestDependencies default-value="false">${excludeAllTestDependencies}</excludeAllTestDependencies>
  <forceUpdateCheck default-value="false">${force.update.check}</forceUpdateCheck>
  <offline default-value="${settings.offline}">${offline}</offline>
  <pluginArtifactId>${plugin.artifactId}</pluginArtifactId>
  <pluginVersion>${plugin.version}</pluginVersion>
  <project>${project}</project>
  <reactor>${reactorProjects}</reactor>
  <session>${session}</session>
  <skipAllPrompts default-value="false">${skipAllPrompts}</skipAllPrompts>
  <skipAmpsPomCheck default-value="false">${skip.amps.pom.check}</skipAmpsPomCheck>
  <skipMinifiedJs default-value="false">${js.compiler.skip.minified}</skipMinifiedJs>
  <skipUTs default-value="false">${skipUTs}</skipUTs>
  <useFastdevCli default-value="true">${useFastdevCli}</useFastdevCli>
  <versionOverrides>${version.override.set}</versionOverrides>
  <versionOverridesPath>${version.override.path}</versionOverridesPath>
</configuration>
[DEBUG] -----------------------------------------------------------------------
[DEBUG] Goal:          com.atlassian.maven.plugins:maven-amps-plugin:6.3.21:copy-bundled-dependencies (default-copy-bundled-dependencies)
[DEBUG] Style:         Regular
[DEBUG] Configuration: <?xml version="1.0" encoding="UTF-8"?>
<configuration>
  <buildTestPlugin default-value="false">${buildTestPlugin}</buildTestPlugin>
  <closureJsCompiler default-value="false">${closure.js.compiler}</closureJsCompiler>
  <encoding default-value="${project.build.sourceEncoding}">${encoding}</encoding>
  <excludeAllTestDependencies default-value="false">${excludeAllTestDependencies}</excludeAllTestDependencies>
  <extractDependencies default-value="true">${extractDependencies}</extractDependencies>
  <forceUpdateCheck default-value="false">${force.update.check}</forceUpdateCheck>
  <offline default-value="${settings.offline}">${offline}</offline>
  <pluginArtifactId>${plugin.artifactId}</pluginArtifactId>
  <pluginVersion>${plugin.version}</pluginVersion>
  <project>${project}</project>
  <reactor>${reactorProjects}</reactor>
  <session>${session}</session>
  <skipAllPrompts default-value="false">${skipAllPrompts}</skipAllPrompts>
  <skipAmpsPomCheck default-value="false">${skip.amps.pom.check}</skipAmpsPomCheck>
  <skipMinifiedJs default-value="false">${js.compiler.skip.minified}</skipMinifiedJs>
  <useFastdevCli default-value="true">${useFastdevCli}</useFastdevCli>
  <versionOverrides>${version.override.set}</versionOverrides>
  <versionOverridesPath>${version.override.path}</versionOverridesPath>
</configuration>
[DEBUG] -----------------------------------------------------------------------
[DEBUG] Goal:          com.atlassian.maven.plugins:maven-amps-plugin:6.3.21:copy-test-bundled-dependencies (default-copy-test-bundled-dependencies)
[DEBUG] Style:         Regular
[DEBUG] Configuration: <?xml version="1.0" encoding="UTF-8"?>
<configuration>
  <allowGoogleTracking default-value="true">${allow.google.tracking}</allowGoogleTracking>
  <buildTestPlugin default-value="false">${buildTestPlugin}</buildTestPlugin>
  <closureJsCompiler default-value="false">${closure.js.compiler}</closureJsCompiler>
  <encoding default-value="${project.build.sourceEncoding}">${encoding}</encoding>
  <excludeAllTestDependencies default-value="false">${excludeAllTestDependencies}</excludeAllTestDependencies>
  <extractTestDependencies default-value="false">${extractTestDependencies}</extractTestDependencies>
  <forceUpdateCheck default-value="false">${force.update.check}</forceUpdateCheck>
  <instanceId>${instanceId}</instanceId>
  <offline default-value="${settings.offline}">${offline}</offline>
  <pluginArtifactId>${plugin.artifactId}</pluginArtifactId>
  <pluginVersion>${plugin.version}</pluginVersion>
  <product>jira</product>
  <project>${project}</project>
  <reactor>${reactorProjects}</reactor>
  <session>${session}</session>
  <skipAllPrompts default-value="false">${skipAllPrompts}</skipAllPrompts>
  <skipAmpsPomCheck default-value="false">${skip.amps.pom.check}</skipAmpsPomCheck>
  <skipMinifiedJs default-value="false">${js.compiler.skip.minified}</skipMinifiedJs>
  <useFastdevCli default-value="true">${useFastdevCli}</useFastdevCli>
  <versionOverrides>${version.override.set}</versionOverrides>
  <versionOverridesPath>${version.override.path}</versionOverridesPath>
</configuration>
[DEBUG] -----------------------------------------------------------------------
[DEBUG] Goal:          com.atlassian.maven.plugins:maven-amps-plugin:6.3.21:generate-manifest (default-generate-manifest)
[DEBUG] Style:         Regular
[DEBUG] Configuration: <?xml version="1.0" encoding="UTF-8"?>
<configuration>
  <buildTestPlugin default-value="false">${buildTestPlugin}</buildTestPlugin>
  <closureJsCompiler default-value="false">${closure.js.compiler}</closureJsCompiler>
  <encoding default-value="${project.build.sourceEncoding}">${encoding}</encoding>
  <excludeAllTestDependencies default-value="false">${excludeAllTestDependencies}</excludeAllTestDependencies>
  <forceUpdateCheck default-value="false">${force.update.check}</forceUpdateCheck>
  <offline default-value="${settings.offline}">${offline}</offline>
  <pluginArtifactId>${plugin.artifactId}</pluginArtifactId>
  <pluginVersion>${plugin.version}</pluginVersion>
  <project>${project}</project>
  <reactor>${reactorProjects}</reactor>
  <session>${session}</session>
  <skipAllPrompts default-value="false">${skipAllPrompts}</skipAllPrompts>
  <skipAmpsPomCheck default-value="false">${skip.amps.pom.check}</skipAmpsPomCheck>
  <skipMinifiedJs default-value="false">${js.compiler.skip.minified}</skipMinifiedJs>
  <useFastdevCli default-value="true">${useFastdevCli}</useFastdevCli>
  <versionOverrides>${version.override.set}</versionOverrides>
  <versionOverridesPath>${version.override.path}</versionOverridesPath>
</configuration>
[DEBUG] -----------------------------------------------------------------------
[DEBUG] Goal:          com.atlassian.maven.plugins:maven-amps-plugin:6.3.21:generate-test-manifest (default-generate-test-manifest)
[DEBUG] Style:         Regular
[DEBUG] Configuration: <?xml version="1.0" encoding="UTF-8"?>
<configuration>
  <buildTestPlugin default-value="false">${buildTestPlugin}</buildTestPlugin>
  <closureJsCompiler default-value="false">${closure.js.compiler}</closureJsCompiler>
  <encoding default-value="${project.build.sourceEncoding}">${encoding}</encoding>
  <excludeAllTestDependencies default-value="false">${excludeAllTestDependencies}</excludeAllTestDependencies>
  <finalName>${project.build.finalName}</finalName>
  <forceUpdateCheck default-value="false">${force.update.check}</forceUpdateCheck>
  <offline default-value="${settings.offline}">${offline}</offline>
  <pluginArtifactId>${plugin.artifactId}</pluginArtifactId>
  <pluginVersion>${plugin.version}</pluginVersion>
  <project>${project}</project>
  <reactor>${reactorProjects}</reactor>
  <session>${session}</session>
  <skipAllPrompts default-value="false">${skipAllPrompts}</skipAllPrompts>
  <skipAmpsPomCheck default-value="false">${skip.amps.pom.check}</skipAmpsPomCheck>
  <skipMinifiedJs default-value="false">${js.compiler.skip.minified}</skipMinifiedJs>
  <useFastdevCli default-value="true">${useFastdevCli}</useFastdevCli>
  <versionOverrides>${version.override.set}</versionOverrides>
  <versionOverridesPath>${version.override.path}</versionOverridesPath>
</configuration>
[DEBUG] -----------------------------------------------------------------------
[DEBUG] Goal:          com.atlassian.maven.plugins:maven-amps-plugin:6.3.21:validate-manifest (default-validate-manifest)
[DEBUG] Style:         Regular
[DEBUG] Configuration: <?xml version="1.0" encoding="UTF-8"?>
<configuration>
  <buildTestPlugin default-value="false">${buildTestPlugin}</buildTestPlugin>
  <closureJsCompiler default-value="false">${closure.js.compiler}</closureJsCompiler>
  <encoding default-value="${project.build.sourceEncoding}">${encoding}</encoding>
  <excludeAllTestDependencies default-value="false">${excludeAllTestDependencies}</excludeAllTestDependencies>
  <forceUpdateCheck default-value="false">${force.update.check}</forceUpdateCheck>
  <offline default-value="${settings.offline}">${offline}</offline>
  <pluginArtifactId>${plugin.artifactId}</pluginArtifactId>
  <pluginVersion>${plugin.version}</pluginVersion>
  <project>${project}</project>
  <reactor>${reactorProjects}</reactor>
  <session>${session}</session>
  <skipAllPrompts default-value="false">${skipAllPrompts}</skipAllPrompts>
  <skipAmpsPomCheck default-value="false">${skip.amps.pom.check}</skipAmpsPomCheck>
  <skipManifestValidation>${manifest.validation.skip}</skipManifestValidation>
  <skipMinifiedJs default-value="false">${js.compiler.skip.minified}</skipMinifiedJs>
  <useFastdevCli default-value="true">${useFastdevCli}</useFastdevCli>
  <versionOverrides>${version.override.set}</versionOverrides>
  <versionOverridesPath>${version.override.path}</versionOverridesPath>
</configuration>
[DEBUG] -----------------------------------------------------------------------
[DEBUG] Goal:          com.atlassian.maven.plugins:maven-amps-plugin:6.3.21:jar (default-jar)
[DEBUG] Style:         Regular
[DEBUG] Configuration: <?xml version="1.0" encoding="UTF-8"?>
<configuration>
  <buildTestPlugin default-value="false">${buildTestPlugin}</buildTestPlugin>
  <closureJsCompiler default-value="false">${closure.js.compiler}</closureJsCompiler>
  <encoding default-value="${project.build.sourceEncoding}">${encoding}</encoding>
  <excludeAllTestDependencies default-value="false">${excludeAllTestDependencies}</excludeAllTestDependencies>
  <forceUpdateCheck default-value="false">${force.update.check}</forceUpdateCheck>
  <offline default-value="${settings.offline}">${offline}</offline>
  <pluginArtifactId>${plugin.artifactId}</pluginArtifactId>
  <pluginVersion>${plugin.version}</pluginVersion>
  <project>${project}</project>
  <reactor>${reactorProjects}</reactor>
  <session>${session}</session>
  <skipAllPrompts default-value="false">${skipAllPrompts}</skipAllPrompts>
  <skipAmpsPomCheck default-value="false">${skip.amps.pom.check}</skipAmpsPomCheck>
  <skipMinifiedJs default-value="false">${js.compiler.skip.minified}</skipMinifiedJs>
  <useFastdevCli default-value="true">${useFastdevCli}</useFastdevCli>
  <versionOverrides>${version.override.set}</versionOverrides>
  <versionOverridesPath>${version.override.path}</versionOverridesPath>
</configuration>
[DEBUG] -----------------------------------------------------------------------
[DEBUG] Goal:          com.atlassian.maven.plugins:maven-amps-plugin:6.3.21:generate-obr-artifact (default-generate-obr-artifact)
[DEBUG] Style:         Regular
[DEBUG] Configuration: <?xml version="1.0" encoding="UTF-8"?>
<configuration>
  <attach default-value="true">${attach}</attach>
  <buildTestPlugin default-value="false">${buildTestPlugin}</buildTestPlugin>
  <closureJsCompiler default-value="false">${closure.js.compiler}</closureJsCompiler>
  <encoding default-value="${project.build.sourceEncoding}">${encoding}</encoding>
  <excludeAllTestDependencies default-value="false">${excludeAllTestDependencies}</excludeAllTestDependencies>
  <finalName>${project.build.finalName}</finalName>
  <forceUpdateCheck default-value="false">${force.update.check}</forceUpdateCheck>
  <offline default-value="${settings.offline}">${offline}</offline>
  <outputDirectory>${project.build.directory}</outputDirectory>
  <pluginArtifactId>${plugin.artifactId}</pluginArtifactId>
  <pluginVersion>${plugin.version}</pluginVersion>
  <project>${project}</project>
  <reactor>${reactorProjects}</reactor>
  <reactorProjects>${reactorProjects}</reactorProjects>
  <session>${session}</session>
  <skipAllPrompts default-value="false">${skipAllPrompts}</skipAllPrompts>
  <skipAmpsPomCheck default-value="false">${skip.amps.pom.check}</skipAmpsPomCheck>
  <skipMinifiedJs default-value="false">${js.compiler.skip.minified}</skipMinifiedJs>
  <useFastdevCli default-value="true">${useFastdevCli}</useFastdevCli>
  <versionOverrides>${version.override.set}</versionOverrides>
  <versionOverridesPath>${version.override.path}</versionOverridesPath>
</configuration>
[DEBUG] -----------------------------------------------------------------------
[DEBUG] Goal:          com.atlassian.maven.plugins:maven-amps-plugin:6.3.21:validate-test-manifest (default-validate-test-manifest)
[DEBUG] Style:         Regular
[DEBUG] Configuration: <?xml version="1.0" encoding="UTF-8"?>
<configuration>
  <buildTestPlugin default-value="false">${buildTestPlugin}</buildTestPlugin>
  <closureJsCompiler default-value="false">${closure.js.compiler}</closureJsCompiler>
  <encoding default-value="${project.build.sourceEncoding}">${encoding}</encoding>
  <excludeAllTestDependencies default-value="false">${excludeAllTestDependencies}</excludeAllTestDependencies>
  <forceUpdateCheck default-value="false">${force.update.check}</forceUpdateCheck>
  <offline default-value="${settings.offline}">${offline}</offline>
  <pluginArtifactId>${plugin.artifactId}</pluginArtifactId>
  <pluginVersion>${plugin.version}</pluginVersion>
  <project>${project}</project>
  <reactor>${reactorProjects}</reactor>
  <session>${session}</session>
  <skipAllPrompts default-value="false">${skipAllPrompts}</skipAllPrompts>
  <skipAmpsPomCheck default-value="false">${skip.amps.pom.check}</skipAmpsPomCheck>
  <skipManifestValidation>${manifest.validation.skip}</skipManifestValidation>
  <skipMinifiedJs default-value="false">${js.compiler.skip.minified}</skipMinifiedJs>
  <useFastdevCli default-value="true">${useFastdevCli}</useFastdevCli>
  <versionOverrides>${version.override.set}</versionOverrides>
  <versionOverridesPath>${version.override.path}</versionOverridesPath>
</configuration>
[DEBUG] -----------------------------------------------------------------------
[DEBUG] Goal:          com.atlassian.maven.plugins:maven-amps-plugin:6.3.21:test-jar (default-test-jar)
[DEBUG] Style:         Regular
[DEBUG] Configuration: <?xml version="1.0" encoding="UTF-8"?>
<configuration>
  <buildTestPlugin default-value="false">${buildTestPlugin}</buildTestPlugin>
  <closureJsCompiler default-value="false">${closure.js.compiler}</closureJsCompiler>
  <encoding default-value="${project.build.sourceEncoding}">${encoding}</encoding>
  <excludeAllTestDependencies default-value="false">${excludeAllTestDependencies}</excludeAllTestDependencies>
  <finalName>${project.build.finalName}</finalName>
  <forceUpdateCheck default-value="false">${force.update.check}</forceUpdateCheck>
  <offline default-value="${settings.offline}">${offline}</offline>
  <pluginArtifactId>${plugin.artifactId}</pluginArtifactId>
  <pluginVersion>${plugin.version}</pluginVersion>
  <project>${project}</project>
  <reactor>${reactorProjects}</reactor>
  <session>${session}</session>
  <skipAllPrompts default-value="false">${skipAllPrompts}</skipAllPrompts>
  <skipAmpsPomCheck default-value="false">${skip.amps.pom.check}</skipAmpsPomCheck>
  <skipMinifiedJs default-value="false">${js.compiler.skip.minified}</skipMinifiedJs>
  <useFastdevCli default-value="true">${useFastdevCli}</useFastdevCli>
  <versionOverrides>${version.override.set}</versionOverrides>
  <versionOverridesPath>${version.override.path}</versionOverridesPath>
</configuration>
[DEBUG] -----------------------------------------------------------------------
[DEBUG] Goal:          com.atlassian.maven.plugins:maven-amps-plugin:6.3.21:prepare-database (default-prepare-database)
[DEBUG] Style:         Regular
[DEBUG] Configuration: <?xml version="1.0" encoding="UTF-8"?>
<configuration>
  <additionalResourceFolders>${additional.resource.folders}</additionalResourceFolders>
  <ajpPort default-value="8009">${ajp.port}</ajpPort>
  <allowGoogleTracking default-value="true">${allow.google.tracking}</allowGoogleTracking>
  <awaitFullInitialization default-value="true">${await.full.initialization}</awaitFullInitialization>
  <buildTestPlugin default-value="false">${buildTestPlugin}</buildTestPlugin>
  <bundledArtifactsString>${bundled.plugins}</bundledArtifactsString>
  <closureJsCompiler default-value="false">${closure.js.compiler}</closureJsCompiler>
  <containerId>${container}</containerId>
  <contextPath>${context.path}</contextPath>
  <defaultDatabase>${db.default.database}</defaultDatabase>
  <devToolboxVersion default-value="2.0.17">${devtoolbox.version}</devToolboxVersion>
  <dumpFilePath>${db.dump.file.path}</dumpFilePath>
  <enableDevToolbox default-value="true">${devtoolbox.enable}</enableDevToolbox>
  <enableFastdev default-value="true">${fastdev.enable}</enableFastdev>
  <enablePde default-value="true">${pde.enable}</enablePde>
  <enablePluginViewer default-value="false">${viewer.enable}</enablePluginViewer>
  <enableQuickReload default-value="false">${quickreload.enable}</enableQuickReload>
  <encoding default-value="${project.build.sourceEncoding}">${encoding}</encoding>
  <excludeAllTestDependencies default-value="false">${excludeAllTestDependencies}</excludeAllTestDependencies>
  <fastdevVersion default-value="2.6">${fastdev.version}</fastdevVersion>
  <finalName>${project.build.finalName}</finalName>
  <forceUpdateCheck default-value="false">${force.update.check}</forceUpdateCheck>
  <httpPort default-value="0">${http.port}</httpPort>
  <httpsClientAuth default-value="false">${https.clientAuth}</httpsClientAuth>
  <httpsHttpSecure default-value="true">${https.httpSecure}</httpsHttpSecure>
  <httpsKeyAlias default-value="tomcat">${https.keyAlias}</httpsKeyAlias>
  <httpsKeystoreFile default-value="${user.home}/.keystore">${https.keystoreFile}</httpsKeystoreFile>
  <httpsKeystorePass default-value="changeit">${https.keystorePass}</httpsKeystorePass>
  <httpsPort default-value="0">${https.port}</httpsPort>
  <httpsSslProtocol default-value="TLS">${https.sslProtocol}</httpsSslProtocol>
  <importMethod>${import.method}</importMethod>
  <installPlugin default-value="true">${install.plugin}</installPlugin>
  <instanceId>${instanceId}</instanceId>
  <jvmArgs>${jvmargs}</jvmArgs>
  <libArtifactsString>${lib.plugins}</libArtifactsString>
  <localRepository>${localRepository}</localRepository>
  <offline default-value="${settings.offline}">${offline}</offline>
  <parallel default-value="false">${parallel}</parallel>
  <pdeVersion default-value="1.2">${pde.version}</pdeVersion>
  <pdkVersion default-value="0.6"/>
  <pluginArtifactId>${plugin.artifactId}</pluginArtifactId>
  <pluginArtifactsString>${plugins}</pluginArtifactsString>
  <pluginVersion>${plugin.version}</pluginVersion>
  <pluginViewerVersion default-value="1.0.4">${viewer.version}</pluginViewerVersion>
  <product>jira</product>
  <productDataPath>${product.data.path}</productDataPath>
  <productDataVersion>${product.data.version}</productDataVersion>
  <productVersion>10.3.4</productVersion>
  <project>${project}</project>
  <quickReloadVersion default-value="1.24.1">${quickreload.version}</quickReloadVersion>
  <reactor>${reactorProjects}</reactor>
  <repositories>${project.remoteArtifactRepositories}</repositories>
  <server>${server}</server>
  <session>${session}</session>
  <shutdownTimeout>${product.stop.timeout}</shutdownTimeout>
  <skipAllPrompts default-value="false">${skipAllPrompts}</skipAllPrompts>
  <skipAmpsPomCheck default-value="false">${skip.amps.pom.check}</skipAmpsPomCheck>
  <skipMinifiedJs default-value="false">${js.compiler.skip.minified}</skipMinifiedJs>
  <skipTests default-value="false">${skipTests}</skipTests>
  <startupTimeout>${product.start.timeout}</startupTimeout>
  <systemPassword>${db.system.password}</systemPassword>
  <systemUsername>${db.system.username}</systemUsername>
  <targetDirectory>${project.build.directory}</targetDirectory>
  <testGroup>${testGroup}</testGroup>
  <testResourcesVersion>${test.resources.version}</testResourcesVersion>
  <testsSkip default-value="false">${maven.test.skip}</testsSkip>
  <useFastdevCli default-value="true">${useFastdevCli}</useFastdevCli>
  <useHttps default-value="false">${use.https}</useHttps>
  <versionOverrides>${version.override.set}</versionOverrides>
  <versionOverridesPath>${version.override.path}</versionOverridesPath>
  <webConsoleVersion default-value="1.2.8"/>
</configuration>
[DEBUG] -----------------------------------------------------------------------
[DEBUG] Goal:          com.atlassian.maven.plugins:maven-amps-plugin:6.3.21:integration-test (default-integration-test)
[DEBUG] Style:         Regular
[DEBUG] Configuration: <?xml version="1.0" encoding="UTF-8"?>
<configuration>
  <additionalResourceFolders>${additional.resource.folders}</additionalResourceFolders>
  <ajpPort default-value="8009">${ajp.port}</ajpPort>
  <allowGoogleTracking default-value="true">${allow.google.tracking}</allowGoogleTracking>
  <awaitFullInitialization default-value="true">${await.full.initialization}</awaitFullInitialization>
  <buildTestPlugin default-value="false">${buildTestPlugin}</buildTestPlugin>
  <bundledArtifactsString>${bundled.plugins}</bundledArtifactsString>
  <closureJsCompiler default-value="false">${closure.js.compiler}</closureJsCompiler>
  <configuredTestGroupsToRun>${testGroups}</configuredTestGroupsToRun>
  <containerId>${container}</containerId>
  <contextPath>${context.path}</contextPath>
  <devToolboxVersion default-value="2.0.17">${devtoolbox.version}</devToolboxVersion>
  <enableDevToolbox default-value="true">${devtoolbox.enable}</enableDevToolbox>
  <enableFastdev default-value="true">${fastdev.enable}</enableFastdev>
  <enablePde default-value="true">${pde.enable}</enablePde>
  <enablePluginViewer default-value="false">${viewer.enable}</enablePluginViewer>
  <enableQuickReload default-value="false">${quickreload.enable}</enableQuickReload>
  <encoding default-value="${project.build.sourceEncoding}">${encoding}</encoding>
  <excludeAllTestDependencies default-value="false">${excludeAllTestDependencies}</excludeAllTestDependencies>
  <fastdevVersion default-value="2.6">${fastdev.version}</fastdevVersion>
  <finalName>${project.build.finalName}</finalName>
  <forceUpdateCheck default-value="false">${force.update.check}</forceUpdateCheck>
  <functionalTestPattern>${functional.test.pattern}</functionalTestPattern>
  <httpPort default-value="0">${http.port}</httpPort>
  <httpsClientAuth default-value="false">${https.clientAuth}</httpsClientAuth>
  <httpsHttpSecure default-value="true">${https.httpSecure}</httpsHttpSecure>
  <httpsKeyAlias default-value="tomcat">${https.keyAlias}</httpsKeyAlias>
  <httpsKeystoreFile default-value="${user.home}/.keystore">${https.keystoreFile}</httpsKeystoreFile>
  <httpsKeystorePass default-value="changeit">${https.keystorePass}</httpsKeystorePass>
  <httpsPort default-value="0">${https.port}</httpsPort>
  <httpsSslProtocol default-value="TLS">${https.sslProtocol}</httpsSslProtocol>
  <installPlugin default-value="true">${install.plugin}</installPlugin>
  <instanceId>${instanceId}</instanceId>
  <jvmArgs>${jvmargs}</jvmArgs>
  <jvmDebugPort default-value="0">${jvm.debug.port}</jvmDebugPort>
  <jvmDebugSuspend>${jvm.debug.suspend}</jvmDebugSuspend>
  <libArtifactsString>${lib.plugins}</libArtifactsString>
  <localRepository>${localRepository}</localRepository>
  <noWebapp default-value="false">${no.webapp}</noWebapp>
  <offline default-value="${settings.offline}">${offline}</offline>
  <parallel default-value="false">${parallel}</parallel>
  <pdeVersion default-value="1.2">${pde.version}</pdeVersion>
  <pdkVersion default-value="0.6"/>
  <pluginArtifactId>${plugin.artifactId}</pluginArtifactId>
  <pluginArtifactsString>${plugins}</pluginArtifactsString>
  <pluginVersion>${plugin.version}</pluginVersion>
  <pluginViewerVersion default-value="1.0.4">${viewer.version}</pluginViewerVersion>
  <product>jira</product>
  <productDataPath>${product.data.path}</productDataPath>
  <productDataVersion>${product.data.version}</productDataVersion>
  <productVersion>10.3.4</productVersion>
  <project>${project}</project>
  <quickReloadVersion default-value="1.24.1">${quickreload.version}</quickReloadVersion>
  <reactor>${reactorProjects}</reactor>
  <repositories>${project.remoteArtifactRepositories}</repositories>
  <server>${server}</server>
  <session>${session}</session>
  <shutdownTimeout>${product.stop.timeout}</shutdownTimeout>
  <skipAllPrompts default-value="false">${skipAllPrompts}</skipAllPrompts>
  <skipAmpsPomCheck default-value="false">${skip.amps.pom.check}</skipAmpsPomCheck>
  <skipITVerification>${skip.IT.verification}</skipITVerification>
  <skipITs default-value="false">${skipITs}</skipITs>
  <skipMinifiedJs default-value="false">${js.compiler.skip.minified}</skipMinifiedJs>
  <skipTests default-value="false">${skipTests}</skipTests>
  <startupTimeout>${product.start.timeout}</startupTimeout>
  <targetDirectory>${project.build.directory}</targetDirectory>
  <testClassesDirectory>${project.build.testOutputDirectory}</testClassesDirectory>
  <testGroup>${testGroup}</testGroup>
  <testResourcesVersion>${test.resources.version}</testResourcesVersion>
  <testsSkip default-value="false">${maven.test.skip}</testsSkip>
  <useFastdevCli default-value="true">${useFastdevCli}</useFastdevCli>
  <useHttps default-value="false">${use.https}</useHttps>
  <versionOverrides>${version.override.set}</versionOverrides>
  <versionOverridesPath>${version.override.path}</versionOverridesPath>
  <webConsoleVersion default-value="1.2.8"/>
</configuration>
[DEBUG] -----------------------------------------------------------------------
[DEBUG] Goal:          org.apache.maven.plugins:maven-install-plugin:3.1.1:install (default-install)
[DEBUG] Style:         Regular
[DEBUG] Configuration: <?xml version="1.0" encoding="UTF-8"?>
<configuration>
  <allowIncompleteProjects default-value="false">${allowIncompleteProjects}</allowIncompleteProjects>
  <installAtEnd default-value="false">${installAtEnd}</installAtEnd>
  <pluginDescriptor default-value="${plugin}"/>
  <project default-value="${project}"/>
  <reactorProjects default-value="${reactorProjects}"/>
  <session default-value="${session}"/>
  <skip default-value="false">${maven.install.skip}</skip>
</configuration>
[DEBUG] =======================================================================
[DEBUG] Dependency collection stats: {ConflictMarker.analyzeTime=104000, ConflictMarker.markTime=82000, ConflictMarker.nodeCount=6, ConflictIdSorter.graphTime=24600, ConflictIdSorter.topsortTime=7400, ConflictIdSorter.conflictIdCount=5, ConflictIdSorter.conflictIdCycleCount=0, ConflictResolver.totalTime=663600, ConflictResolver.conflictItemCount=5, DefaultDependencyCollector.collectTime=415700, DefaultDependencyCollector.transformTime=891400}
[WARNING] The artifact servletapi:servletapi:jar:2.3 has been relocated to javax.servlet:servlet-api:jar:2.3
[DEBUG] com.mindproapps.jira:integracaoponto:atlassian-plugin:1.1.18
[DEBUG]    javax.servlet:servlet-api:jar:2.3:provided
[DEBUG]    p6spy:p6spy:jar:1.3:compile
[DEBUG]    commons-collections:commons-collections:jar:3.1:compile
[DEBUG]    commons-lang:commons-lang:jar:2.4:compile
[DEBUG]    commons-io:commons-io:jar:2.4:compile
[INFO] 
[INFO] --- maven-clean-plugin:2.5:clean (default-clean) @ integracaoponto ---
[DEBUG] Dependency collection stats: {ConflictMarker.analyzeTime=11200, ConflictMarker.markTime=11600, ConflictMarker.nodeCount=3, ConflictIdSorter.graphTime=30500, ConflictIdSorter.topsortTime=9600, ConflictIdSorter.conflictIdCount=3, ConflictIdSorter.conflictIdCycleCount=0, ConflictResolver.totalTime=78400, ConflictResolver.conflictItemCount=3, DefaultDependencyCollector.collectTime=54647500, DefaultDependencyCollector.transformTime=155100}
[DEBUG] org.apache.maven.plugins:maven-clean-plugin:jar:2.5:
[DEBUG]    org.apache.maven:maven-plugin-api:jar:2.0.6:compile
[DEBUG]    org.codehaus.plexus:plexus-utils:jar:3.0:compile
[DEBUG] Created new class realm plugin>org.apache.maven.plugins:maven-clean-plugin:2.5
[DEBUG] Importing foreign packages into class realm plugin>org.apache.maven.plugins:maven-clean-plugin:2.5
[DEBUG]   Imported:  < project>com.mindproapps.jira:integracaoponto:1.1.18
[DEBUG] Populating class realm plugin>org.apache.maven.plugins:maven-clean-plugin:2.5
[DEBUG]   Included: org.apache.maven.plugins:maven-clean-plugin:jar:2.5
[DEBUG]   Included: org.codehaus.plexus:plexus-utils:jar:3.0
[DEBUG] Configuring mojo org.apache.maven.plugins:maven-clean-plugin:2.5:clean from plugin realm ClassRealm[plugin>org.apache.maven.plugins:maven-clean-plugin:2.5, parent: jdk.internal.loader.ClassLoaders$AppClassLoader@73d16e93]
[DEBUG] Configuring mojo 'org.apache.maven.plugins:maven-clean-plugin:2.5:clean' with basic configurator -->
[DEBUG]   (f) directory = C:\Users\FernandoHorn\Documents\linx-jira-dc\jira-integracao-ponto\backend\target
[DEBUG]   (f) excludeDefaultDirectories = false
[DEBUG]   (f) failOnError = true
[DEBUG]   (f) followSymLinks = false
[DEBUG]   (f) outputDirectory = C:\Users\FernandoHorn\Documents\linx-jira-dc\jira-integracao-ponto\backend\target\classes
[DEBUG]   (f) reportDirectory = C:\Users\FernandoHorn\Documents\linx-jira-dc\jira-integracao-ponto\backend\target\site
[DEBUG]   (f) retryOnError = true
[DEBUG]   (f) skip = false
[DEBUG]   (f) testOutputDirectory = C:\Users\FernandoHorn\Documents\linx-jira-dc\jira-integracao-ponto\backend\target\test-classes
[DEBUG] -- end configuration --
[INFO] Deleting C:\Users\FernandoHorn\Documents\linx-jira-dc\jira-integracao-ponto\backend\target
[INFO] Deleting file C:\Users\FernandoHorn\Documents\linx-jira-dc\jira-integracao-ponto\backend\target\maven-status\maven-compiler-plugin\compile\default-compile\inputFiles.lst
[INFO] Deleting file C:\Users\FernandoHorn\Documents\linx-jira-dc\jira-integracao-ponto\backend\target\maven-status\maven-compiler-plugin\compile\default-compile\createdFiles.lst
[INFO] Deleting directory C:\Users\FernandoHorn\Documents\linx-jira-dc\jira-integracao-ponto\backend\target\maven-status\maven-compiler-plugin\compile\default-compile
[INFO] Deleting directory C:\Users\FernandoHorn\Documents\linx-jira-dc\jira-integracao-ponto\backend\target\maven-status\maven-compiler-plugin\compile
[INFO] Deleting directory C:\Users\FernandoHorn\Documents\linx-jira-dc\jira-integracao-ponto\backend\target\maven-status\maven-compiler-plugin
[INFO] Deleting directory C:\Users\FernandoHorn\Documents\linx-jira-dc\jira-integracao-ponto\backend\target\maven-status
[INFO] Deleting directory C:\Users\FernandoHorn\Documents\linx-jira-dc\jira-integracao-ponto\backend\target\generated-sources\annotations
[INFO] Deleting directory C:\Users\FernandoHorn\Documents\linx-jira-dc\jira-integracao-ponto\backend\target\generated-sources
[INFO] Deleting file C:\Users\FernandoHorn\Documents\linx-jira-dc\jira-integracao-ponto\backend\target\classes\templates\webworkers\settings\webapp.vm
[INFO] Deleting directory C:\Users\FernandoHorn\Documents\linx-jira-dc\jira-integracao-ponto\backend\target\classes\templates\webworkers\settings
[INFO] Deleting file C:\Users\FernandoHorn\Documents\linx-jira-dc\jira-integracao-ponto\backend\target\classes\templates\webworkers\relatorio\webapp.vm
[INFO] Deleting directory C:\Users\FernandoHorn\Documents\linx-jira-dc\jira-integracao-ponto\backend\target\classes\templates\webworkers\relatorio
[INFO] Deleting file C:\Users\FernandoHorn\Documents\linx-jira-dc\jira-integracao-ponto\backend\target\classes\templates\webworkers\logs\webapp.vm
[INFO] Deleting directory C:\Users\FernandoHorn\Documents\linx-jira-dc\jira-integracao-ponto\backend\target\classes\templates\webworkers\logs
[INFO] Deleting file C:\Users\FernandoHorn\Documents\linx-jira-dc\jira-integracao-ponto\backend\target\classes\templates\webworkers\generic\webapp-unauthorized.vm
[INFO] Deleting directory C:\Users\FernandoHorn\Documents\linx-jira-dc\jira-integracao-ponto\backend\target\classes\templates\webworkers\generic
[INFO] Deleting file C:\Users\FernandoHorn\Documents\linx-jira-dc\jira-integracao-ponto\backend\target\classes\templates\webworkers\cadastro\webapp.vm
[INFO] Deleting directory C:\Users\FernandoHorn\Documents\linx-jira-dc\jira-integracao-ponto\backend\target\classes\templates\webworkers\cadastro
[INFO] Deleting file C:\Users\FernandoHorn\Documents\linx-jira-dc\jira-integracao-ponto\backend\target\classes\templates\webworkers\aprovacao\webapp.vm
[INFO] Deleting directory C:\Users\FernandoHorn\Documents\linx-jira-dc\jira-integracao-ponto\backend\target\classes\templates\webworkers\aprovacao
[INFO] Deleting directory C:\Users\FernandoHorn\Documents\linx-jira-dc\jira-integracao-ponto\backend\target\classes\templates\webworkers
[INFO] Deleting directory C:\Users\FernandoHorn\Documents\linx-jira-dc\jira-integracao-ponto\backend\target\classes\templates
[INFO] Deleting file C:\Users\FernandoHorn\Documents\linx-jira-dc\jira-integracao-ponto\backend\target\classes\META-INF\spring\plugin-context.xml
[INFO] Deleting directory C:\Users\FernandoHorn\Documents\linx-jira-dc\jira-integracao-ponto\backend\target\classes\META-INF\spring
[INFO] Deleting directory C:\Users\FernandoHorn\Documents\linx-jira-dc\jira-integracao-ponto\backend\target\classes\META-INF
[INFO] Deleting file C:\Users\FernandoHorn\Documents\linx-jira-dc\jira-integracao-ponto\backend\target\classes\js\integracaoponto-main-min.js
[INFO] Deleting file C:\Users\FernandoHorn\Documents\linx-jira-dc\jira-integracao-ponto\backend\target\classes\js\integracaoponto-main-min-min.js
[INFO] Deleting file C:\Users\FernandoHorn\Documents\linx-jira-dc\jira-integracao-ponto\backend\target\classes\js\integracaoponto-3-bundle-min.js
[INFO] Deleting file C:\Users\FernandoHorn\Documents\linx-jira-dc\jira-integracao-ponto\backend\target\classes\js\integracaoponto-3-bundle-min-min.js
[INFO] Deleting file C:\Users\FernandoHorn\Documents\linx-jira-dc\jira-integracao-ponto\backend\target\classes\js\integracaoponto-2-bundle-min.js
[INFO] Deleting file C:\Users\FernandoHorn\Documents\linx-jira-dc\jira-integracao-ponto\backend\target\classes\js\integracaoponto-2-bundle-min-min.js
[INFO] Deleting file C:\Users\FernandoHorn\Documents\linx-jira-dc\jira-integracao-ponto\backend\target\classes\js\integracaoponto-1-bundle-min.js
[INFO] Deleting file C:\Users\FernandoHorn\Documents\linx-jira-dc\jira-integracao-ponto\backend\target\classes\js\integracaoponto-1-bundle-min-min.js
[INFO] Deleting directory C:\Users\FernandoHorn\Documents\linx-jira-dc\jira-integracao-ponto\backend\target\classes\js
[INFO] Deleting file C:\Users\FernandoHorn\Documents\linx-jira-dc\jira-integracao-ponto\backend\target\classes\integracaoponto_pt_BR.properties
[INFO] Deleting file C:\Users\FernandoHorn\Documents\linx-jira-dc\jira-integracao-ponto\backend\target\classes\integracaoponto.properties
[INFO] Deleting file C:\Users\FernandoHorn\Documents\linx-jira-dc\jira-integracao-ponto\backend\target\classes\images\pluginLogo.png
[INFO] Deleting file C:\Users\FernandoHorn\Documents\linx-jira-dc\jira-integracao-ponto\backend\target\classes\images\pluginIcon.png
[INFO] Deleting directory C:\Users\FernandoHorn\Documents\linx-jira-dc\jira-integracao-ponto\backend\target\classes\images
[INFO] Deleting file C:\Users\FernandoHorn\Documents\linx-jira-dc\jira-integracao-ponto\backend\target\classes\email.html
[INFO] Deleting file C:\Users\FernandoHorn\Documents\linx-jira-dc\jira-integracao-ponto\backend\target\classes\css\integracaoponto-main-min.css
[INFO] Deleting file C:\Users\FernandoHorn\Documents\linx-jira-dc\jira-integracao-ponto\backend\target\classes\css\integracaoponto-main-min-min.css
[INFO] Deleting directory C:\Users\FernandoHorn\Documents\linx-jira-dc\jira-integracao-ponto\backend\target\classes\css
[INFO] Deleting file C:\Users\FernandoHorn\Documents\linx-jira-dc\jira-integracao-ponto\backend\target\classes\atlassian-plugin.xml
[INFO] Deleting directory C:\Users\FernandoHorn\Documents\linx-jira-dc\jira-integracao-ponto\backend\target\classes
[INFO] Deleting directory C:\Users\FernandoHorn\Documents\linx-jira-dc\jira-integracao-ponto\backend\target
[DEBUG] Skipping non-existing directory C:\Users\FernandoHorn\Documents\linx-jira-dc\jira-integracao-ponto\backend\target\classes
[DEBUG] Skipping non-existing directory C:\Users\FernandoHorn\Documents\linx-jira-dc\jira-integracao-ponto\backend\target\test-classes
[DEBUG] Skipping non-existing directory C:\Users\FernandoHorn\Documents\linx-jira-dc\jira-integracao-ponto\backend\target\site
[INFO] 
[INFO] --- maven-amps-plugin:6.3.21:compress-resources (default-compress-resources) @ integracaoponto ---
[DEBUG] Configuring mojo com.atlassian.maven.plugins:maven-amps-plugin:6.3.21:compress-resources from plugin realm ClassRealm[extension>com.atlassian.maven.plugins:maven-amps-plugin:6.3.21, parent: jdk.internal.loader.ClassLoaders$AppClassLoader@73d16e93]
[DEBUG] Configuring mojo 'com.atlassian.maven.plugins:maven-amps-plugin:6.3.21:compress-resources' with basic configurator -->
[DEBUG]   (f) buildTestPlugin = false
[DEBUG]   (f) closureJsCompiler = false
[DEBUG]   (f) compressCss = true
[DEBUG]   (f) compressJs = true
[DEBUG]   (f) compressResources = true
[DEBUG]   (f) encoding = UTF-8
[DEBUG]   (f) excludeAllTestDependencies = false
[DEBUG]   (f) forceUpdateCheck = false
[DEBUG]   (f) offline = false
[DEBUG]   (f) pluginArtifactId = maven-amps-plugin
[DEBUG]   (f) pluginVersion = 6.3.21
[DEBUG]   (f) project = MavenProject: com.mindproapps.jira:integracaoponto:1.1.18 @ C:\Users\FernandoHorn\Documents\linx-jira-dc\jira-integracao-ponto\backend\pom.xml
[DEBUG]   (f) reactor = [MavenProject: com.mindproapps.jira:integracaoponto:1.1.18 @ C:\Users\FernandoHorn\Documents\linx-jira-dc\jira-integracao-ponto\backend\pom.xml]
[DEBUG]   (f) session = org.apache.maven.execution.MavenSession@3e8b3b79
[DEBUG]   (f) skipAllPrompts = false
[DEBUG]   (f) skipAmpsPomCheck = false
[DEBUG]   (f) skipMinifiedJs = false
[DEBUG]   (f) useFastdevCli = true
[DEBUG]   (f) versionOverrides = []
[DEBUG] -- end configuration --
[INFO] Compiling javascript using YUI
[DEBUG] Copying pre-minified file 'integracaoponto-1-bundle-min.js' to destination since file ends in '.min.js' or '-min.js'.
[DEBUG] Copying pre-minified file 'integracaoponto-2-bundle-min.js' to destination since file ends in '.min.js' or '-min.js'.
[DEBUG] Copying pre-minified file 'integracaoponto-3-bundle-min.js' to destination since file ends in '.min.js' or '-min.js'.
[DEBUG] Copying pre-minified file 'integracaoponto-main-min.js' to destination since file ends in '.min.js' or '-min.js'.
[INFO] 0 Javascript file(s) were minified into target directory C:\Users\FernandoHorn\Documents\linx-jira-dc\jira-integracao-ponto\backend\target\classes
[DEBUG] compressing to C:\Users\FernandoHorn\Documents\linx-jira-dc\jira-integracao-ponto\backend\target\classes\css\integracaoponto-main-min-min.css
[INFO] 1 CSS file(s) were minified into target directory C:\Users\FernandoHorn\Documents\linx-jira-dc\jira-integracao-ponto\backend\target\classes
[INFO] Compressing XML files
[DEBUG] compressing to C:\Users\FernandoHorn\Documents\linx-jira-dc\jira-integracao-ponto\backend\target\classes\atlassian-plugin.xml
[DEBUG] compressing to C:\Users\FernandoHorn\Documents\linx-jira-dc\jira-integracao-ponto\backend\target\classes\META-INF\spring\plugin-context.xml
[INFO] 2 XML file(s) were minified into target directory C:\Users\FernandoHorn\Documents\linx-jira-dc\jira-integracao-ponto\backend\target\classes
[INFO] 
[INFO] --- maven-resources-plugin:3.3.1:resources (default-resources) @ integracaoponto ---
[DEBUG] Dependency collection stats: {ConflictMarker.analyzeTime=46100, ConflictMarker.markTime=17200, ConflictMarker.nodeCount=13, ConflictIdSorter.graphTime=15200, ConflictIdSorter.topsortTime=10700, ConflictIdSorter.conflictIdCount=9, ConflictIdSorter.conflictIdCycleCount=0, ConflictResolver.totalTime=121900, ConflictResolver.conflictItemCount=13, DefaultDependencyCollector.collectTime=238678500, DefaultDependencyCollector.transformTime=227800}
[DEBUG] org.apache.maven.plugins:maven-resources-plugin:jar:3.3.1:
[DEBUG]    org.codehaus.plexus:plexus-interpolation:jar:1.26:runtime
[DEBUG]    org.codehaus.plexus:plexus-utils:jar:3.5.1:compile
[DEBUG]    org.apache.maven.shared:maven-filtering:jar:3.3.1:compile
[DEBUG]       javax.inject:javax.inject:jar:1:compile
[DEBUG]       org.slf4j:slf4j-api:jar:1.7.36:compile
[DEBUG]       org.sonatype.plexus:plexus-build-api:jar:0.0.7:compile
[DEBUG]    commons-io:commons-io:jar:2.11.0:compile
[DEBUG]    org.apache.commons:commons-lang3:jar:3.12.0:compile
[DEBUG] Created new class realm plugin>org.apache.maven.plugins:maven-resources-plugin:3.3.1
[DEBUG] Importing foreign packages into class realm plugin>org.apache.maven.plugins:maven-resources-plugin:3.3.1
[DEBUG]   Imported:  < project>com.mindproapps.jira:integracaoponto:1.1.18
[DEBUG] Populating class realm plugin>org.apache.maven.plugins:maven-resources-plugin:3.3.1
[DEBUG]   Included: org.apache.maven.plugins:maven-resources-plugin:jar:3.3.1
[DEBUG]   Included: org.codehaus.plexus:plexus-interpolation:jar:1.26
[DEBUG]   Included: org.codehaus.plexus:plexus-utils:jar:3.5.1
[DEBUG]   Included: org.apache.maven.shared:maven-filtering:jar:3.3.1
[DEBUG]   Included: org.sonatype.plexus:plexus-build-api:jar:0.0.7
[DEBUG]   Included: commons-io:commons-io:jar:2.11.0
[DEBUG]   Included: org.apache.commons:commons-lang3:jar:3.12.0
[DEBUG] Configuring mojo org.apache.maven.plugins:maven-resources-plugin:3.3.1:resources from plugin realm ClassRealm[plugin>org.apache.maven.plugins:maven-resources-plugin:3.3.1, parent: jdk.internal.loader.ClassLoaders$AppClassLoader@73d16e93]
[DEBUG] Configuring mojo 'org.apache.maven.plugins:maven-resources-plugin:3.3.1:resources' with basic configurator -->
[DEBUG]   (f) addDefaultExcludes = true
[DEBUG]   (f) buildFilters = []
[DEBUG]   (f) encoding = UTF-8
[DEBUG]   (f) escapeWindowsPaths = true
[DEBUG]   (f) fileNameFiltering = false
[DEBUG]   (s) includeEmptyDirs = false
[DEBUG]   (s) outputDirectory = C:\Users\FernandoHorn\Documents\linx-jira-dc\jira-integracao-ponto\backend\target\classes
[DEBUG]   (s) overwrite = false
[DEBUG]   (f) project = MavenProject: com.mindproapps.jira:integracaoponto:1.1.18 @ C:\Users\FernandoHorn\Documents\linx-jira-dc\jira-integracao-ponto\backend\pom.xml
[DEBUG]   (s) resources = [Resource {targetPath: null, filtering: false, FileSet {directory: C:\Users\FernandoHorn\Documents\linx-jira-dc\jira-integracao-ponto\backend\src\main\resources, PatternSet [includes: {}, excludes: {}]}}]
[DEBUG]   (f) session = org.apache.maven.execution.MavenSession@3e8b3b79
[DEBUG]   (f) skip = false
[DEBUG]   (f) supportMultiLineFiltering = false
[DEBUG]   (f) useBuildFilters = true
[DEBUG]   (s) useDefaultDelimiters = true
[DEBUG] -- end configuration --
[DEBUG] properties used:
[DEBUG] amps.version: 6.3.21
[DEBUG] classworlds.conf: C:\Applications\Atlassian\atlassian-plugin-sdk-8.2.7\apache-maven-3.5.4\bin\..\bin\m2.conf
[DEBUG] downloadJavadocs: true
[DEBUG] downloadSources: true
[DEBUG] env.=::: ::\
[DEBUG] env.=C:: C:\Users\FernandoHorn\Documents\linx-jira-dc\jira-integracao-ponto\backend
[DEBUG] env.ALLUSERSPROFILE: C:\ProgramData
[DEBUG] env.APPDATA: C:\Users\FernandoHorn\AppData\Roaming
[DEBUG] env.ATLAS_HOME: C:\Applications\Atlassian\atlassian-plugin-sdk-8.2.7
[DEBUG] env.CLASSWORLDS_JAR: "C:\Applications\Atlassian\atlassian-plugin-sdk-8.2.7\apache-maven-3.5.4\bin\..\boot\plexus-classworlds-2.5.2.jar"
[DEBUG] env.CLASSWORLDS_LAUNCHER: org.codehaus.plexus.classworlds.launcher.Launcher
[DEBUG] env.COMMONPROGRAMFILES: C:\Program Files\Common Files
[DEBUG] env.COMMONPROGRAMFILES(X86): C:\Program Files (x86)\Common Files
[DEBUG] env.COMMONPROGRAMW6432: C:\Program Files\Common Files
[DEBUG] env.COMPUTERNAME: FERNANDO
[DEBUG] env.COMSPEC: C:\WINDOWS\system32\cmd.exe
[DEBUG] env.DRIVERDATA: C:\Windows\System32\Drivers\DriverData
[DEBUG] env.EFC_7536: 1
[DEBUG] env.ERROR_CODE: 0
[DEBUG] env.EXEC_DIR: C:\Users\FernandoHorn\Documents\linx-jira-dc\jira-integracao-ponto\backend
[DEBUG] env.FPS_BROWSER_APP_PROFILE_STRING: Internet Explorer
[DEBUG] env.FPS_BROWSER_USER_PROFILE_STRING: Default
[DEBUG] env.HOMEDRIVE: C:
[DEBUG] env.HOMEPATH: \Users\FernandoHorn
[DEBUG] env.IGCCSVC_DB: AQAAANCMnd8BFdERjHoAwE/Cl+sBAAAAS4aTAt355keDY6JZYDxDJQQAAAACAAAAAAAQZgAAAAEAACAAAACOJWiruX5fVsiVKU7wDRI6M8pytBhefDwfyY4jRO2CGgAAAAAOgAAAAAIAACAAAAA/0eSKGI1semjrCxxwMSZdL3fr2gEAkyQwOC3CBYeiRmAAAAAFFEmUq0tPUSjbcHR/30ig0HvXoXqDgsooK3E177W+cylMqrQ9DliDSCBWYGxBEVtFSj84VIhZ2ematunKXDIRky3cNq/ZrE/ZuPYfVw5jroQa1vUWsMjRsi3o5JW1NplAAAAAQqcKhUj4EiTkI1esj723R8TnGPM0EKYxpUR9IK9KxYrGqTpLNDO8zfnYvlJroDWVBhAqoS5SEIoj6AngL2txmw==
[DEBUG] env.JAVACMD: C:\Users\FernandoHorn\.jdks\temurin-17.0.14\bin\java.exe
[DEBUG] env.JAVA_HOME: C:\Users\FernandoHorn\.jdks\temurin-17.0.14
[DEBUG] env.JETBRAINS_INTELLIJ_COMMAND_END_MARKER: TLSrcA9FwdA1u4pRgAaMjdyGm5hMAcfbQaAh5Zbr7hMswYWFReGRtqDlxn9TfdMw
[DEBUG] env.JVMCONFIG: \.mvn\jvm.config
[DEBUG] env.LOCALAPPDATA: C:\Users\FernandoHorn\AppData\Local
[DEBUG] env.LOGONSERVER: \\FERNANDO
[DEBUG] env.MAVEN_CMD_LINE_ARGS: clean install -X
[DEBUG] env.MAVEN_HOME: C:\Applications\Atlassian\atlassian-plugin-sdk-8.2.7\apache-maven-3.5.4\bin\..
[DEBUG] env.MAVEN_PROJECTBASEDIR: C:\Users\FernandoHorn\Documents\linx-jira-dc\jira-integracao-ponto\backend
[DEBUG] env.NUMBER_OF_PROCESSORS: 12
[DEBUG] env.ONEDRIVE: C:\Users\FernandoHorn\OneDrive - A-Players
[DEBUG] env.ONEDRIVECOMMERCIAL: C:\Users\FernandoHorn\OneDrive - A-Players
[DEBUG] env.OS: Windows_NT
[DEBUG] env.PATH: C:\WINDOWS\system32;C:\WINDOWS;C:\WINDOWS\System32\Wbem;C:\WINDOWS\System32\WindowsPowerShell\v1.0\;C:\WINDOWS\System32\OpenSSH\;C:\Program Files\dotnet\;C:\Program Files\nodejs\;C:\Users\FernandoHorn\.jdks\temurin-17.0.14\bin;C:\Applications\Atlassian\atlassian-plugin-sdk-8.2.7\apache-maven-3.5.4\bin;C:\Applications\Atlassian\atlassian-plugin-sdk-8.2.7\bin;C:\Users\FernandoHorn\AppData\Local\Microsoft\WindowsApps;C:\Users\FernandoHorn\AppData\Roaming\npm;C:\Users\FernandoHorn\.jdks\temurin-17.0.14\bin;C:\Applications\Atlassian\atlassian-plugin-sdk-8.2.7\apache-maven-3.5.4\bin;C:\Applications\Atlassian\atlassian-plugin-sdk-8.2.7\bin;
[DEBUG] env.PATHEXT: .COM;.EXE;.BAT;.CMD;.VBS;.VBE;.JS;.JSE;.WSF;.WSH;.MSC;.CPL
[DEBUG] env.PROCESSOR_ARCHITECTURE: AMD64
[DEBUG] env.PROCESSOR_IDENTIFIER: Intel64 Family 6 Model 186 Stepping 3, GenuineIntel
[DEBUG] env.PROCESSOR_LEVEL: 6
[DEBUG] env.PROCESSOR_REVISION: ba03
[DEBUG] env.PROGRAMDATA: C:\ProgramData
[DEBUG] env.PROGRAMFILES: C:\Program Files
[DEBUG] env.PROGRAMFILES(X86): C:\Program Files (x86)
[DEBUG] env.PROGRAMW6432: C:\Program Files
[DEBUG] env.PROMPT: $P$G
[DEBUG] env.PSEXECUTIONPOLICYPREFERENCE: Bypass
[DEBUG] env.PSMODULEPATH: C:\Users\FernandoHorn\Documents\WindowsPowerShell\Modules;C:\Program Files\WindowsPowerShell\Modules;C:\WINDOWS\system32\WindowsPowerShell\v1.0\Modules
[DEBUG] env.PUBLIC: C:\Users\Public
[DEBUG] env.SESSIONNAME: Console
[DEBUG] env.SYSTEMDRIVE: C:
[DEBUG] env.SYSTEMROOT: C:\WINDOWS
[DEBUG] env.TEMP: C:\Users\FERNAN~1\AppData\Local\Temp
[DEBUG] env.TERMINAL_EMULATOR: JetBrains-JediTerm
[DEBUG] env.TERM_SESSION_ID: 1de5b261-1e2e-4d5f-82ae-82bb11fc16cb
[DEBUG] env.TMP: C:\Users\FERNAN~1\AppData\Local\Temp
[DEBUG] env.USERDOMAIN: AzureAD
[DEBUG] env.USERDOMAIN_ROAMINGPROFILE: AzureAD
[DEBUG] env.USERNAME: FernandoHorn
[DEBUG] env.USERPROFILE: C:\Users\FernandoHorn
[DEBUG] env.WDIR: C:\
[DEBUG] env.WINDIR: C:\WINDOWS
[DEBUG] env.ZES_ENABLE_SYSMAN: 1
[DEBUG] file.encoding: Cp1252
[DEBUG] file.separator: \
[DEBUG] java.class.path: C:\Applications\Atlassian\atlassian-plugin-sdk-8.2.7\apache-maven-3.5.4\bin\..\boot\plexus-classworlds-2.5.2.jar
[DEBUG] java.class.version: 61.0
[DEBUG] java.home: C:\Users\FernandoHorn\.jdks\temurin-17.0.14
[DEBUG] java.io.tmpdir: C:\Users\FERNAN~1\AppData\Local\Temp\
[DEBUG] java.library.path: C:\Users\FernandoHorn\.jdks\temurin-17.0.14\bin;C:\WINDOWS\Sun\Java\bin;C:\WINDOWS\system32;C:\WINDOWS;C:\WINDOWS\system32;C:\WINDOWS;C:\WINDOWS\System32\Wbem;C:\WINDOWS\System32\WindowsPowerShell\v1.0\;C:\WINDOWS\System32\OpenSSH\;C:\Program Files\dotnet\;C:\Program Files\nodejs\;C:\Users\FernandoHorn\.jdks\temurin-17.0.14\bin;C:\Applications\Atlassian\atlassian-plugin-sdk-8.2.7\apache-maven-3.5.4\bin;C:\Applications\Atlassian\atlassian-plugin-sdk-8.2.7\bin;C:\Users\FernandoHorn\AppData\Local\Microsoft\WindowsApps;C:\Users\FernandoHorn\AppData\Roaming\npm;C:\Users\FernandoHorn\.jdks\temurin-17.0.14\bin;C:\Applications\Atlassian\atlassian-plugin-sdk-8.2.7\apache-maven-3.5.4\bin;C:\Applications\Atlassian\atlassian-plugin-sdk-8.2.7\bin;;.
[DEBUG] java.runtime.name: OpenJDK Runtime Environment
[DEBUG] java.runtime.version: 17.0.14+7
[DEBUG] java.specification.maintenance.version: 1
[DEBUG] java.specification.name: Java Platform API Specification
[DEBUG] java.specification.vendor: Oracle Corporation
[DEBUG] java.specification.version: 17
[DEBUG] java.vendor: Eclipse Adoptium
[DEBUG] java.vendor.url: https://adoptium.net/
[DEBUG] java.vendor.url.bug: https://github.com/adoptium/adoptium-support/issues
[DEBUG] java.vendor.version: Temurin-17.0.14+7
[DEBUG] java.version: 17.0.14
[DEBUG] java.version.date: 2025-01-21
[DEBUG] java.vm.compressedOopsMode: Zero based
[DEBUG] java.vm.info: mixed mode, sharing
[DEBUG] java.vm.name: OpenJDK 64-Bit Server VM
[DEBUG] java.vm.specification.name: Java Virtual Machine Specification
[DEBUG] java.vm.specification.vendor: Oracle Corporation
[DEBUG] java.vm.specification.version: 17
[DEBUG] java.vm.vendor: Eclipse Adoptium
[DEBUG] java.vm.version: 17.0.14+7
[DEBUG] jdk.debug: release
[DEBUG] jira.version: 10.3.4
[DEBUG] library.jansi.path: C:\Applications\Atlassian\atlassian-plugin-sdk-8.2.7\apache-maven-3.5.4\bin\..\lib\jansi-native
[DEBUG] line.separator: 

[DEBUG] maven.build.timestamp: 2025-04-04T14:35:26Z
[DEBUG] maven.build.version: Apache Maven 3.5.4 (1edded0938998edf8bf061f1ceb3cfdeccf443fe; 2018-06-17T15:33:14-03:00)
[DEBUG] maven.compiler.source: 1.8
[DEBUG] maven.compiler.target: 1.8
[DEBUG] maven.conf: C:\Applications\Atlassian\atlassian-plugin-sdk-8.2.7\apache-maven-3.5.4\bin\../conf
[DEBUG] maven.home: C:\Applications\Atlassian\atlassian-plugin-sdk-8.2.7\apache-maven-3.5.4\bin\..
[DEBUG] maven.multiModuleProjectDirectory: C:\Users\FernandoHorn\Documents\linx-jira-dc\jira-integracao-ponto\backend
[DEBUG] maven.version: 3.5.4
[DEBUG] native.encoding: Cp1252
[DEBUG] os.arch: amd64
[DEBUG] os.name: Windows 11
[DEBUG] os.version: 10.0
[DEBUG] path.separator: ;
[DEBUG] project.baseUri: file:/C:/Users/FernandoHorn/Documents/linx-jira-dc/jira-integracao-ponto/backend/
[DEBUG] project.build.sourceEncoding: UTF-8
[DEBUG] sun.arch.data.model: 64
[DEBUG] sun.boot.library.path: C:\Users\FernandoHorn\.jdks\temurin-17.0.14\bin
[DEBUG] sun.cpu.endian: little
[DEBUG] sun.cpu.isalist: amd64
[DEBUG] sun.io.unicode.encoding: UnicodeLittle
[DEBUG] sun.java.command: org.codehaus.plexus.classworlds.launcher.Launcher clean install -X
[DEBUG] sun.java.launcher: SUN_STANDARD
[DEBUG] sun.jnu.encoding: Cp1252
[DEBUG] sun.management.compiler: HotSpot 64-Bit Tiered Compilers
[DEBUG] sun.os.patch.level: 
[DEBUG] sun.stderr.encoding: cp437
[DEBUG] user.country: US
[DEBUG] user.country.format: BR
[DEBUG] user.dir: C:\Users\FernandoHorn\Documents\linx-jira-dc\jira-integracao-ponto\backend
[DEBUG] user.home: C:\Users\FernandoHorn
[DEBUG] user.language: en
[DEBUG] user.language.format: pt
[DEBUG] user.name: FernandoHorn
[DEBUG] user.script: 
[DEBUG] user.variant: 
[DEBUG] Using 'UTF-8' encoding to copy filtered resources.
[DEBUG] Using 'UTF-8' encoding to copy filtered properties files.
[DEBUG] resource with targetPath null
directory C:\Users\FernandoHorn\Documents\linx-jira-dc\jira-integracao-ponto\backend\src\main\resources
excludes []
includes []
[DEBUG] ignoreDelta true
[INFO] Copying 18 resources from src\main\resources to target\classes
[DEBUG] Copying file atlassian-plugin.xml
[DEBUG] file atlassian-plugin.xml has a filtered file extension
[DEBUG] Using 'UTF-8' encoding to copy filtered resource 'atlassian-plugin.xml'.
[DEBUG] copy C:\Users\FernandoHorn\Documents\linx-jira-dc\jira-integracao-ponto\backend\src\main\resources\atlassian-plugin.xml to C:\Users\FernandoHorn\Documents\linx-jira-dc\jira-integracao-ponto\backend\target\classes\atlassian-plugin.xml
[DEBUG] Copying file css\integracaoponto-main-min.css
[DEBUG] file integracaoponto-main-min.css has a filtered file extension
[DEBUG] Using 'UTF-8' encoding to copy filtered resource 'integracaoponto-main-min.css'.
[DEBUG] copy C:\Users\FernandoHorn\Documents\linx-jira-dc\jira-integracao-ponto\backend\src\main\resources\css\integracaoponto-main-min.css to C:\Users\FernandoHorn\Documents\linx-jira-dc\jira-integracao-ponto\backend\target\classes\css\integracaoponto-main-min.css
[DEBUG] Copying file email.html
[DEBUG] file email.html has a filtered file extension
[DEBUG] Using 'UTF-8' encoding to copy filtered resource 'email.html'.
[DEBUG] copy C:\Users\FernandoHorn\Documents\linx-jira-dc\jira-integracao-ponto\backend\src\main\resources\email.html to C:\Users\FernandoHorn\Documents\linx-jira-dc\jira-integracao-ponto\backend\target\classes\email.html
[DEBUG] Copying file images\pluginIcon.png
[DEBUG] file pluginIcon.png has a non filtered file extension
[DEBUG] Using 'UTF-8' encoding to copy filtered resource 'pluginIcon.png'.
[DEBUG] copy C:\Users\FernandoHorn\Documents\linx-jira-dc\jira-integracao-ponto\backend\src\main\resources\images\pluginIcon.png to C:\Users\FernandoHorn\Documents\linx-jira-dc\jira-integracao-ponto\backend\target\classes\images\pluginIcon.png
[DEBUG] Copying file images\pluginLogo.png
[DEBUG] file pluginLogo.png has a non filtered file extension
[DEBUG] Using 'UTF-8' encoding to copy filtered resource 'pluginLogo.png'.
[DEBUG] copy C:\Users\FernandoHorn\Documents\linx-jira-dc\jira-integracao-ponto\backend\src\main\resources\images\pluginLogo.png to C:\Users\FernandoHorn\Documents\linx-jira-dc\jira-integracao-ponto\backend\target\classes\images\pluginLogo.png
[DEBUG] Copying file integracaoponto.properties
[DEBUG] file integracaoponto.properties has a filtered file extension
[DEBUG] Using 'UTF-8' encoding to copy filtered resource 'integracaoponto.properties'.
[DEBUG] copy C:\Users\FernandoHorn\Documents\linx-jira-dc\jira-integracao-ponto\backend\src\main\resources\integracaoponto.properties to C:\Users\FernandoHorn\Documents\linx-jira-dc\jira-integracao-ponto\backend\target\classes\integracaoponto.properties
[DEBUG] Copying file integracaoponto_pt_BR.properties
[DEBUG] file integracaoponto_pt_BR.properties has a filtered file extension
[DEBUG] Using 'UTF-8' encoding to copy filtered resource 'integracaoponto_pt_BR.properties'.
[DEBUG] copy C:\Users\FernandoHorn\Documents\linx-jira-dc\jira-integracao-ponto\backend\src\main\resources\integracaoponto_pt_BR.properties to C:\Users\FernandoHorn\Documents\linx-jira-dc\jira-integracao-ponto\backend\target\classes\integracaoponto_pt_BR.properties
[DEBUG] Copying file js\integracaoponto-1-bundle-min.js
[DEBUG] file integracaoponto-1-bundle-min.js has a filtered file extension
[DEBUG] Using 'UTF-8' encoding to copy filtered resource 'integracaoponto-1-bundle-min.js'.
[DEBUG] copy C:\Users\FernandoHorn\Documents\linx-jira-dc\jira-integracao-ponto\backend\src\main\resources\js\integracaoponto-1-bundle-min.js to C:\Users\FernandoHorn\Documents\linx-jira-dc\jira-integracao-ponto\backend\target\classes\js\integracaoponto-1-bundle-min.js
[DEBUG] Copying file js\integracaoponto-2-bundle-min.js
[DEBUG] file integracaoponto-2-bundle-min.js has a filtered file extension
[DEBUG] Using 'UTF-8' encoding to copy filtered resource 'integracaoponto-2-bundle-min.js'.
[DEBUG] copy C:\Users\FernandoHorn\Documents\linx-jira-dc\jira-integracao-ponto\backend\src\main\resources\js\integracaoponto-2-bundle-min.js to C:\Users\FernandoHorn\Documents\linx-jira-dc\jira-integracao-ponto\backend\target\classes\js\integracaoponto-2-bundle-min.js
[DEBUG] Copying file js\integracaoponto-3-bundle-min.js
[DEBUG] file integracaoponto-3-bundle-min.js has a filtered file extension
[DEBUG] Using 'UTF-8' encoding to copy filtered resource 'integracaoponto-3-bundle-min.js'.
[DEBUG] copy C:\Users\FernandoHorn\Documents\linx-jira-dc\jira-integracao-ponto\backend\src\main\resources\js\integracaoponto-3-bundle-min.js to C:\Users\FernandoHorn\Documents\linx-jira-dc\jira-integracao-ponto\backend\target\classes\js\integracaoponto-3-bundle-min.js
[DEBUG] Copying file js\integracaoponto-main-min.js
[DEBUG] file integracaoponto-main-min.js has a filtered file extension
[DEBUG] Using 'UTF-8' encoding to copy filtered resource 'integracaoponto-main-min.js'.
[DEBUG] copy C:\Users\FernandoHorn\Documents\linx-jira-dc\jira-integracao-ponto\backend\src\main\resources\js\integracaoponto-main-min.js to C:\Users\FernandoHorn\Documents\linx-jira-dc\jira-integracao-ponto\backend\target\classes\js\integracaoponto-main-min.js
[DEBUG] Copying file META-INF\spring\plugin-context.xml
[DEBUG] file plugin-context.xml has a filtered file extension
[DEBUG] Using 'UTF-8' encoding to copy filtered resource 'plugin-context.xml'.
[DEBUG] copy C:\Users\FernandoHorn\Documents\linx-jira-dc\jira-integracao-ponto\backend\src\main\resources\META-INF\spring\plugin-context.xml to C:\Users\FernandoHorn\Documents\linx-jira-dc\jira-integracao-ponto\backend\target\classes\META-INF\spring\plugin-context.xml
[DEBUG] Copying file templates\webworkers\aprovacao\webapp.vm
[DEBUG] file webapp.vm has a filtered file extension
[DEBUG] Using 'UTF-8' encoding to copy filtered resource 'webapp.vm'.
[DEBUG] copy C:\Users\FernandoHorn\Documents\linx-jira-dc\jira-integracao-ponto\backend\src\main\resources\templates\webworkers\aprovacao\webapp.vm to C:\Users\FernandoHorn\Documents\linx-jira-dc\jira-integracao-ponto\backend\target\classes\templates\webworkers\aprovacao\webapp.vm
[DEBUG] Copying file templates\webworkers\cadastro\webapp.vm
[DEBUG] file webapp.vm has a filtered file extension
[DEBUG] Using 'UTF-8' encoding to copy filtered resource 'webapp.vm'.
[DEBUG] copy C:\Users\FernandoHorn\Documents\linx-jira-dc\jira-integracao-ponto\backend\src\main\resources\templates\webworkers\cadastro\webapp.vm to C:\Users\FernandoHorn\Documents\linx-jira-dc\jira-integracao-ponto\backend\target\classes\templates\webworkers\cadastro\webapp.vm
[DEBUG] Copying file templates\webworkers\generic\webapp-unauthorized.vm
[DEBUG] file webapp-unauthorized.vm has a filtered file extension
[DEBUG] Using 'UTF-8' encoding to copy filtered resource 'webapp-unauthorized.vm'.
[DEBUG] copy C:\Users\FernandoHorn\Documents\linx-jira-dc\jira-integracao-ponto\backend\src\main\resources\templates\webworkers\generic\webapp-unauthorized.vm to C:\Users\FernandoHorn\Documents\linx-jira-dc\jira-integracao-ponto\backend\target\classes\templates\webworkers\generic\webapp-unauthorized.vm
[DEBUG] Copying file templates\webworkers\logs\webapp.vm
[DEBUG] file webapp.vm has a filtered file extension
[DEBUG] Using 'UTF-8' encoding to copy filtered resource 'webapp.vm'.
[DEBUG] copy C:\Users\FernandoHorn\Documents\linx-jira-dc\jira-integracao-ponto\backend\src\main\resources\templates\webworkers\logs\webapp.vm to C:\Users\FernandoHorn\Documents\linx-jira-dc\jira-integracao-ponto\backend\target\classes\templates\webworkers\logs\webapp.vm
[DEBUG] Copying file templates\webworkers\relatorio\webapp.vm
[DEBUG] file webapp.vm has a filtered file extension
[DEBUG] Using 'UTF-8' encoding to copy filtered resource 'webapp.vm'.
[DEBUG] copy C:\Users\FernandoHorn\Documents\linx-jira-dc\jira-integracao-ponto\backend\src\main\resources\templates\webworkers\relatorio\webapp.vm to C:\Users\FernandoHorn\Documents\linx-jira-dc\jira-integracao-ponto\backend\target\classes\templates\webworkers\relatorio\webapp.vm
[DEBUG] Copying file templates\webworkers\settings\webapp.vm
[DEBUG] file webapp.vm has a filtered file extension
[DEBUG] Using 'UTF-8' encoding to copy filtered resource 'webapp.vm'.
[DEBUG] copy C:\Users\FernandoHorn\Documents\linx-jira-dc\jira-integracao-ponto\backend\src\main\resources\templates\webworkers\settings\webapp.vm to C:\Users\FernandoHorn\Documents\linx-jira-dc\jira-integracao-ponto\backend\target\classes\templates\webworkers\settings\webapp.vm
[DEBUG] no user filter components
[INFO] 
[INFO] --- maven-amps-plugin:6.3.21:filter-plugin-descriptor (default-filter-plugin-descriptor) @ integracaoponto ---
[DEBUG] Configuring mojo com.atlassian.maven.plugins:maven-amps-plugin:6.3.21:filter-plugin-descriptor from plugin realm ClassRealm[extension>com.atlassian.maven.plugins:maven-amps-plugin:6.3.21, parent: jdk.internal.loader.ClassLoaders$AppClassLoader@73d16e93]
[DEBUG] Configuring mojo 'com.atlassian.maven.plugins:maven-amps-plugin:6.3.21:filter-plugin-descriptor' with basic configurator -->
[DEBUG]   (f) buildTestPlugin = false
[DEBUG]   (f) closureJsCompiler = false
[DEBUG]   (f) encoding = UTF-8
[DEBUG]   (f) excludeAllTestDependencies = false
[DEBUG]   (f) forceUpdateCheck = false
[DEBUG]   (f) offline = false
[DEBUG]   (f) pluginArtifactId = maven-amps-plugin
[DEBUG]   (f) pluginVersion = 6.3.21
[DEBUG]   (f) project = MavenProject: com.mindproapps.jira:integracaoponto:1.1.18 @ C:\Users\FernandoHorn\Documents\linx-jira-dc\jira-integracao-ponto\backend\pom.xml
[DEBUG]   (f) reactor = [MavenProject: com.mindproapps.jira:integracaoponto:1.1.18 @ C:\Users\FernandoHorn\Documents\linx-jira-dc\jira-integracao-ponto\backend\pom.xml]
[DEBUG]   (f) session = org.apache.maven.execution.MavenSession@3e8b3b79
[DEBUG]   (f) skipAllPrompts = false
[DEBUG]   (f) skipAmpsPomCheck = false
[DEBUG]   (f) skipMinifiedJs = false
[DEBUG]   (f) useFastdevCli = true
[DEBUG]   (f) versionOverrides = []
[DEBUG] -- end configuration --
[DEBUG] Dependency collection stats: {ConflictMarker.analyzeTime=83600, ConflictMarker.markTime=39100, ConflictMarker.nodeCount=69, ConflictIdSorter.graphTime=27500, ConflictIdSorter.topsortTime=14500, ConflictIdSorter.conflictIdCount=25, ConflictIdSorter.conflictIdCycleCount=0, ConflictResolver.totalTime=233800, ConflictResolver.conflictItemCount=66, DefaultDependencyCollector.collectTime=408613100, DefaultDependencyCollector.transformTime=411900}
[DEBUG] org.apache.maven.plugins:maven-resources-plugin:jar:2.3:
[DEBUG]    org.apache.maven:maven-plugin-api:jar:2.0.6:compile
[DEBUG]    org.apache.maven:maven-project:jar:2.0.6:compile
[DEBUG]       org.apache.maven:maven-settings:jar:2.0.6:compile
[DEBUG]       org.apache.maven:maven-profile:jar:2.0.6:compile
[DEBUG]       org.apache.maven:maven-model:jar:2.0.6:compile
[DEBUG]       org.apache.maven:maven-artifact-manager:jar:2.0.6:compile
[DEBUG]          org.apache.maven:maven-repository-metadata:jar:2.0.6:compile
[DEBUG]       org.apache.maven:maven-plugin-registry:jar:2.0.6:compile
[DEBUG]       org.apache.maven:maven-artifact:jar:2.0.6:compile
[DEBUG]       org.codehaus.plexus:plexus-container-default:jar:1.0-alpha-9-stable-1:compile
[DEBUG]          junit:junit:jar:3.8.1:compile
[DEBUG]          classworlds:classworlds:jar:1.1-alpha-2:compile
[DEBUG]    org.codehaus.plexus:plexus-utils:jar:1.5.6:compile
[DEBUG]    org.apache.maven.shared:maven-filtering:jar:1.0-beta-2:compile
[DEBUG]       org.apache.maven:maven-core:jar:2.0.6:compile
[DEBUG]          org.apache.maven:maven-plugin-parameter-documenter:jar:2.0.6:compile
[DEBUG]          org.apache.maven.reporting:maven-reporting-api:jar:2.0.6:compile
[DEBUG]             org.apache.maven.doxia:doxia-sink-api:jar:1.0-alpha-7:compile
[DEBUG]          org.apache.maven:maven-error-diagnostics:jar:2.0.6:compile
[DEBUG]          commons-cli:commons-cli:jar:1.0:compile
[DEBUG]          org.apache.maven:maven-plugin-descriptor:jar:2.0.6:compile
[DEBUG]          org.codehaus.plexus:plexus-interactivity-api:jar:1.0-alpha-4:compile
[DEBUG]       org.apache.maven:maven-monitor:jar:2.0.6:compile
[DEBUG]       org.codehaus.plexus:plexus-interpolation:jar:1.6:compile
[DEBUG] Created new class realm plugin>org.apache.maven.plugins:maven-resources-plugin:2.3
[DEBUG] Importing foreign packages into class realm plugin>org.apache.maven.plugins:maven-resources-plugin:2.3
[DEBUG]   Imported:  < project>com.mindproapps.jira:integracaoponto:1.1.18
[DEBUG] Populating class realm plugin>org.apache.maven.plugins:maven-resources-plugin:2.3
[DEBUG]   Included: org.apache.maven.plugins:maven-resources-plugin:jar:2.3
[DEBUG]   Included: junit:junit:jar:3.8.1
[DEBUG]   Included: org.codehaus.plexus:plexus-utils:jar:1.5.6
[DEBUG]   Included: org.apache.maven.shared:maven-filtering:jar:1.0-beta-2
[DEBUG]   Included: org.apache.maven.reporting:maven-reporting-api:jar:2.0.6
[DEBUG]   Included: org.apache.maven.doxia:doxia-sink-api:jar:1.0-alpha-7
[DEBUG]   Included: commons-cli:commons-cli:jar:1.0
[DEBUG]   Included: org.codehaus.plexus:plexus-interactivity-api:jar:1.0-alpha-4
[DEBUG]   Included: org.codehaus.plexus:plexus-interpolation:jar:1.6
[DEBUG] Configuring mojo org.apache.maven.plugins:maven-resources-plugin:2.3:copy-resources from plugin realm ClassRealm[plugin>org.apache.maven.plugins:maven-resources-plugin:2.3, parent: jdk.internal.loader.ClassLoaders$AppClassLoader@73d16e93]
[DEBUG] Configuring mojo 'org.apache.maven.plugins:maven-resources-plugin:2.3:copy-resources' with basic configurator -->
[DEBUG]   (f) encoding = UTF-8
[DEBUG]   (s) directory = src/main/resources
[DEBUG]   (s) filtering = true
[DEBUG]   (s) includes = [atlassian-plugin.xml]
[DEBUG]   (s) resources = [Resource {targetPath: null, filtering: true, FileSet {directory: src/main/resources, PatternSet [includes: {atlassian-plugin.xml}, excludes: {}]}}]
[DEBUG]   (s) outputDirectory = C:\Users\FernandoHorn\Documents\linx-jira-dc\jira-integracao-ponto\backend\target\classes
[DEBUG]   (s) includeEmptyDirs = false
[DEBUG]   (s) overwrite = false
[DEBUG]   (f) session = org.apache.maven.execution.MavenSession@3e8b3b79
[DEBUG]   (f) project = MavenProject: com.mindproapps.jira:integracaoponto:1.1.18 @ C:\Users\FernandoHorn\Documents\linx-jira-dc\jira-integracao-ponto\backend\pom.xml
[DEBUG]   (s) filters = []
[DEBUG] -- end configuration --
[DEBUG] properties used {env.NUMBER_OF_PROCESSORS=12, env.USERPROFILE=C:\Users\FernandoHorn, java.specification.version=17, sun.cpu.isalist=amd64, sun.arch.data.model=64, env.PROGRAMW6432=C:\Program Files, java.vendor.url=https://adoptium.net/, env.OS=Windows_NT, sun.boot.library.path=C:\Users\FernandoHorn\.jdks\temurin-17.0.14\bin, sun.java.command=org.codehaus.plexus.classworlds.launcher.Launcher clean install -X, env.SYSTEMROOT=C:\WINDOWS, jdk.debug=release, maven.version=3.5.4, java.specification.vendor=Oracle Corporation, java.version.date=2025-01-21, java.home=C:\Users\FernandoHorn\.jdks\temurin-17.0.14, env.EFC_7536=1, java.vm.specification.vendor=Oracle Corporation, java.specification.name=Java Platform API Specification, env.LOCALAPPDATA=C:\Users\FernandoHorn\AppData\Local, env.USERDOMAIN_ROAMINGPROFILE=AzureAD, user.script=, sun.management.compiler=HotSpot 64-Bit Tiered Compilers, java.runtime.version=17.0.14+7, env.PATH=C:\WINDOWS\system32;C:\WINDOWS;C:\WINDOWS\System32\Wbem;C:\WINDOWS\System32\WindowsPowerShell\v1.0\;C:\WINDOWS\System32\OpenSSH\;C:\Program Files\dotnet\;C:\Program Files\nodejs\;C:\Users\FernandoHorn\.jdks\temurin-17.0.14\bin;C:\Applications\Atlassian\atlassian-plugin-sdk-8.2.7\apache-maven-3.5.4\bin;C:\Applications\Atlassian\atlassian-plugin-sdk-8.2.7\bin;C:\Users\FernandoHorn\AppData\Local\Microsoft\WindowsApps;C:\Users\FernandoHorn\AppData\Roaming\npm;C:\Users\FernandoHorn\.jdks\temurin-17.0.14\bin;C:\Applications\Atlassian\atlassian-plugin-sdk-8.2.7\apache-maven-3.5.4\bin;C:\Applications\Atlassian\atlassian-plugin-sdk-8.2.7\bin;, env.PUBLIC=C:\Users\Public, env.EXEC_DIR=C:\Users\FernandoHorn\Documents\linx-jira-dc\jira-integracao-ponto\backend, env.COMMONPROGRAMW6432=C:\Program Files\Common Files, file.encoding=Cp1252, java.vendor.version=Temurin-17.0.14+7, env.COMPUTERNAME=FERNANDO, env.HOMEPATH=\Users\FernandoHorn, env.APPDATA=C:\Users\FernandoHorn\AppData\Roaming, java.io.tmpdir=C:\Users\FERNAN~1\AppData\Local\Temp\, java.version=17.0.14, java.vm.specification.name=Java Virtual Machine Specification, native.encoding=Cp1252, java.library.path=C:\Users\FernandoHorn\.jdks\temurin-17.0.14\bin;C:\WINDOWS\Sun\Java\bin;C:\WINDOWS\system32;C:\WINDOWS;C:\WINDOWS\system32;C:\WINDOWS;C:\WINDOWS\System32\Wbem;C:\WINDOWS\System32\WindowsPowerShell\v1.0\;C:\WINDOWS\System32\OpenSSH\;C:\Program Files\dotnet\;C:\Program Files\nodejs\;C:\Users\FernandoHorn\.jdks\temurin-17.0.14\bin;C:\Applications\Atlassian\atlassian-plugin-sdk-8.2.7\apache-maven-3.5.4\bin;C:\Applications\Atlassian\atlassian-plugin-sdk-8.2.7\bin;C:\Users\FernandoHorn\AppData\Local\Microsoft\WindowsApps;C:\Users\FernandoHorn\AppData\Roaming\npm;C:\Users\FernandoHorn\.jdks\temurin-17.0.14\bin;C:\Applications\Atlassian\atlassian-plugin-sdk-8.2.7\apache-maven-3.5.4\bin;C:\Applications\Atlassian\atlassian-plugin-sdk-8.2.7\bin;;., java.vendor=Eclipse Adoptium, env.ERROR_CODE=0, classworlds.conf=C:\Applications\Atlassian\atlassian-plugin-sdk-8.2.7\apache-maven-3.5.4\bin\..\bin\m2.conf, java.specification.maintenance.version=1, sun.io.unicode.encoding=UnicodeLittle, java.vm.specification.version=17, os.name=Windows 11, env.=::=::\, maven.compiler.source=1.8, user.home=C:\Users\FernandoHorn, env.ONEDRIVECOMMERCIAL=C:\Users\FernandoHorn\OneDrive - A-Players, env.ALLUSERSPROFILE=C:\ProgramData, env.SESSIONNAME=Console, path.separator=;, os.version=10.0, env.CLASSWORLDS_LAUNCHER=org.codehaus.plexus.classworlds.launcher.Launcher, env.PATHEXT=.COM;.EXE;.BAT;.CMD;.VBS;.VBE;.JS;.JSE;.WSF;.WSH;.MSC;.CPL, java.vm.name=OpenJDK 64-Bit Server VM, amps.version=6.3.21, env.USERNAME=FernandoHorn, os.arch=amd64, maven.multiModuleProjectDirectory=C:\Users\FernandoHorn\Documents\linx-jira-dc\jira-integracao-ponto\backend, user.language.format=pt, env.MAVEN_PROJECTBASEDIR=C:\Users\FernandoHorn\Documents\linx-jira-dc\jira-integracao-ponto\backend, java.vm.info=mixed mode, sharing, env.FPS_BROWSER_USER_PROFILE_STRING=Default, env.TEMP=C:\Users\FERNAN~1\AppData\Local\Temp, env.ATLAS_HOME=C:\Applications\Atlassian\atlassian-plugin-sdk-8.2.7, java.class.version=61.0, env.ONEDRIVE=C:\Users\FernandoHorn\OneDrive - A-Players, sun.jnu.encoding=Cp1252, env.TERMINAL_EMULATOR=JetBrains-JediTerm, env.FPS_BROWSER_APP_PROFILE_STRING=Internet Explorer, user.country.format=BR, downloadSources=true, maven.build.version=Apache Maven 3.5.4 (1edded0938998edf8bf061f1ceb3cfdeccf443fe; 2018-06-17T15:33:14-03:00), maven.home=C:\Applications\Atlassian\atlassian-plugin-sdk-8.2.7\apache-maven-3.5.4\bin\.., sun.stderr.encoding=cp437, env.JAVA_HOME=C:\Users\FernandoHorn\.jdks\temurin-17.0.14, env.PROGRAMFILES=C:\Program Files, file.separator=\, java.vm.compressedOopsMode=Zero based, env.CLASSWORLDS_JAR="C:\Applications\Atlassian\atlassian-plugin-sdk-8.2.7\apache-maven-3.5.4\bin\..\boot\plexus-classworlds-2.5.2.jar", line.separator=
, env.PROMPT=$P$G, env.PROCESSOR_REVISION=ba03, env.PROCESSOR_IDENTIFIER=Intel64 Family 6 Model 186 Stepping 3, GenuineIntel, env.PROGRAMDATA=C:\ProgramData, user.name=FernandoHorn, env.DRIVERDATA=C:\Windows\System32\Drivers\DriverData, env.TERM_SESSION_ID=1de5b261-1e2e-4d5f-82ae-82bb11fc16cb, env.SYSTEMDRIVE=C:, env.JVMCONFIG=\.mvn\jvm.config, env.PROGRAMFILES(X86)=C:\Program Files (x86), env.JETBRAINS_INTELLIJ_COMMAND_END_MARKER=TLSrcA9FwdA1u4pRgAaMjdyGm5hMAcfbQaAh5Zbr7hMswYWFReGRtqDlxn9TfdMw, downloadJavadocs=true, env.PROCESSOR_LEVEL=6, env.HOMEDRIVE=C:, env.PSMODULEPATH=C:\Users\FernandoHorn\Documents\WindowsPowerShell\Modules;C:\Program Files\WindowsPowerShell\Modules;C:\WINDOWS\system32\WindowsPowerShell\v1.0\Modules, env.TMP=C:\Users\FERNAN~1\AppData\Local\Temp, sun.os.patch.level=, maven.compiler.target=1.8, env.LOGONSERVER=\\FERNANDO, library.jansi.path=C:\Applications\Atlassian\atlassian-plugin-sdk-8.2.7\apache-maven-3.5.4\bin\..\lib\jansi-native, env.WINDIR=C:\WINDOWS, java.class.path=C:\Applications\Atlassian\atlassian-plugin-sdk-8.2.7\apache-maven-3.5.4\bin\..\boot\plexus-classworlds-2.5.2.jar, java.vm.vendor=Eclipse Adoptium, env.PROCESSOR_ARCHITECTURE=AMD64, user.variant=, env.COMMONPROGRAMFILES=C:\Program Files\Common Files, maven.conf=C:\Applications\Atlassian\atlassian-plugin-sdk-8.2.7\apache-maven-3.5.4\bin\../conf, env.IGCCSVC_DB=AQAAANCMnd8BFdERjHoAwE/Cl+sBAAAAS4aTAt355keDY6JZYDxDJQQAAAACAAAAAAAQZgAAAAEAACAAAACOJWiruX5fVsiVKU7wDRI6M8pytBhefDwfyY4jRO2CGgAAAAAOgAAAAAIAACAAAAA/0eSKGI1semjrCxxwMSZdL3fr2gEAkyQwOC3CBYeiRmAAAAAFFEmUq0tPUSjbcHR/30ig0HvXoXqDgsooK3E177W+cylMqrQ9DliDSCBWYGxBEVtFSj84VIhZ2ematunKXDIRky3cNq/ZrE/ZuPYfVw5jroQa1vUWsMjRsi3o5JW1NplAAAAAQqcKhUj4EiTkI1esj723R8TnGPM0EKYxpUR9IK9KxYrGqTpLNDO8zfnYvlJroDWVBhAqoS5SEIoj6AngL2txmw==, sun.java.launcher=SUN_STANDARD, user.country=US, env.USERDOMAIN=AzureAD, env.COMSPEC=C:\WINDOWS\system32\cmd.exe, sun.cpu.endian=little, user.language=en, env.PSEXECUTIONPOLICYPREFERENCE=Bypass, env.JAVACMD=C:\Users\FernandoHorn\.jdks\temurin-17.0.14\bin\java.exe, env.MAVEN_HOME=C:\Applications\Atlassian\atlassian-plugin-sdk-8.2.7\apache-maven-3.5.4\bin\.., env.WDIR=C:\, env.=C:=C:\Users\FernandoHorn\Documents\linx-jira-dc\jira-integracao-ponto\backend, java.runtime.name=OpenJDK Runtime Environment, project.build.sourceEncoding=UTF-8, env.COMMONPROGRAMFILES(X86)=C:\Program Files (x86)\Common Files, env.ZES_ENABLE_SYSMAN=1, env.MAVEN_CMD_LINE_ARGS=clean install -X, java.vendor.url.bug=https://github.com/adoptium/adoptium-support/issues, user.dir=C:\Users\FernandoHorn\Documents\linx-jira-dc\jira-integracao-ponto\backend, jira.version=10.3.4, java.vm.version=17.0.14+7}
[INFO] Using 'UTF-8' encoding to copy filtered resources.
[DEBUG] resource with targetPath null
directory src/main/resources
excludes []
includes [atlassian-plugin.xml]
[INFO] Copying 1 resource
[DEBUG] file atlassian-plugin.xml has a filtered file extension
[DEBUG] filering C:\Users\FernandoHorn\Documents\linx-jira-dc\jira-integracao-ponto\backend\src\main\resources\atlassian-plugin.xml to C:\Users\FernandoHorn\Documents\linx-jira-dc\jira-integracao-ponto\backend\target\classes\atlassian-plugin.xml
[INFO] 
[INFO] --- maven-compiler-plugin:3.12.1:compile (default-compile) @ integracaoponto ---
[DEBUG] Dependency collection stats: {ConflictMarker.analyzeTime=23500, ConflictMarker.markTime=18900, ConflictMarker.nodeCount=21, ConflictIdSorter.graphTime=7200, ConflictIdSorter.topsortTime=11700, ConflictIdSorter.conflictIdCount=15, ConflictIdSorter.conflictIdCycleCount=0, ConflictResolver.totalTime=99000, ConflictResolver.conflictItemCount=21, DefaultDependencyCollector.collectTime=370570200, DefaultDependencyCollector.transformTime=173600}
[DEBUG] org.apache.maven.plugins:maven-compiler-plugin:jar:3.12.1:
[DEBUG]    org.apache.maven.shared:maven-shared-utils:jar:3.4.2:compile
[DEBUG]       org.slf4j:slf4j-api:jar:1.7.36:compile
[DEBUG]       commons-io:commons-io:jar:2.11.0:compile
[DEBUG]    org.apache.maven.shared:maven-shared-incremental:jar:1.1:compile
[DEBUG]       org.codehaus.plexus:plexus-component-annotations:jar:1.5.5:compile
[DEBUG]    org.codehaus.plexus:plexus-java:jar:1.2.0:compile
[DEBUG]       org.ow2.asm:asm:jar:9.6:compile
[DEBUG]       com.thoughtworks.qdox:qdox:jar:2.0.3:compile
[DEBUG]    org.codehaus.plexus:plexus-compiler-api:jar:2.14.2:compile
[DEBUG]    org.codehaus.plexus:plexus-compiler-manager:jar:2.14.2:compile
[DEBUG]       javax.inject:javax.inject:jar:1:compile
[DEBUG]       org.codehaus.plexus:plexus-xml:jar:3.0.0:compile
[DEBUG]    org.codehaus.plexus:plexus-compiler-javac:jar:2.14.2:runtime
[DEBUG]    org.codehaus.plexus:plexus-utils:jar:4.0.0:compile
[DEBUG] Created new class realm plugin>org.apache.maven.plugins:maven-compiler-plugin:3.12.1
[DEBUG] Importing foreign packages into class realm plugin>org.apache.maven.plugins:maven-compiler-plugin:3.12.1
[DEBUG]   Imported:  < project>com.mindproapps.jira:integracaoponto:1.1.18
[DEBUG] Populating class realm plugin>org.apache.maven.plugins:maven-compiler-plugin:3.12.1
[DEBUG]   Included: org.apache.maven.plugins:maven-compiler-plugin:jar:3.12.1
[DEBUG]   Included: org.apache.maven.shared:maven-shared-utils:jar:3.4.2
[DEBUG]   Included: commons-io:commons-io:jar:2.11.0
[DEBUG]   Included: org.apache.maven.shared:maven-shared-incremental:jar:1.1
[DEBUG]   Included: org.codehaus.plexus:plexus-component-annotations:jar:1.5.5
[DEBUG]   Included: org.codehaus.plexus:plexus-java:jar:1.2.0
[DEBUG]   Included: org.ow2.asm:asm:jar:9.6
[DEBUG]   Included: com.thoughtworks.qdox:qdox:jar:2.0.3
[DEBUG]   Included: org.codehaus.plexus:plexus-compiler-api:jar:2.14.2
[DEBUG]   Included: org.codehaus.plexus:plexus-compiler-manager:jar:2.14.2
[DEBUG]   Included: org.codehaus.plexus:plexus-xml:jar:3.0.0
[DEBUG]   Included: org.codehaus.plexus:plexus-compiler-javac:jar:2.14.2
[DEBUG]   Included: org.codehaus.plexus:plexus-utils:jar:4.0.0
[DEBUG] Configuring mojo org.apache.maven.plugins:maven-compiler-plugin:3.12.1:compile from plugin realm ClassRealm[plugin>org.apache.maven.plugins:maven-compiler-plugin:3.12.1, parent: jdk.internal.loader.ClassLoaders$AppClassLoader@73d16e93]
[DEBUG] Configuring mojo 'org.apache.maven.plugins:maven-compiler-plugin:3.12.1:compile' with basic configurator -->
[DEBUG]   (f) annotationProcessorPathsUseDepMgmt = false
[DEBUG]   (f) basedir = C:\Users\FernandoHorn\Documents\linx-jira-dc\jira-integracao-ponto\backend
[DEBUG]   (f) buildDirectory = C:\Users\FernandoHorn\Documents\linx-jira-dc\jira-integracao-ponto\backend\target
[DEBUG]   (f) compilePath = [C:\Users\FernandoHorn\Documents\linx-jira-dc\jira-integracao-ponto\backend\target\classes, C:\Users\FernandoHorn\.m2\repository\javax\servlet\servlet-api\2.3\servlet-api-2.3.jar, C:\Users\FernandoHorn\.m2\repository\p6spy\p6spy\1.3\p6spy-1.3.jar, C:\Users\FernandoHorn\.m2\repository\commons-collections\commons-collections\3.1\commons-collections-3.1.jar, C:\Users\FernandoHorn\.m2\repository\commons-lang\commons-lang\2.4\commons-lang-2.4.jar, C:\Users\FernandoHorn\.m2\repository\commons-io\commons-io\2.4\commons-io-2.4.jar]
[DEBUG]   (f) compileSourceRoots = [C:\Users\FernandoHorn\Documents\linx-jira-dc\jira-integracao-ponto\backend\src\main\java]
[DEBUG]   (f) compilerId = javac
[DEBUG]   (f) createMissingPackageInfoClass = true
[DEBUG]   (f) debug = true
[DEBUG]   (f) debugFileName = javac
[DEBUG]   (f) enablePreview = false
[DEBUG]   (f) encoding = UTF-8
[DEBUG]   (f) failOnError = true
[DEBUG]   (f) failOnWarning = false
[DEBUG]   (f) fileExtensions = [jar, class]
[DEBUG]   (f) forceJavacCompilerUse = false
[DEBUG]   (f) fork = false
[DEBUG]   (f) generatedSourcesDirectory = C:\Users\FernandoHorn\Documents\linx-jira-dc\jira-integracao-ponto\backend\target\generated-sources\annotations
[DEBUG]   (f) mojoExecution = org.apache.maven.plugins:maven-compiler-plugin:3.12.1:compile {execution: default-compile}
[DEBUG]   (f) optimize = false
[DEBUG]   (f) outputDirectory = C:\Users\FernandoHorn\Documents\linx-jira-dc\jira-integracao-ponto\backend\target\classes
[DEBUG]   (f) parameters = false
[DEBUG]   (f) project = MavenProject: com.mindproapps.jira:integracaoponto:1.1.18 @ C:\Users\FernandoHorn\Documents\linx-jira-dc\jira-integracao-ponto\backend\pom.xml
[DEBUG]   (f) projectArtifact = com.mindproapps.jira:integracaoponto:atlassian-plugin:1.1.18
[DEBUG]   (f) session = org.apache.maven.execution.MavenSession@3e8b3b79
[DEBUG]   (f) showCompilationChanges = false
[DEBUG]   (f) showDeprecation = false
[DEBUG]   (f) showWarnings = true
[DEBUG]   (f) skipMultiThreadWarning = false
[DEBUG]   (f) source = 1.8
[DEBUG]   (f) staleMillis = 0
[DEBUG]   (s) target = 1.8
[DEBUG]   (f) useIncrementalCompilation = true
[DEBUG]   (f) verbose = false
[DEBUG] -- end configuration --
[DEBUG] Using compiler 'javac'.
[DEBUG] Adding C:\Users\FernandoHorn\Documents\linx-jira-dc\jira-integracao-ponto\backend\target\generated-sources\annotations to compile source roots:
  C:\Users\FernandoHorn\Documents\linx-jira-dc\jira-integracao-ponto\backend\src\main\java
[DEBUG] New compile source roots:
  C:\Users\FernandoHorn\Documents\linx-jira-dc\jira-integracao-ponto\backend\src\main\java
  C:\Users\FernandoHorn\Documents\linx-jira-dc\jira-integracao-ponto\backend\target\generated-sources\annotations
[DEBUG] CompilerReuseStrategy: reuseCreated
[DEBUG] useIncrementalCompilation enabled
[INFO] 	Stale source detected: C:\Users\FernandoHorn\Documents\linx-jira-dc\jira-integracao-ponto\backend\src\main\java\com\mindproapps\jira\integracaoponto\model\dto\reports\TeamDTO.java
[INFO] 	Stale source detected: C:\Users\FernandoHorn\Documents\linx-jira-dc\jira-integracao-ponto\backend\src\main\java\com\mindproapps\jira\integracaoponto\service\reports\ReportsService.java
[INFO] 	Stale source detected: C:\Users\FernandoHorn\Documents\linx-jira-dc\jira-integracao-ponto\backend\src\main\java\com\mindproapps\jira\integracaoponto\conditions\UserTempoAdminCondition.java
[INFO] 	Stale source detected: C:\Users\FernandoHorn\Documents\linx-jira-dc\jira-integracao-ponto\backend\src\main\java\com\mindproapps\jira\integracaoponto\model\dto\user\DeParaUserListDTO.java
[INFO] 	Stale source detected: C:\Users\FernandoHorn\Documents\linx-jira-dc\jira-integracao-ponto\backend\src\main\java\com\mindproapps\jira\integracaoponto\rest\api\user\UserRestApi.java
[INFO] 	Stale source detected: C:\Users\FernandoHorn\Documents\linx-jira-dc\jira-integracao-ponto\backend\src\main\java\com\mindproapps\jira\integracaoponto\model\dto\reports\HoursReportsResponseDTO.java
[INFO] 	Stale source detected: C:\Users\FernandoHorn\Documents\linx-jira-dc\jira-integracao-ponto\backend\src\main\java\com\mindproapps\jira\integracaoponto\dao\reports\ReportsDAO.java
[INFO] 	Stale source detected: C:\Users\FernandoHorn\Documents\linx-jira-dc\jira-integracao-ponto\backend\src\main\java\com\mindproapps\jira\integracaoponto\dao\timesheet\TimesheetApprovalsOriginTraceDAO.java
[INFO] 	Stale source detected: C:\Users\FernandoHorn\Documents\linx-jira-dc\jira-integracao-ponto\backend\src\main\java\com\mindproapps\jira\integracaoponto\exception\InvalidDateIntervalException.java
[INFO] 	Stale source detected: C:\Users\FernandoHorn\Documents\linx-jira-dc\jira-integracao-ponto\backend\src\main\java\com\mindproapps\jira\integracaoponto\util\UnsubmittedHoursDTOComparator.java
[INFO] 	Stale source detected: C:\Users\FernandoHorn\Documents\linx-jira-dc\jira-integracao-ponto\backend\src\main\java\com\mindproapps\jira\integracaoponto\dao\tempo\timesheet\TempoTimesheetDAO.java
[INFO] 	Stale source detected: C:\Users\FernandoHorn\Documents\linx-jira-dc\jira-integracao-ponto\backend\src\main\java\com\mindproapps\jira\integracaoponto\service\ponto\PontoService.java
[INFO] 	Stale source detected: C:\Users\FernandoHorn\Documents\linx-jira-dc\jira-integracao-ponto\backend\src\main\java\com\mindproapps\jira\integracaoponto\util\ConversionUtils.java
[INFO] 	Stale source detected: C:\Users\FernandoHorn\Documents\linx-jira-dc\jira-integracao-ponto\backend\src\main\java\com\mindproapps\jira\integracaoponto\impl\MyPluginComponentImpl.java
[INFO] 	Stale source detected: C:\Users\FernandoHorn\Documents\linx-jira-dc\jira-integracao-ponto\backend\src\main\java\com\mindproapps\jira\integracaoponto\model\timesheets\TSApprOriginTrace.java
[INFO] 	Stale source detected: C:\Users\FernandoHorn\Documents\linx-jira-dc\jira-integracao-ponto\backend\src\main\java\com\mindproapps\jira\integracaoponto\model\dto\approval\TimesheetReopenRequestDTO.java
[INFO] 	Stale source detected: C:\Users\FernandoHorn\Documents\linx-jira-dc\jira-integracao-ponto\backend\src\main\java\com\mindproapps\jira\integracaoponto\dao\base\TriggerCreatorDAO.java
[INFO] 	Stale source detected: C:\Users\FernandoHorn\Documents\linx-jira-dc\jira-integracao-ponto\backend\src\main\java\com\mindproapps\jira\integracaoponto\model\dto\email\EmailDTO.java
[INFO] 	Stale source detected: C:\Users\FernandoHorn\Documents\linx-jira-dc\jira-integracao-ponto\backend\src\main\java\com\mindproapps\jira\integracaoponto\webwork\RelatorioWebWorkAction.java
[INFO] 	Stale source detected: C:\Users\FernandoHorn\Documents\linx-jira-dc\jira-integracao-ponto\backend\src\main\java\com\mindproapps\jira\integracaoponto\rest\api\i18n\I18nRestApi.java
[INFO] 	Stale source detected: C:\Users\FernandoHorn\Documents\linx-jira-dc\jira-integracao-ponto\backend\src\main\java\com\mindproapps\jira\integracaoponto\model\dto\reports\HoursReportsRequestDTO.java
[INFO] 	Stale source detected: C:\Users\FernandoHorn\Documents\linx-jira-dc\jira-integracao-ponto\backend\src\main\java\com\mindproapps\jira\integracaoponto\model\dto\timesheetconfig\TimesheetConfigDTO.java
[INFO] 	Stale source detected: C:\Users\FernandoHorn\Documents\linx-jira-dc\jira-integracao-ponto\backend\src\main\java\com\mindproapps\jira\integracaoponto\model\config\Config.java
[INFO] 	Stale source detected: C:\Users\FernandoHorn\Documents\linx-jira-dc\jira-integracao-ponto\backend\src\main\java\com\mindproapps\jira\integracaoponto\dao\ponto\PontoDAO.java
[INFO] 	Stale source detected: C:\Users\FernandoHorn\Documents\linx-jira-dc\jira-integracao-ponto\backend\src\main\java\com\mindproapps\jira\integracaoponto\listener\TempoTimesheetListener.java
[INFO] 	Stale source detected: C:\Users\FernandoHorn\Documents\linx-jira-dc\jira-integracao-ponto\backend\src\main\java\com\mindproapps\jira\integracaoponto\service\reports\impl\ReportsServiceImpl.java
[INFO] 	Stale source detected: C:\Users\FernandoHorn\Documents\linx-jira-dc\jira-integracao-ponto\backend\src\main\java\com\mindproapps\jira\integracaoponto\rest\api\period\AuditPeriodRestApi.java
[INFO] 	Stale source detected: C:\Users\FernandoHorn\Documents\linx-jira-dc\jira-integracao-ponto\backend\src\main\java\com\mindproapps\jira\integracaoponto\service\config\impl\ConfigServiceImpl.java
[INFO] 	Stale source detected: C:\Users\FernandoHorn\Documents\linx-jira-dc\jira-integracao-ponto\backend\src\main\java\com\mindproapps\jira\integracaoponto\service\user\impl\UserServiceImpl.java
[INFO] 	Stale source detected: C:\Users\FernandoHorn\Documents\linx-jira-dc\jira-integracao-ponto\backend\src\main\java\com\mindproapps\jira\integracaoponto\model\dto\reports\PartialTimesheetReportsDTO.java
[INFO] 	Stale source detected: C:\Users\FernandoHorn\Documents\linx-jira-dc\jira-integracao-ponto\backend\src\main\java\com\mindproapps\jira\integracaoponto\service\config\ConfigService.java
[INFO] 	Stale source detected: C:\Users\FernandoHorn\Documents\linx-jira-dc\jira-integracao-ponto\backend\src\main\java\com\mindproapps\jira\integracaoponto\service\period\AuditPeriodService.java
[INFO] 	Stale source detected: C:\Users\FernandoHorn\Documents\linx-jira-dc\jira-integracao-ponto\backend\src\main\java\com\mindproapps\jira\integracaoponto\conditions\UserTempoTeamLeadCondition.java
[INFO] 	Stale source detected: C:\Users\FernandoHorn\Documents\linx-jira-dc\jira-integracao-ponto\backend\src\main\java\com\mindproapps\jira\integracaoponto\service\mail\impl\MailServiceImpl.java
[INFO] 	Stale source detected: C:\Users\FernandoHorn\Documents\linx-jira-dc\jira-integracao-ponto\backend\src\main\java\com\mindproapps\jira\integracaoponto\model\dto\approval\TimesheetsWaitingForApprovalDTO.java
[INFO] 	Stale source detected: C:\Users\FernandoHorn\Documents\linx-jira-dc\jira-integracao-ponto\backend\src\main\java\com\mindproapps\jira\integracaoponto\service\mail\MailService.java
[INFO] 	Stale source detected: C:\Users\FernandoHorn\Documents\linx-jira-dc\jira-integracao-ponto\backend\src\main\java\com\mindproapps\jira\integracaoponto\service\user\UserService.java
[INFO] 	Stale source detected: C:\Users\FernandoHorn\Documents\linx-jira-dc\jira-integracao-ponto\backend\src\main\java\com\mindproapps\jira\integracaoponto\dao\config\ConfigDAO.java
[INFO] 	Stale source detected: C:\Users\FernandoHorn\Documents\linx-jira-dc\jira-integracao-ponto\backend\src\main\java\com\mindproapps\jira\integracaoponto\service\approval\ApproveHoursService.java
[INFO] 	Stale source detected: C:\Users\FernandoHorn\Documents\linx-jira-dc\jira-integracao-ponto\backend\src\main\java\com\mindproapps\jira\integracaoponto\model\dto\PontoHoursContainerDTO.java
[INFO] 	Stale source detected: C:\Users\FernandoHorn\Documents\linx-jira-dc\jira-integracao-ponto\backend\src\main\java\com\mindproapps\jira\integracaoponto\model\dto\reports\UnsubmittedHoursDTO.java
[INFO] 	Stale source detected: C:\Users\FernandoHorn\Documents\linx-jira-dc\jira-integracao-ponto\backend\src\main\java\com\mindproapps\jira\integracaoponto\service\i18n\impl\I18nServiceImpl.java
[INFO] 	Stale source detected: C:\Users\FernandoHorn\Documents\linx-jira-dc\jira-integracao-ponto\backend\src\main\java\com\mindproapps\jira\integracaoponto\conditions\ConditionsHelper.java
[INFO] 	Stale source detected: C:\Users\FernandoHorn\Documents\linx-jira-dc\jira-integracao-ponto\backend\src\main\java\com\mindproapps\jira\integracaoponto\model\dto\reports\TimesheetReportsDTO.java
[INFO] 	Stale source detected: C:\Users\FernandoHorn\Documents\linx-jira-dc\jira-integracao-ponto\backend\src\main\java\com\mindproapps\jira\integracaoponto\dao\user\depara\DeParaUserDAO.java
[INFO] 	Stale source detected: C:\Users\FernandoHorn\Documents\linx-jira-dc\jira-integracao-ponto\backend\src\main\java\com\mindproapps\jira\integracaoponto\exception\NoLoggedUserException.java
[INFO] 	Stale source detected: C:\Users\FernandoHorn\Documents\linx-jira-dc\jira-integracao-ponto\backend\src\main\java\com\mindproapps\jira\integracaoponto\model\dto\period\TimesheetsPeriodDTO.java
[INFO] 	Stale source detected: C:\Users\FernandoHorn\Documents\linx-jira-dc\jira-integracao-ponto\backend\src\main\java\com\mindproapps\jira\integracaoponto\model\dto\user\GroupNameDTO.java
[INFO] 	Stale source detected: C:\Users\FernandoHorn\Documents\linx-jira-dc\jira-integracao-ponto\backend\src\main\java\com\mindproapps\jira\integracaoponto\model\period\AuditPeriod.java
[INFO] 	Stale source detected: C:\Users\FernandoHorn\Documents\linx-jira-dc\jira-integracao-ponto\backend\src\main\java\com\mindproapps\jira\integracaoponto\model\user\DeParaUser.java
[INFO] 	Stale source detected: C:\Users\FernandoHorn\Documents\linx-jira-dc\jira-integracao-ponto\backend\src\main\java\com\mindproapps\jira\integracaoponto\service\approval\impl\ApproveHoursServiceImpl.java
[INFO] 	Stale source detected: C:\Users\FernandoHorn\Documents\linx-jira-dc\jira-integracao-ponto\backend\src\main\java\com\mindproapps\jira\integracaoponto\service\ponto\impl\PontoServiceImpl.java
[INFO] 	Stale source detected: C:\Users\FernandoHorn\Documents\linx-jira-dc\jira-integracao-ponto\backend\src\main\java\com\mindproapps\jira\integracaoponto\rest\api\approval\ApproveHoursRestApi.java
[INFO] 	Stale source detected: C:\Users\FernandoHorn\Documents\linx-jira-dc\jira-integracao-ponto\backend\src\main\java\com\mindproapps\jira\integracaoponto\webwork\AprovacaoWebWorkAction.java
[INFO] 	Stale source detected: C:\Users\FernandoHorn\Documents\linx-jira-dc\jira-integracao-ponto\backend\src\main\java\com\mindproapps\jira\integracaoponto\webwork\SettingsWebWorkAction.java
[INFO] 	Stale source detected: C:\Users\FernandoHorn\Documents\linx-jira-dc\jira-integracao-ponto\backend\src\main\java\com\mindproapps\jira\integracaoponto\model\timesheets\TimesheetAction.java
[INFO] 	Stale source detected: C:\Users\FernandoHorn\Documents\linx-jira-dc\jira-integracao-ponto\backend\src\main\java\com\mindproapps\jira\integracaoponto\model\dto\ponto\PontoDTO.java
[INFO] 	Stale source detected: C:\Users\FernandoHorn\Documents\linx-jira-dc\jira-integracao-ponto\backend\src\main\java\com\mindproapps\jira\integracaoponto\api\MyPluginComponent.java
[INFO] 	Stale source detected: C:\Users\FernandoHorn\Documents\linx-jira-dc\jira-integracao-ponto\backend\src\main\java\com\mindproapps\jira\integracaoponto\dao\period\AuditPeriodDAO.java
[INFO] 	Stale source detected: C:\Users\FernandoHorn\Documents\linx-jira-dc\jira-integracao-ponto\backend\src\main\java\com\mindproapps\jira\integracaoponto\model\dto\email\EmailTemplateDTO.java
[INFO] 	Stale source detected: C:\Users\FernandoHorn\Documents\linx-jira-dc\jira-integracao-ponto\backend\src\main\java\com\mindproapps\jira\integracaoponto\model\dto\user\UsernameUserKeyDTO.java
[INFO] 	Stale source detected: C:\Users\FernandoHorn\Documents\linx-jira-dc\jira-integracao-ponto\backend\src\main\java\com\mindproapps\jira\integracaoponto\exception\CantLoginAPIException.java
[INFO] 	Stale source detected: C:\Users\FernandoHorn\Documents\linx-jira-dc\jira-integracao-ponto\backend\src\main\java\com\mindproapps\jira\integracaoponto\model\dto\approval\TimesheetRejectRequestDTO.java
[INFO] 	Stale source detected: C:\Users\FernandoHorn\Documents\linx-jira-dc\jira-integracao-ponto\backend\src\main\java\com\mindproapps\jira\integracaoponto\model\dto\period\AuditPeriodDTO.java
[INFO] 	Stale source detected: C:\Users\FernandoHorn\Documents\linx-jira-dc\jira-integracao-ponto\backend\src\main\java\com\mindproapps\jira\integracaoponto\model\user\AuditDeParaUser.java
[INFO] 	Stale source detected: C:\Users\FernandoHorn\Documents\linx-jira-dc\jira-integracao-ponto\backend\src\main\java\com\mindproapps\jira\integracaoponto\model\dto\reports\AccountTimesheetReportsDTO.java
[INFO] 	Stale source detected: C:\Users\FernandoHorn\Documents\linx-jira-dc\jira-integracao-ponto\backend\src\main\java\com\mindproapps\jira\integracaoponto\validator\PeriodValidator.java
[INFO] 	Stale source detected: C:\Users\FernandoHorn\Documents\linx-jira-dc\jira-integracao-ponto\backend\src\main\java\com\mindproapps\jira\integracaoponto\conditions\BaseCondition.java
[INFO] 	Stale source detected: C:\Users\FernandoHorn\Documents\linx-jira-dc\jira-integracao-ponto\backend\src\main\java\com\mindproapps\jira\integracaoponto\model\dto\BaseDTO.java
[INFO] 	Stale source detected: C:\Users\FernandoHorn\Documents\linx-jira-dc\jira-integracao-ponto\backend\src\main\java\com\mindproapps\jira\integracaoponto\service\period\impl\AuditPeriodServiceImpl.java
[INFO] 	Stale source detected: C:\Users\FernandoHorn\Documents\linx-jira-dc\jira-integracao-ponto\backend\src\main\java\com\mindproapps\jira\integracaoponto\model\dto\approval\TimesheetApprovalDTO.java
[INFO] 	Stale source detected: C:\Users\FernandoHorn\Documents\linx-jira-dc\jira-integracao-ponto\backend\src\main\java\com\mindproapps\jira\integracaoponto\model\dto\user\DeParaUserDTO.java
[INFO] 	Stale source detected: C:\Users\FernandoHorn\Documents\linx-jira-dc\jira-integracao-ponto\backend\src\main\java\com\mindproapps\jira\integracaoponto\webwork\CadastroWebWorkAction.java
[INFO] 	Stale source detected: C:\Users\FernandoHorn\Documents\linx-jira-dc\jira-integracao-ponto\backend\src\main\java\com\mindproapps\jira\integracaoponto\model\dto\user\AuditDeParaUserDTO.java
[INFO] 	Stale source detected: C:\Users\FernandoHorn\Documents\linx-jira-dc\jira-integracao-ponto\backend\src\main\java\com\mindproapps\jira\integracaoponto\dao\base\BaseDAO.java
[INFO] 	Stale source detected: C:\Users\FernandoHorn\Documents\linx-jira-dc\jira-integracao-ponto\backend\src\main\java\com\mindproapps\jira\integracaoponto\model\dto\reports\CategoryAccountDTO.java
[INFO] 	Stale source detected: C:\Users\FernandoHorn\Documents\linx-jira-dc\jira-integracao-ponto\backend\src\main\java\com\mindproapps\jira\integracaoponto\util\AccountHoursDTOComparator.java
[INFO] 	Stale source detected: C:\Users\FernandoHorn\Documents\linx-jira-dc\jira-integracao-ponto\backend\src\main\java\com\mindproapps\jira\integracaoponto\model\dto\approval\TimesheetsWaitingForApprovalResponseDTO.java
[INFO] 	Stale source detected: C:\Users\FernandoHorn\Documents\linx-jira-dc\jira-integracao-ponto\backend\src\main\java\com\mindproapps\jira\integracaoponto\model\dto\reports\AccountDTO.java
[INFO] 	Stale source detected: C:\Users\FernandoHorn\Documents\linx-jira-dc\jira-integracao-ponto\backend\src\main\java\com\mindproapps\jira\integracaoponto\rest\api\reports\ReportsRestApi.java
[INFO] 	Stale source detected: C:\Users\FernandoHorn\Documents\linx-jira-dc\jira-integracao-ponto\backend\src\main\java\com\mindproapps\jira\integracaoponto\rest\client\PontoRestClient.java
[INFO] 	Stale source detected: C:\Users\FernandoHorn\Documents\linx-jira-dc\jira-integracao-ponto\backend\src\main\java\com\mindproapps\jira\integracaoponto\dao\user\jira\JiraUserDAO.java
[INFO] 	Stale source detected: C:\Users\FernandoHorn\Documents\linx-jira-dc\jira-integracao-ponto\backend\src\main\java\com\mindproapps\jira\integracaoponto\webwork\LogsWebWorkAction.java
[INFO] 	Stale source detected: C:\Users\FernandoHorn\Documents\linx-jira-dc\jira-integracao-ponto\backend\src\main\java\com\mindproapps\jira\integracaoponto\model\dto\user\DeParaUserListRequestDTO.java
[INFO] 	Stale source detected: C:\Users\FernandoHorn\Documents\linx-jira-dc\jira-integracao-ponto\backend\src\main\java\com\mindproapps\jira\integracaoponto\rest\api\config\ConfigRestApi.java
[INFO] 	Stale source detected: C:\Users\FernandoHorn\Documents\linx-jira-dc\jira-integracao-ponto\backend\src\main\java\com\mindproapps\jira\integracaoponto\model\base\Entity.java
[INFO] 	Stale source detected: C:\Users\FernandoHorn\Documents\linx-jira-dc\jira-integracao-ponto\backend\src\main\java\com\mindproapps\jira\integracaoponto\model\timesheets\TimesheetActionOrigin.java
[INFO] 	Stale source detected: C:\Users\FernandoHorn\Documents\linx-jira-dc\jira-integracao-ponto\backend\src\main\java\com\mindproapps\jira\integracaoponto\dao\tempo\team\TempoTeamDAO.java
[INFO] 	Stale source detected: C:\Users\FernandoHorn\Documents\linx-jira-dc\jira-integracao-ponto\backend\src\main\java\com\mindproapps\jira\integracaoponto\model\dto\ponto\PontoRequestDTO.java
[INFO] 	Stale source detected: C:\Users\FernandoHorn\Documents\linx-jira-dc\jira-integracao-ponto\backend\src\main\java\com\mindproapps\jira\integracaoponto\listener\PluginEventsListener.java
[INFO] 	Stale source detected: C:\Users\FernandoHorn\Documents\linx-jira-dc\jira-integracao-ponto\backend\src\main\java\com\mindproapps\jira\integracaoponto\model\dto\reports\TimesheetReportsResponseDTO.java
[INFO] 	Stale source detected: C:\Users\FernandoHorn\Documents\linx-jira-dc\jira-integracao-ponto\backend\src\main\java\com\mindproapps\jira\integracaoponto\listener\GenericListener.java
[INFO] 	Stale source detected: C:\Users\FernandoHorn\Documents\linx-jira-dc\jira-integracao-ponto\backend\src\main\java\com\mindproapps\jira\integracaoponto\service\i18n\I18nService.java
[INFO] 	Stale source detected: C:\Users\FernandoHorn\Documents\linx-jira-dc\jira-integracao-ponto\backend\src\main\java\com\mindproapps\jira\integracaoponto\model\dto\approval\TimesheetSubmitRequestDTO.java
[INFO] 	Stale source detected: C:\Users\FernandoHorn\Documents\linx-jira-dc\jira-integracao-ponto\backend\src\main\java\com\mindproapps\jira\integracaoponto\model\dto\config\ConfigDTO.java
[INFO] 	Input tree files (+): C:\Users\FernandoHorn\Documents\linx-jira-dc\jira-integracao-ponto\backend\src\main\java\com\mindproapps\jira\integracaoponto\api\MyPluginComponent.java
[INFO] 	Input tree files (+): C:\Users\FernandoHorn\Documents\linx-jira-dc\jira-integracao-ponto\backend\src\main\java\com\mindproapps\jira\integracaoponto\conditions\BaseCondition.java
[INFO] 	Input tree files (+): C:\Users\FernandoHorn\Documents\linx-jira-dc\jira-integracao-ponto\backend\src\main\java\com\mindproapps\jira\integracaoponto\conditions\ConditionsHelper.java
[INFO] 	Input tree files (+): C:\Users\FernandoHorn\Documents\linx-jira-dc\jira-integracao-ponto\backend\src\main\java\com\mindproapps\jira\integracaoponto\conditions\UserTempoAdminCondition.java
[INFO] 	Input tree files (+): C:\Users\FernandoHorn\Documents\linx-jira-dc\jira-integracao-ponto\backend\src\main\java\com\mindproapps\jira\integracaoponto\conditions\UserTempoTeamLeadCondition.java
[INFO] 	Input tree files (+): C:\Users\FernandoHorn\Documents\linx-jira-dc\jira-integracao-ponto\backend\src\main\java\com\mindproapps\jira\integracaoponto\dao\base\BaseDAO.java
[INFO] 	Input tree files (+): C:\Users\FernandoHorn\Documents\linx-jira-dc\jira-integracao-ponto\backend\src\main\java\com\mindproapps\jira\integracaoponto\dao\base\TriggerCreatorDAO.java
[INFO] 	Input tree files (+): C:\Users\FernandoHorn\Documents\linx-jira-dc\jira-integracao-ponto\backend\src\main\java\com\mindproapps\jira\integracaoponto\dao\config\ConfigDAO.java
[INFO] 	Input tree files (+): C:\Users\FernandoHorn\Documents\linx-jira-dc\jira-integracao-ponto\backend\src\main\java\com\mindproapps\jira\integracaoponto\dao\period\AuditPeriodDAO.java
[INFO] 	Input tree files (+): C:\Users\FernandoHorn\Documents\linx-jira-dc\jira-integracao-ponto\backend\src\main\java\com\mindproapps\jira\integracaoponto\dao\ponto\PontoDAO.java
[INFO] 	Input tree files (+): C:\Users\FernandoHorn\Documents\linx-jira-dc\jira-integracao-ponto\backend\src\main\java\com\mindproapps\jira\integracaoponto\dao\reports\ReportsDAO.java
[INFO] 	Input tree files (+): C:\Users\FernandoHorn\Documents\linx-jira-dc\jira-integracao-ponto\backend\src\main\java\com\mindproapps\jira\integracaoponto\dao\tempo\team\TempoTeamDAO.java
[INFO] 	Input tree files (+): C:\Users\FernandoHorn\Documents\linx-jira-dc\jira-integracao-ponto\backend\src\main\java\com\mindproapps\jira\integracaoponto\dao\tempo\timesheet\TempoTimesheetDAO.java
[INFO] 	Input tree files (+): C:\Users\FernandoHorn\Documents\linx-jira-dc\jira-integracao-ponto\backend\src\main\java\com\mindproapps\jira\integracaoponto\dao\timesheet\TimesheetApprovalsOriginTraceDAO.java
[INFO] 	Input tree files (+): C:\Users\FernandoHorn\Documents\linx-jira-dc\jira-integracao-ponto\backend\src\main\java\com\mindproapps\jira\integracaoponto\dao\user\depara\DeParaUserDAO.java
[INFO] 	Input tree files (+): C:\Users\FernandoHorn\Documents\linx-jira-dc\jira-integracao-ponto\backend\src\main\java\com\mindproapps\jira\integracaoponto\dao\user\jira\JiraUserDAO.java
[INFO] 	Input tree files (+): C:\Users\FernandoHorn\Documents\linx-jira-dc\jira-integracao-ponto\backend\src\main\java\com\mindproapps\jira\integracaoponto\exception\CantLoginAPIException.java
[INFO] 	Input tree files (+): C:\Users\FernandoHorn\Documents\linx-jira-dc\jira-integracao-ponto\backend\src\main\java\com\mindproapps\jira\integracaoponto\exception\InvalidDateIntervalException.java
[INFO] 	Input tree files (+): C:\Users\FernandoHorn\Documents\linx-jira-dc\jira-integracao-ponto\backend\src\main\java\com\mindproapps\jira\integracaoponto\exception\NoLoggedUserException.java
[INFO] 	Input tree files (+): C:\Users\FernandoHorn\Documents\linx-jira-dc\jira-integracao-ponto\backend\src\main\java\com\mindproapps\jira\integracaoponto\impl\MyPluginComponentImpl.java
[INFO] 	Input tree files (+): C:\Users\FernandoHorn\Documents\linx-jira-dc\jira-integracao-ponto\backend\src\main\java\com\mindproapps\jira\integracaoponto\listener\GenericListener.java
[INFO] 	Input tree files (+): C:\Users\FernandoHorn\Documents\linx-jira-dc\jira-integracao-ponto\backend\src\main\java\com\mindproapps\jira\integracaoponto\listener\PluginEventsListener.java
[INFO] 	Input tree files (+): C:\Users\FernandoHorn\Documents\linx-jira-dc\jira-integracao-ponto\backend\src\main\java\com\mindproapps\jira\integracaoponto\listener\TempoTimesheetListener.java
[INFO] 	Input tree files (+): C:\Users\FernandoHorn\Documents\linx-jira-dc\jira-integracao-ponto\backend\src\main\java\com\mindproapps\jira\integracaoponto\model\base\Entity.java
[INFO] 	Input tree files (+): C:\Users\FernandoHorn\Documents\linx-jira-dc\jira-integracao-ponto\backend\src\main\java\com\mindproapps\jira\integracaoponto\model\config\Config.java
[INFO] 	Input tree files (+): C:\Users\FernandoHorn\Documents\linx-jira-dc\jira-integracao-ponto\backend\src\main\java\com\mindproapps\jira\integracaoponto\model\dto\approval\TimesheetApprovalDTO.java
[INFO] 	Input tree files (+): C:\Users\FernandoHorn\Documents\linx-jira-dc\jira-integracao-ponto\backend\src\main\java\com\mindproapps\jira\integracaoponto\model\dto\approval\TimesheetRejectRequestDTO.java
[INFO] 	Input tree files (+): C:\Users\FernandoHorn\Documents\linx-jira-dc\jira-integracao-ponto\backend\src\main\java\com\mindproapps\jira\integracaoponto\model\dto\approval\TimesheetReopenRequestDTO.java
[INFO] 	Input tree files (+): C:\Users\FernandoHorn\Documents\linx-jira-dc\jira-integracao-ponto\backend\src\main\java\com\mindproapps\jira\integracaoponto\model\dto\approval\TimesheetSubmitRequestDTO.java
[INFO] 	Input tree files (+): C:\Users\FernandoHorn\Documents\linx-jira-dc\jira-integracao-ponto\backend\src\main\java\com\mindproapps\jira\integracaoponto\model\dto\approval\TimesheetsWaitingForApprovalDTO.java
[INFO] 	Input tree files (+): C:\Users\FernandoHorn\Documents\linx-jira-dc\jira-integracao-ponto\backend\src\main\java\com\mindproapps\jira\integracaoponto\model\dto\approval\TimesheetsWaitingForApprovalResponseDTO.java
[INFO] 	Input tree files (+): C:\Users\FernandoHorn\Documents\linx-jira-dc\jira-integracao-ponto\backend\src\main\java\com\mindproapps\jira\integracaoponto\model\dto\BaseDTO.java
[INFO] 	Input tree files (+): C:\Users\FernandoHorn\Documents\linx-jira-dc\jira-integracao-ponto\backend\src\main\java\com\mindproapps\jira\integracaoponto\model\dto\config\ConfigDTO.java
[INFO] 	Input tree files (+): C:\Users\FernandoHorn\Documents\linx-jira-dc\jira-integracao-ponto\backend\src\main\java\com\mindproapps\jira\integracaoponto\model\dto\email\EmailDTO.java
[INFO] 	Input tree files (+): C:\Users\FernandoHorn\Documents\linx-jira-dc\jira-integracao-ponto\backend\src\main\java\com\mindproapps\jira\integracaoponto\model\dto\email\EmailTemplateDTO.java
[INFO] 	Input tree files (+): C:\Users\FernandoHorn\Documents\linx-jira-dc\jira-integracao-ponto\backend\src\main\java\com\mindproapps\jira\integracaoponto\model\dto\period\AuditPeriodDTO.java
[INFO] 	Input tree files (+): C:\Users\FernandoHorn\Documents\linx-jira-dc\jira-integracao-ponto\backend\src\main\java\com\mindproapps\jira\integracaoponto\model\dto\period\TimesheetsPeriodDTO.java
[INFO] 	Input tree files (+): C:\Users\FernandoHorn\Documents\linx-jira-dc\jira-integracao-ponto\backend\src\main\java\com\mindproapps\jira\integracaoponto\model\dto\ponto\PontoDTO.java
[INFO] 	Input tree files (+): C:\Users\FernandoHorn\Documents\linx-jira-dc\jira-integracao-ponto\backend\src\main\java\com\mindproapps\jira\integracaoponto\model\dto\ponto\PontoRequestDTO.java
[INFO] 	Input tree files (+): C:\Users\FernandoHorn\Documents\linx-jira-dc\jira-integracao-ponto\backend\src\main\java\com\mindproapps\jira\integracaoponto\model\dto\PontoHoursContainerDTO.java
[INFO] 	Input tree files (+): C:\Users\FernandoHorn\Documents\linx-jira-dc\jira-integracao-ponto\backend\src\main\java\com\mindproapps\jira\integracaoponto\model\dto\reports\AccountDTO.java
[INFO] 	Input tree files (+): C:\Users\FernandoHorn\Documents\linx-jira-dc\jira-integracao-ponto\backend\src\main\java\com\mindproapps\jira\integracaoponto\model\dto\reports\AccountTimesheetReportsDTO.java
[INFO] 	Input tree files (+): C:\Users\FernandoHorn\Documents\linx-jira-dc\jira-integracao-ponto\backend\src\main\java\com\mindproapps\jira\integracaoponto\model\dto\reports\CategoryAccountDTO.java
[INFO] 	Input tree files (+): C:\Users\FernandoHorn\Documents\linx-jira-dc\jira-integracao-ponto\backend\src\main\java\com\mindproapps\jira\integracaoponto\model\dto\reports\HoursReportsRequestDTO.java
[INFO] 	Input tree files (+): C:\Users\FernandoHorn\Documents\linx-jira-dc\jira-integracao-ponto\backend\src\main\java\com\mindproapps\jira\integracaoponto\model\dto\reports\HoursReportsResponseDTO.java
[INFO] 	Input tree files (+): C:\Users\FernandoHorn\Documents\linx-jira-dc\jira-integracao-ponto\backend\src\main\java\com\mindproapps\jira\integracaoponto\model\dto\reports\PartialTimesheetReportsDTO.java
[INFO] 	Input tree files (+): C:\Users\FernandoHorn\Documents\linx-jira-dc\jira-integracao-ponto\backend\src\main\java\com\mindproapps\jira\integracaoponto\model\dto\reports\TeamDTO.java
[INFO] 	Input tree files (+): C:\Users\FernandoHorn\Documents\linx-jira-dc\jira-integracao-ponto\backend\src\main\java\com\mindproapps\jira\integracaoponto\model\dto\reports\TimesheetReportsDTO.java
[INFO] 	Input tree files (+): C:\Users\FernandoHorn\Documents\linx-jira-dc\jira-integracao-ponto\backend\src\main\java\com\mindproapps\jira\integracaoponto\model\dto\reports\TimesheetReportsResponseDTO.java
[INFO] 	Input tree files (+): C:\Users\FernandoHorn\Documents\linx-jira-dc\jira-integracao-ponto\backend\src\main\java\com\mindproapps\jira\integracaoponto\model\dto\reports\UnsubmittedHoursDTO.java
[INFO] 	Input tree files (+): C:\Users\FernandoHorn\Documents\linx-jira-dc\jira-integracao-ponto\backend\src\main\java\com\mindproapps\jira\integracaoponto\model\dto\timesheetconfig\TimesheetConfigDTO.java
[INFO] 	Input tree files (+): C:\Users\FernandoHorn\Documents\linx-jira-dc\jira-integracao-ponto\backend\src\main\java\com\mindproapps\jira\integracaoponto\model\dto\user\AuditDeParaUserDTO.java
[INFO] 	Input tree files (+): C:\Users\FernandoHorn\Documents\linx-jira-dc\jira-integracao-ponto\backend\src\main\java\com\mindproapps\jira\integracaoponto\model\dto\user\DeParaUserDTO.java
[INFO] 	Input tree files (+): C:\Users\FernandoHorn\Documents\linx-jira-dc\jira-integracao-ponto\backend\src\main\java\com\mindproapps\jira\integracaoponto\model\dto\user\DeParaUserListDTO.java
[INFO] 	Input tree files (+): C:\Users\FernandoHorn\Documents\linx-jira-dc\jira-integracao-ponto\backend\src\main\java\com\mindproapps\jira\integracaoponto\model\dto\user\DeParaUserListRequestDTO.java
[INFO] 	Input tree files (+): C:\Users\FernandoHorn\Documents\linx-jira-dc\jira-integracao-ponto\backend\src\main\java\com\mindproapps\jira\integracaoponto\model\dto\user\GroupNameDTO.java
[INFO] 	Input tree files (+): C:\Users\FernandoHorn\Documents\linx-jira-dc\jira-integracao-ponto\backend\src\main\java\com\mindproapps\jira\integracaoponto\model\dto\user\UsernameUserKeyDTO.java
[INFO] 	Input tree files (+): C:\Users\FernandoHorn\Documents\linx-jira-dc\jira-integracao-ponto\backend\src\main\java\com\mindproapps\jira\integracaoponto\model\period\AuditPeriod.java
[INFO] 	Input tree files (+): C:\Users\FernandoHorn\Documents\linx-jira-dc\jira-integracao-ponto\backend\src\main\java\com\mindproapps\jira\integracaoponto\model\timesheets\TimesheetAction.java
[INFO] 	Input tree files (+): C:\Users\FernandoHorn\Documents\linx-jira-dc\jira-integracao-ponto\backend\src\main\java\com\mindproapps\jira\integracaoponto\model\timesheets\TimesheetActionOrigin.java
[INFO] 	Input tree files (+): C:\Users\FernandoHorn\Documents\linx-jira-dc\jira-integracao-ponto\backend\src\main\java\com\mindproapps\jira\integracaoponto\model\timesheets\TSApprOriginTrace.java
[INFO] 	Input tree files (+): C:\Users\FernandoHorn\Documents\linx-jira-dc\jira-integracao-ponto\backend\src\main\java\com\mindproapps\jira\integracaoponto\model\user\AuditDeParaUser.java
[INFO] 	Input tree files (+): C:\Users\FernandoHorn\Documents\linx-jira-dc\jira-integracao-ponto\backend\src\main\java\com\mindproapps\jira\integracaoponto\model\user\DeParaUser.java
[INFO] 	Input tree files (+): C:\Users\FernandoHorn\Documents\linx-jira-dc\jira-integracao-ponto\backend\src\main\java\com\mindproapps\jira\integracaoponto\rest\api\approval\ApproveHoursRestApi.java
[INFO] 	Input tree files (+): C:\Users\FernandoHorn\Documents\linx-jira-dc\jira-integracao-ponto\backend\src\main\java\com\mindproapps\jira\integracaoponto\rest\api\config\ConfigRestApi.java
[INFO] 	Input tree files (+): C:\Users\FernandoHorn\Documents\linx-jira-dc\jira-integracao-ponto\backend\src\main\java\com\mindproapps\jira\integracaoponto\rest\api\i18n\I18nRestApi.java
[INFO] 	Input tree files (+): C:\Users\FernandoHorn\Documents\linx-jira-dc\jira-integracao-ponto\backend\src\main\java\com\mindproapps\jira\integracaoponto\rest\api\period\AuditPeriodRestApi.java
[INFO] 	Input tree files (+): C:\Users\FernandoHorn\Documents\linx-jira-dc\jira-integracao-ponto\backend\src\main\java\com\mindproapps\jira\integracaoponto\rest\api\reports\ReportsRestApi.java
[INFO] 	Input tree files (+): C:\Users\FernandoHorn\Documents\linx-jira-dc\jira-integracao-ponto\backend\src\main\java\com\mindproapps\jira\integracaoponto\rest\api\user\UserRestApi.java
[INFO] 	Input tree files (+): C:\Users\FernandoHorn\Documents\linx-jira-dc\jira-integracao-ponto\backend\src\main\java\com\mindproapps\jira\integracaoponto\rest\client\PontoRestClient.java
[INFO] 	Input tree files (+): C:\Users\FernandoHorn\Documents\linx-jira-dc\jira-integracao-ponto\backend\src\main\java\com\mindproapps\jira\integracaoponto\service\approval\ApproveHoursService.java
[INFO] 	Input tree files (+): C:\Users\FernandoHorn\Documents\linx-jira-dc\jira-integracao-ponto\backend\src\main\java\com\mindproapps\jira\integracaoponto\service\approval\impl\ApproveHoursServiceImpl.java
[INFO] 	Input tree files (+): C:\Users\FernandoHorn\Documents\linx-jira-dc\jira-integracao-ponto\backend\src\main\java\com\mindproapps\jira\integracaoponto\service\config\ConfigService.java
[INFO] 	Input tree files (+): C:\Users\FernandoHorn\Documents\linx-jira-dc\jira-integracao-ponto\backend\src\main\java\com\mindproapps\jira\integracaoponto\service\config\impl\ConfigServiceImpl.java
[INFO] 	Input tree files (+): C:\Users\FernandoHorn\Documents\linx-jira-dc\jira-integracao-ponto\backend\src\main\java\com\mindproapps\jira\integracaoponto\service\i18n\I18nService.java
[INFO] 	Input tree files (+): C:\Users\FernandoHorn\Documents\linx-jira-dc\jira-integracao-ponto\backend\src\main\java\com\mindproapps\jira\integracaoponto\service\i18n\impl\I18nServiceImpl.java
[INFO] 	Input tree files (+): C:\Users\FernandoHorn\Documents\linx-jira-dc\jira-integracao-ponto\backend\src\main\java\com\mindproapps\jira\integracaoponto\service\mail\impl\MailServiceImpl.java
[INFO] 	Input tree files (+): C:\Users\FernandoHorn\Documents\linx-jira-dc\jira-integracao-ponto\backend\src\main\java\com\mindproapps\jira\integracaoponto\service\mail\MailService.java
[INFO] 	Input tree files (+): C:\Users\FernandoHorn\Documents\linx-jira-dc\jira-integracao-ponto\backend\src\main\java\com\mindproapps\jira\integracaoponto\service\period\AuditPeriodService.java
[INFO] 	Input tree files (+): C:\Users\FernandoHorn\Documents\linx-jira-dc\jira-integracao-ponto\backend\src\main\java\com\mindproapps\jira\integracaoponto\service\period\impl\AuditPeriodServiceImpl.java
[INFO] 	Input tree files (+): C:\Users\FernandoHorn\Documents\linx-jira-dc\jira-integracao-ponto\backend\src\main\java\com\mindproapps\jira\integracaoponto\service\ponto\impl\PontoServiceImpl.java
[INFO] 	Input tree files (+): C:\Users\FernandoHorn\Documents\linx-jira-dc\jira-integracao-ponto\backend\src\main\java\com\mindproapps\jira\integracaoponto\service\ponto\PontoService.java
[INFO] 	Input tree files (+): C:\Users\FernandoHorn\Documents\linx-jira-dc\jira-integracao-ponto\backend\src\main\java\com\mindproapps\jira\integracaoponto\service\reports\impl\ReportsServiceImpl.java
[INFO] 	Input tree files (+): C:\Users\FernandoHorn\Documents\linx-jira-dc\jira-integracao-ponto\backend\src\main\java\com\mindproapps\jira\integracaoponto\service\reports\ReportsService.java
[INFO] 	Input tree files (+): C:\Users\FernandoHorn\Documents\linx-jira-dc\jira-integracao-ponto\backend\src\main\java\com\mindproapps\jira\integracaoponto\service\user\impl\UserServiceImpl.java
[INFO] 	Input tree files (+): C:\Users\FernandoHorn\Documents\linx-jira-dc\jira-integracao-ponto\backend\src\main\java\com\mindproapps\jira\integracaoponto\service\user\UserService.java
[INFO] 	Input tree files (+): C:\Users\FernandoHorn\Documents\linx-jira-dc\jira-integracao-ponto\backend\src\main\java\com\mindproapps\jira\integracaoponto\util\AccountHoursDTOComparator.java
[INFO] 	Input tree files (+): C:\Users\FernandoHorn\Documents\linx-jira-dc\jira-integracao-ponto\backend\src\main\java\com\mindproapps\jira\integracaoponto\util\ConversionUtils.java
[INFO] 	Input tree files (+): C:\Users\FernandoHorn\Documents\linx-jira-dc\jira-integracao-ponto\backend\src\main\java\com\mindproapps\jira\integracaoponto\util\UnsubmittedHoursDTOComparator.java
[INFO] 	Input tree files (+): C:\Users\FernandoHorn\Documents\linx-jira-dc\jira-integracao-ponto\backend\src\main\java\com\mindproapps\jira\integracaoponto\validator\PeriodValidator.java
[INFO] 	Input tree files (+): C:\Users\FernandoHorn\Documents\linx-jira-dc\jira-integracao-ponto\backend\src\main\java\com\mindproapps\jira\integracaoponto\webwork\AprovacaoWebWorkAction.java
[INFO] 	Input tree files (+): C:\Users\FernandoHorn\Documents\linx-jira-dc\jira-integracao-ponto\backend\src\main\java\com\mindproapps\jira\integracaoponto\webwork\CadastroWebWorkAction.java
[INFO] 	Input tree files (+): C:\Users\FernandoHorn\Documents\linx-jira-dc\jira-integracao-ponto\backend\src\main\java\com\mindproapps\jira\integracaoponto\webwork\LogsWebWorkAction.java
[INFO] 	Input tree files (+): C:\Users\FernandoHorn\Documents\linx-jira-dc\jira-integracao-ponto\backend\src\main\java\com\mindproapps\jira\integracaoponto\webwork\RelatorioWebWorkAction.java
[INFO] 	Input tree files (+): C:\Users\FernandoHorn\Documents\linx-jira-dc\jira-integracao-ponto\backend\src\main\java\com\mindproapps\jira\integracaoponto\webwork\SettingsWebWorkAction.java
[INFO] Recompiling the module because of changed source code.
[DEBUG] Classpath:
[DEBUG]  C:\Users\FernandoHorn\Documents\linx-jira-dc\jira-integracao-ponto\backend\target\classes
[DEBUG]  C:\Users\FernandoHorn\.m2\repository\javax\servlet\servlet-api\2.3\servlet-api-2.3.jar
[DEBUG]  C:\Users\FernandoHorn\.m2\repository\p6spy\p6spy\1.3\p6spy-1.3.jar
[DEBUG]  C:\Users\FernandoHorn\.m2\repository\commons-collections\commons-collections\3.1\commons-collections-3.1.jar
[DEBUG]  C:\Users\FernandoHorn\.m2\repository\commons-lang\commons-lang\2.4\commons-lang-2.4.jar
[DEBUG]  C:\Users\FernandoHorn\.m2\repository\commons-io\commons-io\2.4\commons-io-2.4.jar
[DEBUG] Source roots:
[DEBUG]  C:\Users\FernandoHorn\Documents\linx-jira-dc\jira-integracao-ponto\backend\src\main\java
[DEBUG]  C:\Users\FernandoHorn\Documents\linx-jira-dc\jira-integracao-ponto\backend\target\generated-sources\annotations
[DEBUG] Command line options:
[DEBUG] -d C:\Users\FernandoHorn\Documents\linx-jira-dc\jira-integracao-ponto\backend\target\classes -classpath C:\Users\FernandoHorn\Documents\linx-jira-dc\jira-integracao-ponto\backend\target\classes;C:\Users\FernandoHorn\.m2\repository\javax\servlet\servlet-api\2.3\servlet-api-2.3.jar;C:\Users\FernandoHorn\.m2\repository\p6spy\p6spy\1.3\p6spy-1.3.jar;C:\Users\FernandoHorn\.m2\repository\commons-collections\commons-collections\3.1\commons-collections-3.1.jar;C:\Users\FernandoHorn\.m2\repository\commons-lang\commons-lang\2.4\commons-lang-2.4.jar;C:\Users\FernandoHorn\.m2\repository\commons-io\commons-io\2.4\commons-io-2.4.jar; -sourcepath C:\Users\FernandoHorn\Documents\linx-jira-dc\jira-integracao-ponto\backend\src\main\java;C:\Users\FernandoHorn\Documents\linx-jira-dc\jira-integracao-ponto\backend\target\generated-sources\annotations; -s C:\Users\FernandoHorn\Documents\linx-jira-dc\jira-integracao-ponto\backend\target\generated-sources\annotations -g -target 1.8 -source 1.8 -encoding UTF-8 -XDuseUnsharedTable=true
[DEBUG] incrementalBuildHelper#beforeRebuildExecution
[INFO] Compiling 95 source files with javac [debug target 1.8] to target\classes
[DEBUG] incrementalBuildHelper#afterRebuildExecution
[INFO] -------------------------------------------------------------
[WARNING] COMPILATION WARNING : 
[INFO] -------------------------------------------------------------
[WARNING] bootstrap class path not set in conjunction with -source 8
[WARNING] /C:/Users/FernandoHorn/Documents/linx-jira-dc/jira-integracao-ponto/backend/src/main/java/com/mindproapps/jira/integracaoponto/dao/reports/ReportsDAO.java:[241,26] as of release 10, 'var' is a restricted type name and cannot be used for type declarations or as the element type of an array
[WARNING] /C:/Users/FernandoHorn/Documents/linx-jira-dc/jira-integracao-ponto/backend/src/main/java/com/mindproapps/jira/integracaoponto/dao/reports/ReportsDAO.java:[245,17] as of release 10, 'var' is a restricted type name and cannot be used for type declarations or as the element type of an array
[WARNING] /C:/Users/FernandoHorn/Documents/linx-jira-dc/jira-integracao-ponto/backend/src/main/java/com/mindproapps/jira/integracaoponto/dao/reports/ReportsDAO.java:[294,26] as of release 10, 'var' is a restricted type name and cannot be used for type declarations or as the element type of an array
[WARNING] /C:/Users/FernandoHorn/Documents/linx-jira-dc/jira-integracao-ponto/backend/src/main/java/com/mindproapps/jira/integracaoponto/dao/reports/ReportsDAO.java:[298,17] as of release 10, 'var' is a restricted type name and cannot be used for type declarations or as the element type of an array
[WARNING] /C:/Users/FernandoHorn/Documents/linx-jira-dc/jira-integracao-ponto/backend/src/main/java/com/mindproapps/jira/integracaoponto/dao/reports/ReportsDAO.java:[347,26] as of release 10, 'var' is a restricted type name and cannot be used for type declarations or as the element type of an array
[WARNING] /C:/Users/FernandoHorn/Documents/linx-jira-dc/jira-integracao-ponto/backend/src/main/java/com/mindproapps/jira/integracaoponto/dao/reports/ReportsDAO.java:[352,17] as of release 10, 'var' is a restricted type name and cannot be used for type declarations or as the element type of an array
[WARNING] /C:/Users/FernandoHorn/Documents/linx-jira-dc/jira-integracao-ponto/backend/src/main/java/com/mindproapps/jira/integracaoponto/dao/reports/ReportsDAO.java:[390,26] as of release 10, 'var' is a restricted type name and cannot be used for type declarations or as the element type of an array
[WARNING] /C:/Users/FernandoHorn/Documents/linx-jira-dc/jira-integracao-ponto/backend/src/main/java/com/mindproapps/jira/integracaoponto/dao/reports/ReportsDAO.java:[394,17] as of release 10, 'var' is a restricted type name and cannot be used for type declarations or as the element type of an array
[WARNING] /C:/Users/FernandoHorn/Documents/linx-jira-dc/jira-integracao-ponto/backend/src/main/java/com/mindproapps/jira/integracaoponto/dao/reports/ReportsDAO.java:[442,26] as of release 10, 'var' is a restricted type name and cannot be used for type declarations or as the element type of an array
[WARNING] /C:/Users/FernandoHorn/Documents/linx-jira-dc/jira-integracao-ponto/backend/src/main/java/com/mindproapps/jira/integracaoponto/dao/reports/ReportsDAO.java:[446,17] as of release 10, 'var' is a restricted type name and cannot be used for type declarations or as the element type of an array
[WARNING] /C:/Users/FernandoHorn/Documents/linx-jira-dc/jira-integracao-ponto/backend/src/main/java/com/mindproapps/jira/integracaoponto/dao/reports/ReportsDAO.java:[491,26] as of release 10, 'var' is a restricted type name and cannot be used for type declarations or as the element type of an array
[WARNING] /C:/Users/FernandoHorn/Documents/linx-jira-dc/jira-integracao-ponto/backend/src/main/java/com/mindproapps/jira/integracaoponto/dao/reports/ReportsDAO.java:[493,17] as of release 10, 'var' is a restricted type name and cannot be used for type declarations or as the element type of an array
[WARNING] /C:/Users/FernandoHorn/Documents/linx-jira-dc/jira-integracao-ponto/backend/src/main/java/com/mindproapps/jira/integracaoponto/dao/reports/ReportsDAO.java:[512,26] as of release 10, 'var' is a restricted type name and cannot be used for type declarations or as the element type of an array
[WARNING] /C:/Users/FernandoHorn/Documents/linx-jira-dc/jira-integracao-ponto/backend/src/main/java/com/mindproapps/jira/integracaoponto/dao/reports/ReportsDAO.java:[514,17] as of release 10, 'var' is a restricted type name and cannot be used for type declarations or as the element type of an array
[WARNING] /C:/Users/FernandoHorn/Documents/linx-jira-dc/jira-integracao-ponto/backend/src/main/java/com/mindproapps/jira/integracaoponto/dao/reports/ReportsDAO.java:[531,26] as of release 10, 'var' is a restricted type name and cannot be used for type declarations or as the element type of an array
[WARNING] /C:/Users/FernandoHorn/Documents/linx-jira-dc/jira-integracao-ponto/backend/src/main/java/com/mindproapps/jira/integracaoponto/dao/reports/ReportsDAO.java:[533,17] as of release 10, 'var' is a restricted type name and cannot be used for type declarations or as the element type of an array
[WARNING] /C:/Users/FernandoHorn/Documents/linx-jira-dc/jira-integracao-ponto/backend/src/main/java/com/mindproapps/jira/integracaoponto/dao/user/depara/DeParaUserDAO.java:[114,26] as of release 10, 'var' is a restricted type name and cannot be used for type declarations or as the element type of an array
[WARNING] /C:/Users/FernandoHorn/Documents/linx-jira-dc/jira-integracao-ponto/backend/src/main/java/com/mindproapps/jira/integracaoponto/dao/user/depara/DeParaUserDAO.java:[116,17] as of release 10, 'var' is a restricted type name and cannot be used for type declarations or as the element type of an array
[WARNING] /C:/Users/FernandoHorn/Documents/linx-jira-dc/jira-integracao-ponto/backend/src/main/java/com/mindproapps/jira/integracaoponto/dao/user/jira/JiraUserDAO.java:[23,26] as of release 10, 'var' is a restricted type name and cannot be used for type declarations or as the element type of an array
[WARNING] /C:/Users/FernandoHorn/Documents/linx-jira-dc/jira-integracao-ponto/backend/src/main/java/com/mindproapps/jira/integracaoponto/dao/user/jira/JiraUserDAO.java:[70,17] as of release 10, 'var' is a restricted type name and cannot be used for type declarations or as the element type of an array
[WARNING] /C:/Users/FernandoHorn/Documents/linx-jira-dc/jira-integracao-ponto/backend/src/main/java/com/mindproapps/jira/integracaoponto/dao/user/jira/JiraUserDAO.java:[96,26] as of release 10, 'var' is a restricted type name and cannot be used for type declarations or as the element type of an array
[WARNING] /C:/Users/FernandoHorn/Documents/linx-jira-dc/jira-integracao-ponto/backend/src/main/java/com/mindproapps/jira/integracaoponto/dao/user/jira/JiraUserDAO.java:[114,17] as of release 10, 'var' is a restricted type name and cannot be used for type declarations or as the element type of an array
[WARNING] /C:/Users/FernandoHorn/Documents/linx-jira-dc/jira-integracao-ponto/backend/src/main/java/com/mindproapps/jira/integracaoponto/dao/user/jira/JiraUserDAO.java:[139,26] as of release 10, 'var' is a restricted type name and cannot be used for type declarations or as the element type of an array
[WARNING] /C:/Users/FernandoHorn/Documents/linx-jira-dc/jira-integracao-ponto/backend/src/main/java/com/mindproapps/jira/integracaoponto/dao/user/jira/JiraUserDAO.java:[154,17] as of release 10, 'var' is a restricted type name and cannot be used for type declarations or as the element type of an array
[WARNING] /C:/Users/FernandoHorn/Documents/linx-jira-dc/jira-integracao-ponto/backend/src/main/java/com/mindproapps/jira/integracaoponto/dao/user/jira/JiraUserDAO.java:[168,26] as of release 10, 'var' is a restricted type name and cannot be used for type declarations or as the element type of an array
[WARNING] /C:/Users/FernandoHorn/Documents/linx-jira-dc/jira-integracao-ponto/backend/src/main/java/com/mindproapps/jira/integracaoponto/dao/user/jira/JiraUserDAO.java:[183,17] as of release 10, 'var' is a restricted type name and cannot be used for type declarations or as the element type of an array
[WARNING] /C:/Users/FernandoHorn/Documents/linx-jira-dc/jira-integracao-ponto/backend/src/main/java/com/mindproapps/jira/integracaoponto/dao/user/jira/JiraUserDAO.java:[197,26] as of release 10, 'var' is a restricted type name and cannot be used for type declarations or as the element type of an array
[WARNING] /C:/Users/FernandoHorn/Documents/linx-jira-dc/jira-integracao-ponto/backend/src/main/java/com/mindproapps/jira/integracaoponto/dao/user/jira/JiraUserDAO.java:[235,17] as of release 10, 'var' is a restricted type name and cannot be used for type declarations or as the element type of an array
[WARNING] /C:/Users/FernandoHorn/Documents/linx-jira-dc/jira-integracao-ponto/backend/src/main/java/com/mindproapps/jira/integracaoponto/dao/user/jira/JiraUserDAO.java:[248,26] as of release 10, 'var' is a restricted type name and cannot be used for type declarations or as the element type of an array
[WARNING] /C:/Users/FernandoHorn/Documents/linx-jira-dc/jira-integracao-ponto/backend/src/main/java/com/mindproapps/jira/integracaoponto/dao/user/jira/JiraUserDAO.java:[262,17] as of release 10, 'var' is a restricted type name and cannot be used for type declarations or as the element type of an array
[WARNING] /C:/Users/FernandoHorn/Documents/linx-jira-dc/jira-integracao-ponto/backend/src/main/java/com/mindproapps/jira/integracaoponto/dao/user/jira/JiraUserDAO.java:[280,26] as of release 10, 'var' is a restricted type name and cannot be used for type declarations or as the element type of an array
[WARNING] /C:/Users/FernandoHorn/Documents/linx-jira-dc/jira-integracao-ponto/backend/src/main/java/com/mindproapps/jira/integracaoponto/dao/user/jira/JiraUserDAO.java:[287,17] as of release 10, 'var' is a restricted type name and cannot be used for type declarations or as the element type of an array
[WARNING] /C:/Users/FernandoHorn/Documents/linx-jira-dc/jira-integracao-ponto/backend/src/main/java/com/mindproapps/jira/integracaoponto/dao/period/AuditPeriodDAO.java:[25,26] as of release 10, 'var' is a restricted type name and cannot be used for type declarations or as the element type of an array
[WARNING] /C:/Users/FernandoHorn/Documents/linx-jira-dc/jira-integracao-ponto/backend/src/main/java/com/mindproapps/jira/integracaoponto/dao/period/AuditPeriodDAO.java:[34,17] as of release 10, 'var' is a restricted type name and cannot be used for type declarations or as the element type of an array
[WARNING] /C:/Users/FernandoHorn/Documents/linx-jira-dc/jira-integracao-ponto/backend/src/main/java/com/mindproapps/jira/integracaoponto/dao/tempo/team/TempoTeamDAO.java:[17,26] as of release 10, 'var' is a restricted type name and cannot be used for type declarations or as the element type of an array
[WARNING] /C:/Users/FernandoHorn/Documents/linx-jira-dc/jira-integracao-ponto/backend/src/main/java/com/mindproapps/jira/integracaoponto/dao/tempo/team/TempoTeamDAO.java:[32,17] as of release 10, 'var' is a restricted type name and cannot be used for type declarations or as the element type of an array
[WARNING] /C:/Users/FernandoHorn/Documents/linx-jira-dc/jira-integracao-ponto/backend/src/main/java/com/mindproapps/jira/integracaoponto/dao/tempo/team/TempoTeamDAO.java:[56,26] as of release 10, 'var' is a restricted type name and cannot be used for type declarations or as the element type of an array
[WARNING] /C:/Users/FernandoHorn/Documents/linx-jira-dc/jira-integracao-ponto/backend/src/main/java/com/mindproapps/jira/integracaoponto/dao/tempo/team/TempoTeamDAO.java:[68,17] as of release 10, 'var' is a restricted type name and cannot be used for type declarations or as the element type of an array
[WARNING] /C:/Users/FernandoHorn/Documents/linx-jira-dc/jira-integracao-ponto/backend/src/main/java/com/mindproapps/jira/integracaoponto/dao/tempo/timesheet/TempoTimesheetDAO.java:[125,26] as of release 10, 'var' is a restricted type name and cannot be used for type declarations or as the element type of an array
[WARNING] /C:/Users/FernandoHorn/Documents/linx-jira-dc/jira-integracao-ponto/backend/src/main/java/com/mindproapps/jira/integracaoponto/dao/tempo/timesheet/TempoTimesheetDAO.java:[136,17] as of release 10, 'var' is a restricted type name and cannot be used for type declarations or as the element type of an array
[WARNING] /C:/Users/FernandoHorn/Documents/linx-jira-dc/jira-integracao-ponto/backend/src/main/java/com/mindproapps/jira/integracaoponto/dao/tempo/timesheet/TempoTimesheetDAO.java:[170,26] as of release 10, 'var' is a restricted type name and cannot be used for type declarations or as the element type of an array
[WARNING] /C:/Users/FernandoHorn/Documents/linx-jira-dc/jira-integracao-ponto/backend/src/main/java/com/mindproapps/jira/integracaoponto/dao/tempo/timesheet/TempoTimesheetDAO.java:[176,17] as of release 10, 'var' is a restricted type name and cannot be used for type declarations or as the element type of an array
[WARNING] /C:/Users/FernandoHorn/Documents/linx-jira-dc/jira-integracao-ponto/backend/src/main/java/com/mindproapps/jira/integracaoponto/dao/tempo/timesheet/TempoTimesheetDAO.java:[199,26] as of release 10, 'var' is a restricted type name and cannot be used for type declarations or as the element type of an array
[WARNING] /C:/Users/FernandoHorn/Documents/linx-jira-dc/jira-integracao-ponto/backend/src/main/java/com/mindproapps/jira/integracaoponto/dao/tempo/timesheet/TempoTimesheetDAO.java:[239,17] as of release 10, 'var' is a restricted type name and cannot be used for type declarations or as the element type of an array
[INFO] 45 warnings 
[INFO] -------------------------------------------------------------
[INFO] -------------------------------------------------------------
[ERROR] COMPILATION ERROR : 
[INFO] -------------------------------------------------------------
[ERROR] /C:/Users/FernandoHorn/Documents/linx-jira-dc/jira-integracao-ponto/backend/src/main/java/com/mindproapps/jira/integracaoponto/model/user/DeParaUser.java:[4,19] package net.java.ao does not exist
[ERROR] /C:/Users/FernandoHorn/Documents/linx-jira-dc/jira-integracao-ponto/backend/src/main/java/com/mindproapps/jira/integracaoponto/model/user/DeParaUser.java:[5,26] package net.java.ao.schema does not exist
[ERROR] /C:/Users/FernandoHorn/Documents/linx-jira-dc/jira-integracao-ponto/backend/src/main/java/com/mindproapps/jira/integracaoponto/model/user/DeParaUser.java:[6,26] package net.java.ao.schema does not exist
[ERROR] /C:/Users/FernandoHorn/Documents/linx-jira-dc/jira-integracao-ponto/backend/src/main/java/com/mindproapps/jira/integracaoponto/model/base/Entity.java:[3,19] package net.java.ao does not exist
[ERROR] /C:/Users/FernandoHorn/Documents/linx-jira-dc/jira-integracao-ponto/backend/src/main/java/com/mindproapps/jira/integracaoponto/model/base/Entity.java:[4,26] package net.java.ao.schema does not exist
[ERROR] /C:/Users/FernandoHorn/Documents/linx-jira-dc/jira-integracao-ponto/backend/src/main/java/com/mindproapps/jira/integracaoponto/model/base/Entity.java:[5,26] package net.java.ao.schema does not exist
[ERROR] /C:/Users/FernandoHorn/Documents/linx-jira-dc/jira-integracao-ponto/backend/src/main/java/com/mindproapps/jira/integracaoponto/model/base/Entity.java:[6,26] package net.java.ao.schema does not exist
[ERROR] /C:/Users/FernandoHorn/Documents/linx-jira-dc/jira-integracao-ponto/backend/src/main/java/com/mindproapps/jira/integracaoponto/model/base/Entity.java:[8,33] cannot find symbol
  symbol: class RawEntity
[ERROR] /C:/Users/FernandoHorn/Documents/linx-jira-dc/jira-integracao-ponto/backend/src/main/java/com/mindproapps/jira/integracaoponto/model/user/DeParaUser.java:[8,2] cannot find symbol
  symbol: class Preload
[ERROR] /C:/Users/FernandoHorn/Documents/linx-jira-dc/jira-integracao-ponto/backend/src/main/java/com/mindproapps/jira/integracaoponto/model/dto/reports/CategoryAccountDTO.java:[4,14] package lombok does not exist
[ERROR] /C:/Users/FernandoHorn/Documents/linx-jira-dc/jira-integracao-ponto/backend/src/main/java/com/mindproapps/jira/integracaoponto/model/dto/reports/CategoryAccountDTO.java:[5,14] package lombok does not exist
[ERROR] /C:/Users/FernandoHorn/Documents/linx-jira-dc/jira-integracao-ponto/backend/src/main/java/com/mindproapps/jira/integracaoponto/model/dto/reports/CategoryAccountDTO.java:[6,14] package lombok does not exist
[ERROR] /C:/Users/FernandoHorn/Documents/linx-jira-dc/jira-integracao-ponto/backend/src/main/java/com/mindproapps/jira/integracaoponto/model/dto/reports/CategoryAccountDTO.java:[7,14] package lombok does not exist
[ERROR] /C:/Users/FernandoHorn/Documents/linx-jira-dc/jira-integracao-ponto/backend/src/main/java/com/mindproapps/jira/integracaoponto/model/dto/reports/CategoryAccountDTO.java:[8,14] package lombok does not exist
[ERROR] /C:/Users/FernandoHorn/Documents/linx-jira-dc/jira-integracao-ponto/backend/src/main/java/com/mindproapps/jira/integracaoponto/model/dto/reports/CategoryAccountDTO.java:[9,40] package com.fasterxml.jackson.annotation does not exist
[ERROR] /C:/Users/FernandoHorn/Documents/linx-jira-dc/jira-integracao-ponto/backend/src/main/java/com/mindproapps/jira/integracaoponto/model/dto/reports/CategoryAccountDTO.java:[10,40] package com.fasterxml.jackson.annotation does not exist
[ERROR] /C:/Users/FernandoHorn/Documents/linx-jira-dc/jira-integracao-ponto/backend/src/main/java/com/mindproapps/jira/integracaoponto/model/dto/PontoHoursContainerDTO.java:[3,14] package lombok does not exist
[ERROR] /C:/Users/FernandoHorn/Documents/linx-jira-dc/jira-integracao-ponto/backend/src/main/java/com/mindproapps/jira/integracaoponto/model/dto/PontoHoursContainerDTO.java:[4,14] package lombok does not exist
[ERROR] /C:/Users/FernandoHorn/Documents/linx-jira-dc/jira-integracao-ponto/backend/src/main/java/com/mindproapps/jira/integracaoponto/model/dto/PontoHoursContainerDTO.java:[5,40] package com.fasterxml.jackson.annotation does not exist
[ERROR] /C:/Users/FernandoHorn/Documents/linx-jira-dc/jira-integracao-ponto/backend/src/main/java/com/mindproapps/jira/integracaoponto/model/dto/PontoHoursContainerDTO.java:[6,40] package com.fasterxml.jackson.annotation does not exist
[ERROR] /C:/Users/FernandoHorn/Documents/linx-jira-dc/jira-integracao-ponto/backend/src/main/java/com/mindproapps/jira/integracaoponto/model/dto/PontoHoursContainerDTO.java:[8,2] cannot find symbol
  symbol: class Getter
[ERROR] /C:/Users/FernandoHorn/Documents/linx-jira-dc/jira-integracao-ponto/backend/src/main/java/com/mindproapps/jira/integracaoponto/model/dto/PontoHoursContainerDTO.java:[9,2] cannot find symbol
  symbol: class Setter
[ERROR] /C:/Users/FernandoHorn/Documents/linx-jira-dc/jira-integracao-ponto/backend/src/main/java/com/mindproapps/jira/integracaoponto/model/dto/PontoHoursContainerDTO.java:[10,2] cannot find symbol
  symbol: class JsonAutoDetect
[ERROR] /C:/Users/FernandoHorn/Documents/linx-jira-dc/jira-integracao-ponto/backend/src/main/java/com/mindproapps/jira/integracaoponto/model/dto/reports/CategoryAccountDTO.java:[12,2] cannot find symbol
  symbol: class Getter
[ERROR] /C:/Users/FernandoHorn/Documents/linx-jira-dc/jira-integracao-ponto/backend/src/main/java/com/mindproapps/jira/integracaoponto/model/dto/reports/CategoryAccountDTO.java:[13,2] cannot find symbol
  symbol: class Setter
[ERROR] /C:/Users/FernandoHorn/Documents/linx-jira-dc/jira-integracao-ponto/backend/src/main/java/com/mindproapps/jira/integracaoponto/model/dto/reports/CategoryAccountDTO.java:[14,2] cannot find symbol
  symbol: class Builder
[ERROR] /C:/Users/FernandoHorn/Documents/linx-jira-dc/jira-integracao-ponto/backend/src/main/java/com/mindproapps/jira/integracaoponto/model/dto/reports/CategoryAccountDTO.java:[15,2] cannot find symbol
  symbol: class NoArgsConstructor
[ERROR] /C:/Users/FernandoHorn/Documents/linx-jira-dc/jira-integracao-ponto/backend/src/main/java/com/mindproapps/jira/integracaoponto/model/dto/reports/CategoryAccountDTO.java:[16,2] cannot find symbol
  symbol: class AllArgsConstructor
[ERROR] /C:/Users/FernandoHorn/Documents/linx-jira-dc/jira-integracao-ponto/backend/src/main/java/com/mindproapps/jira/integracaoponto/model/dto/reports/CategoryAccountDTO.java:[17,2] cannot find symbol
  symbol: class JsonAutoDetect
[ERROR] /C:/Users/FernandoHorn/Documents/linx-jira-dc/jira-integracao-ponto/backend/src/main/java/com/mindproapps/jira/integracaoponto/model/dto/reports/HoursReportsRequestDTO.java:[4,14] package lombok does not exist
[ERROR] /C:/Users/FernandoHorn/Documents/linx-jira-dc/jira-integracao-ponto/backend/src/main/java/com/mindproapps/jira/integracaoponto/model/dto/reports/HoursReportsRequestDTO.java:[5,14] package lombok does not exist
[ERROR] /C:/Users/FernandoHorn/Documents/linx-jira-dc/jira-integracao-ponto/backend/src/main/java/com/mindproapps/jira/integracaoponto/model/dto/reports/HoursReportsRequestDTO.java:[6,14] package lombok does not exist
[ERROR] /C:/Users/FernandoHorn/Documents/linx-jira-dc/jira-integracao-ponto/backend/src/main/java/com/mindproapps/jira/integracaoponto/model/dto/reports/HoursReportsRequestDTO.java:[7,14] package lombok does not exist
[ERROR] /C:/Users/FernandoHorn/Documents/linx-jira-dc/jira-integracao-ponto/backend/src/main/java/com/mindproapps/jira/integracaoponto/model/dto/reports/HoursReportsRequestDTO.java:[8,14] package lombok does not exist
[ERROR] /C:/Users/FernandoHorn/Documents/linx-jira-dc/jira-integracao-ponto/backend/src/main/java/com/mindproapps/jira/integracaoponto/model/dto/reports/HoursReportsRequestDTO.java:[9,40] package com.fasterxml.jackson.annotation does not exist
[ERROR] /C:/Users/FernandoHorn/Documents/linx-jira-dc/jira-integracao-ponto/backend/src/main/java/com/mindproapps/jira/integracaoponto/model/dto/reports/HoursReportsRequestDTO.java:[10,40] package com.fasterxml.jackson.annotation does not exist
[ERROR] /C:/Users/FernandoHorn/Documents/linx-jira-dc/jira-integracao-ponto/backend/src/main/java/com/mindproapps/jira/integracaoponto/model/dto/reports/HoursReportsRequestDTO.java:[14,2] cannot find symbol
  symbol: class Getter
[ERROR] /C:/Users/FernandoHorn/Documents/linx-jira-dc/jira-integracao-ponto/backend/src/main/java/com/mindproapps/jira/integracaoponto/model/dto/reports/HoursReportsRequestDTO.java:[15,2] cannot find symbol
  symbol: class Setter
[ERROR] /C:/Users/FernandoHorn/Documents/linx-jira-dc/jira-integracao-ponto/backend/src/main/java/com/mindproapps/jira/integracaoponto/model/dto/reports/HoursReportsRequestDTO.java:[16,2] cannot find symbol
  symbol: class Builder
[ERROR] /C:/Users/FernandoHorn/Documents/linx-jira-dc/jira-integracao-ponto/backend/src/main/java/com/mindproapps/jira/integracaoponto/model/dto/reports/HoursReportsRequestDTO.java:[17,2] cannot find symbol
  symbol: class NoArgsConstructor
[ERROR] /C:/Users/FernandoHorn/Documents/linx-jira-dc/jira-integracao-ponto/backend/src/main/java/com/mindproapps/jira/integracaoponto/model/dto/reports/HoursReportsRequestDTO.java:[18,2] cannot find symbol
  symbol: class AllArgsConstructor
[ERROR] /C:/Users/FernandoHorn/Documents/linx-jira-dc/jira-integracao-ponto/backend/src/main/java/com/mindproapps/jira/integracaoponto/model/dto/reports/HoursReportsRequestDTO.java:[19,2] cannot find symbol
  symbol: class JsonAutoDetect
[ERROR] /C:/Users/FernandoHorn/Documents/linx-jira-dc/jira-integracao-ponto/backend/src/main/java/com/mindproapps/jira/integracaoponto/model/dto/period/TimesheetsPeriodDTO.java:[3,14] package lombok does not exist
[ERROR] /C:/Users/FernandoHorn/Documents/linx-jira-dc/jira-integracao-ponto/backend/src/main/java/com/mindproapps/jira/integracaoponto/model/dto/period/TimesheetsPeriodDTO.java:[4,14] package lombok does not exist
[ERROR] /C:/Users/FernandoHorn/Documents/linx-jira-dc/jira-integracao-ponto/backend/src/main/java/com/mindproapps/jira/integracaoponto/model/dto/period/TimesheetsPeriodDTO.java:[5,14] package lombok does not exist
[ERROR] /C:/Users/FernandoHorn/Documents/linx-jira-dc/jira-integracao-ponto/backend/src/main/java/com/mindproapps/jira/integracaoponto/model/dto/period/TimesheetsPeriodDTO.java:[6,14] package lombok does not exist
[ERROR] /C:/Users/FernandoHorn/Documents/linx-jira-dc/jira-integracao-ponto/backend/src/main/java/com/mindproapps/jira/integracaoponto/model/dto/period/TimesheetsPeriodDTO.java:[7,14] package lombok does not exist
[ERROR] /C:/Users/FernandoHorn/Documents/linx-jira-dc/jira-integracao-ponto/backend/src/main/java/com/mindproapps/jira/integracaoponto/model/dto/period/TimesheetsPeriodDTO.java:[8,14] package lombok does not exist
[ERROR] /C:/Users/FernandoHorn/Documents/linx-jira-dc/jira-integracao-ponto/backend/src/main/java/com/mindproapps/jira/integracaoponto/model/dto/period/TimesheetsPeriodDTO.java:[9,38] package com.fasterxml.jackson.annotate does not exist
[ERROR] /C:/Users/FernandoHorn/Documents/linx-jira-dc/jira-integracao-ponto/backend/src/main/java/com/mindproapps/jira/integracaoponto/model/dto/period/TimesheetsPeriodDTO.java:[11,2] cannot find symbol
  symbol: class Getter
[ERROR] /C:/Users/FernandoHorn/Documents/linx-jira-dc/jira-integracao-ponto/backend/src/main/java/com/mindproapps/jira/integracaoponto/model/dto/period/TimesheetsPeriodDTO.java:[12,2] cannot find symbol
  symbol: class Setter
[ERROR] /C:/Users/FernandoHorn/Documents/linx-jira-dc/jira-integracao-ponto/backend/src/main/java/com/mindproapps/jira/integracaoponto/model/dto/period/TimesheetsPeriodDTO.java:[13,2] cannot find symbol
  symbol: class Builder
[ERROR] /C:/Users/FernandoHorn/Documents/linx-jira-dc/jira-integracao-ponto/backend/src/main/java/com/mindproapps/jira/integracaoponto/model/dto/period/TimesheetsPeriodDTO.java:[14,2] cannot find symbol
  symbol: class ToString
[ERROR] /C:/Users/FernandoHorn/Documents/linx-jira-dc/jira-integracao-ponto/backend/src/main/java/com/mindproapps/jira/integracaoponto/model/dto/period/TimesheetsPeriodDTO.java:[15,2] cannot find symbol
  symbol: class JsonAutoDetect
[ERROR] /C:/Users/FernandoHorn/Documents/linx-jira-dc/jira-integracao-ponto/backend/src/main/java/com/mindproapps/jira/integracaoponto/model/dto/period/TimesheetsPeriodDTO.java:[16,2] cannot find symbol
  symbol: class NoArgsConstructor
[ERROR] /C:/Users/FernandoHorn/Documents/linx-jira-dc/jira-integracao-ponto/backend/src/main/java/com/mindproapps/jira/integracaoponto/model/dto/period/TimesheetsPeriodDTO.java:[17,2] cannot find symbol
  symbol: class AllArgsConstructor
[ERROR] /C:/Users/FernandoHorn/Documents/linx-jira-dc/jira-integracao-ponto/backend/src/main/java/com/mindproapps/jira/integracaoponto/model/dto/reports/UnsubmittedHoursDTO.java:[4,14] package lombok does not exist
[ERROR] /C:/Users/FernandoHorn/Documents/linx-jira-dc/jira-integracao-ponto/backend/src/main/java/com/mindproapps/jira/integracaoponto/model/dto/reports/UnsubmittedHoursDTO.java:[5,14] package lombok does not exist
[ERROR] /C:/Users/FernandoHorn/Documents/linx-jira-dc/jira-integracao-ponto/backend/src/main/java/com/mindproapps/jira/integracaoponto/model/dto/reports/UnsubmittedHoursDTO.java:[6,14] package lombok does not exist
[ERROR] /C:/Users/FernandoHorn/Documents/linx-jira-dc/jira-integracao-ponto/backend/src/main/java/com/mindproapps/jira/integracaoponto/model/dto/reports/UnsubmittedHoursDTO.java:[7,14] package lombok does not exist
[ERROR] /C:/Users/FernandoHorn/Documents/linx-jira-dc/jira-integracao-ponto/backend/src/main/java/com/mindproapps/jira/integracaoponto/model/dto/reports/UnsubmittedHoursDTO.java:[8,14] package lombok does not exist
[ERROR] /C:/Users/FernandoHorn/Documents/linx-jira-dc/jira-integracao-ponto/backend/src/main/java/com/mindproapps/jira/integracaoponto/model/dto/reports/UnsubmittedHoursDTO.java:[9,14] package lombok does not exist
[ERROR] /C:/Users/FernandoHorn/Documents/linx-jira-dc/jira-integracao-ponto/backend/src/main/java/com/mindproapps/jira/integracaoponto/model/dto/reports/UnsubmittedHoursDTO.java:[10,38] package com.fasterxml.jackson.annotate does not exist
[ERROR] /C:/Users/FernandoHorn/Documents/linx-jira-dc/jira-integracao-ponto/backend/src/main/java/com/mindproapps/jira/integracaoponto/model/dto/reports/UnsubmittedHoursDTO.java:[12,2] cannot find symbol
  symbol: class Getter
[ERROR] /C:/Users/FernandoHorn/Documents/linx-jira-dc/jira-integracao-ponto/backend/src/main/java/com/mindproapps/jira/integracaoponto/model/dto/reports/UnsubmittedHoursDTO.java:[13,2] cannot find symbol
  symbol: class Setter
[ERROR] /C:/Users/FernandoHorn/Documents/linx-jira-dc/jira-integracao-ponto/backend/src/main/java/com/mindproapps/jira/integracaoponto/model/dto/reports/UnsubmittedHoursDTO.java:[14,2] cannot find symbol
  symbol: class Builder
[ERROR] /C:/Users/FernandoHorn/Documents/linx-jira-dc/jira-integracao-ponto/backend/src/main/java/com/mindproapps/jira/integracaoponto/model/dto/reports/UnsubmittedHoursDTO.java:[15,2] cannot find symbol
  symbol: class NoArgsConstructor
[ERROR] /C:/Users/FernandoHorn/Documents/linx-jira-dc/jira-integracao-ponto/backend/src/main/java/com/mindproapps/jira/integracaoponto/model/dto/reports/UnsubmittedHoursDTO.java:[16,2] cannot find symbol
  symbol: class AllArgsConstructor
[ERROR] /C:/Users/FernandoHorn/Documents/linx-jira-dc/jira-integracao-ponto/backend/src/main/java/com/mindproapps/jira/integracaoponto/model/dto/reports/UnsubmittedHoursDTO.java:[17,2] cannot find symbol
  symbol: class ToString
[ERROR] /C:/Users/FernandoHorn/Documents/linx-jira-dc/jira-integracao-ponto/backend/src/main/java/com/mindproapps/jira/integracaoponto/model/dto/reports/UnsubmittedHoursDTO.java:[18,2] cannot find symbol
  symbol: class JsonAutoDetect
[ERROR] /C:/Users/FernandoHorn/Documents/linx-jira-dc/jira-integracao-ponto/backend/src/main/java/com/mindproapps/jira/integracaoponto/conditions/ConditionsHelper.java:[3,40] package com.atlassian.crowd.embedded.api does not exist
[ERROR] /C:/Users/FernandoHorn/Documents/linx-jira-dc/jira-integracao-ponto/backend/src/main/java/com/mindproapps/jira/integracaoponto/conditions/ConditionsHelper.java:[4,36] package com.atlassian.jira.component does not exist
[ERROR] /C:/Users/FernandoHorn/Documents/linx-jira-dc/jira-integracao-ponto/backend/src/main/java/com/mindproapps/jira/integracaoponto/conditions/ConditionsHelper.java:[5,37] package com.atlassian.jira.permission does not exist
[ERROR] /C:/Users/FernandoHorn/Documents/linx-jira-dc/jira-integracao-ponto/backend/src/main/java/com/mindproapps/jira/integracaoponto/conditions/ConditionsHelper.java:[6,35] package com.atlassian.jira.security does not exist
[ERROR] /C:/Users/FernandoHorn/Documents/linx-jira-dc/jira-integracao-ponto/backend/src/main/java/com/mindproapps/jira/integracaoponto/conditions/ConditionsHelper.java:[7,42] package com.atlassian.jira.security.groups does not exist
[ERROR] /C:/Users/FernandoHorn/Documents/linx-jira-dc/jira-integracao-ponto/backend/src/main/java/com/mindproapps/jira/integracaoponto/conditions/ConditionsHelper.java:[8,31] package com.atlassian.jira.user does not exist
[ERROR] /C:/Users/FernandoHorn/Documents/linx-jira-dc/jira-integracao-ponto/backend/src/main/java/com/mindproapps/jira/integracaoponto/conditions/ConditionsHelper.java:[9,62] package com.atlassian.plugin.spring.scanner.annotation.imports does not exist
[ERROR] /C:/Users/FernandoHorn/Documents/linx-jira-dc/jira-integracao-ponto/backend/src/main/java/com/mindproapps/jira/integracaoponto/conditions/ConditionsHelper.java:[11,27] package lombok.extern.log4j does not exist
[ERROR] /C:/Users/FernandoHorn/Documents/linx-jira-dc/jira-integracao-ponto/backend/src/main/java/com/mindproapps/jira/integracaoponto/conditions/ConditionsHelper.java:[12,52] package org.springframework.beans.factory.annotation does not exist
[ERROR] /C:/Users/FernandoHorn/Documents/linx-jira-dc/jira-integracao-ponto/backend/src/main/java/com/mindproapps/jira/integracaoponto/conditions/ConditionsHelper.java:[13,38] package org.springframework.stereotype does not exist
[ERROR] /C:/Users/FernandoHorn/Documents/linx-jira-dc/jira-integracao-ponto/backend/src/main/java/com/mindproapps/jira/integracaoponto/conditions/ConditionsHelper.java:[15,2] cannot find symbol
  symbol: class Component
[ERROR] /C:/Users/FernandoHorn/Documents/linx-jira-dc/jira-integracao-ponto/backend/src/main/java/com/mindproapps/jira/integracaoponto/conditions/ConditionsHelper.java:[16,2] cannot find symbol
  symbol: class Log4j
[ERROR] /C:/Users/FernandoHorn/Documents/linx-jira-dc/jira-integracao-ponto/backend/src/main/java/com/mindproapps/jira/integracaoponto/conditions/ConditionsHelper.java:[19,26] cannot find symbol
  symbol:   class GlobalPermissionKey
  location: class com.mindproapps.jira.integracaoponto.conditions.ConditionsHelper
[ERROR] /C:/Users/FernandoHorn/Documents/linx-jira-dc/jira-integracao-ponto/backend/src/main/java/com/mindproapps/jira/integracaoponto/conditions/ConditionsHelper.java:[22,5] cannot find symbol
  symbol:   class GlobalPermissionManager
  location: class com.mindproapps.jira.integracaoponto.conditions.ConditionsHelper
[ERROR] /C:/Users/FernandoHorn/Documents/linx-jira-dc/jira-integracao-ponto/backend/src/main/java/com/mindproapps/jira/integracaoponto/dao/tempo/team/TempoTeamDAO.java:[5,14] package lombok does not exist
[ERROR] /C:/Users/FernandoHorn/Documents/linx-jira-dc/jira-integracao-ponto/backend/src/main/java/com/mindproapps/jira/integracaoponto/dao/tempo/team/TempoTeamDAO.java:[6,27] package lombok.extern.log4j does not exist
[ERROR] /C:/Users/FernandoHorn/Documents/linx-jira-dc/jira-integracao-ponto/backend/src/main/java/com/mindproapps/jira/integracaoponto/dao/tempo/team/TempoTeamDAO.java:[7,14] package lombok does not exist
[ERROR] /C:/Users/FernandoHorn/Documents/linx-jira-dc/jira-integracao-ponto/backend/src/main/java/com/mindproapps/jira/integracaoponto/dao/tempo/team/TempoTeamDAO.java:[8,38] package org.springframework.stereotype does not exist
[ERROR] /C:/Users/FernandoHorn/Documents/linx-jira-dc/jira-integracao-ponto/backend/src/main/java/com/mindproapps/jira/integracaoponto/dao/base/BaseDAO.java:[3,27] package lombok.extern.log4j does not exist
[ERROR] /C:/Users/FernandoHorn/Documents/linx-jira-dc/jira-integracao-ponto/backend/src/main/java/com/mindproapps/jira/integracaoponto/dao/base/BaseDAO.java:[4,34] package org.ofbiz.core.entity.jdbc does not exist
[ERROR] /C:/Users/FernandoHorn/Documents/linx-jira-dc/jira-integracao-ponto/backend/src/main/java/com/mindproapps/jira/integracaoponto/dao/base/BaseDAO.java:[6,2] cannot find symbol
  symbol: class Log4j
[ERROR] /C:/Users/FernandoHorn/Documents/linx-jira-dc/jira-integracao-ponto/backend/src/main/java/com/mindproapps/jira/integracaoponto/dao/tempo/team/TempoTeamDAO.java:[10,2] cannot find symbol
  symbol: class Log4j
[ERROR] /C:/Users/FernandoHorn/Documents/linx-jira-dc/jira-integracao-ponto/backend/src/main/java/com/mindproapps/jira/integracaoponto/dao/tempo/team/TempoTeamDAO.java:[11,2] cannot find symbol
  symbol: class Component
[ERROR] /C:/Users/FernandoHorn/Documents/linx-jira-dc/jira-integracao-ponto/backend/src/main/java/com/mindproapps/jira/integracaoponto/conditions/ConditionsHelper.java:[27,29] cannot find symbol
  symbol:   class GlobalPermissionManager
  location: class com.mindproapps.jira.integracaoponto.conditions.ConditionsHelper
[ERROR] /C:/Users/FernandoHorn/Documents/linx-jira-dc/jira-integracao-ponto/backend/src/main/java/com/mindproapps/jira/integracaoponto/dao/base/BaseDAO.java:[8,15] cannot find symbol
  symbol:   class SQLProcessor
  location: class com.mindproapps.jira.integracaoponto.dao.base.BaseDAO
[ERROR] /C:/Users/FernandoHorn/Documents/linx-jira-dc/jira-integracao-ponto/backend/src/main/java/com/mindproapps/jira/integracaoponto/model/user/AuditDeParaUser.java:[4,19] package net.java.ao does not exist
[ERROR] /C:/Users/FernandoHorn/Documents/linx-jira-dc/jira-integracao-ponto/backend/src/main/java/com/mindproapps/jira/integracaoponto/model/user/AuditDeParaUser.java:[5,26] package net.java.ao.schema does not exist
[ERROR] /C:/Users/FernandoHorn/Documents/linx-jira-dc/jira-integracao-ponto/backend/src/main/java/com/mindproapps/jira/integracaoponto/model/user/AuditDeParaUser.java:[6,26] package net.java.ao.schema does not exist
[ERROR] /C:/Users/FernandoHorn/Documents/linx-jira-dc/jira-integracao-ponto/backend/src/main/java/com/mindproapps/jira/integracaoponto/model/user/AuditDeParaUser.java:[8,2] cannot find symbol
  symbol: class Preload
[ERROR] /C:/Users/FernandoHorn/Documents/linx-jira-dc/jira-integracao-ponto/backend/src/main/java/com/mindproapps/jira/integracaoponto/model/dto/reports/TimesheetReportsResponseDTO.java:[3,14] package lombok does not exist
[INFO] 100 errors 
[INFO] -------------------------------------------------------------
[INFO] ------------------------------------------------------------------------
[INFO] BUILD FAILURE
[INFO] ------------------------------------------------------------------------
[INFO] Total time: 4.558 s
[INFO] Finished at: 2025-04-04T11:35:28-03:00
[INFO] ------------------------------------------------------------------------
[ERROR] Failed to execute goal org.apache.maven.plugins:maven-compiler-plugin:3.12.1:compile (default-compile) on project integracaoponto: Compilation failure: Compilation failure: 
[ERROR] /C:/Users/FernandoHorn/Documents/linx-jira-dc/jira-integracao-ponto/backend/src/main/java/com/mindproapps/jira/integracaoponto/model/user/DeParaUser.java:[4,19] package net.java.ao does not exist
[ERROR] /C:/Users/FernandoHorn/Documents/linx-jira-dc/jira-integracao-ponto/backend/src/main/java/com/mindproapps/jira/integracaoponto/model/user/DeParaUser.java:[5,26] package net.java.ao.schema does not exist
[ERROR] /C:/Users/FernandoHorn/Documents/linx-jira-dc/jira-integracao-ponto/backend/src/main/java/com/mindproapps/jira/integracaoponto/model/user/DeParaUser.java:[6,26] package net.java.ao.schema does not exist
[ERROR] /C:/Users/FernandoHorn/Documents/linx-jira-dc/jira-integracao-ponto/backend/src/main/java/com/mindproapps/jira/integracaoponto/model/base/Entity.java:[3,19] package net.java.ao does not exist
[ERROR] /C:/Users/FernandoHorn/Documents/linx-jira-dc/jira-integracao-ponto/backend/src/main/java/com/mindproapps/jira/integracaoponto/model/base/Entity.java:[4,26] package net.java.ao.schema does not exist
[ERROR] /C:/Users/FernandoHorn/Documents/linx-jira-dc/jira-integracao-ponto/backend/src/main/java/com/mindproapps/jira/integracaoponto/model/base/Entity.java:[5,26] package net.java.ao.schema does not exist
[ERROR] /C:/Users/FernandoHorn/Documents/linx-jira-dc/jira-integracao-ponto/backend/src/main/java/com/mindproapps/jira/integracaoponto/model/base/Entity.java:[6,26] package net.java.ao.schema does not exist
[ERROR] /C:/Users/FernandoHorn/Documents/linx-jira-dc/jira-integracao-ponto/backend/src/main/java/com/mindproapps/jira/integracaoponto/model/base/Entity.java:[8,33] cannot find symbol
[ERROR]   symbol: class RawEntity
[ERROR] /C:/Users/FernandoHorn/Documents/linx-jira-dc/jira-integracao-ponto/backend/src/main/java/com/mindproapps/jira/integracaoponto/model/user/DeParaUser.java:[8,2] cannot find symbol
[ERROR]   symbol: class Preload
[ERROR] /C:/Users/FernandoHorn/Documents/linx-jira-dc/jira-integracao-ponto/backend/src/main/java/com/mindproapps/jira/integracaoponto/model/dto/reports/CategoryAccountDTO.java:[4,14] package lombok does not exist
[ERROR] /C:/Users/FernandoHorn/Documents/linx-jira-dc/jira-integracao-ponto/backend/src/main/java/com/mindproapps/jira/integracaoponto/model/dto/reports/CategoryAccountDTO.java:[5,14] package lombok does not exist
[ERROR] /C:/Users/FernandoHorn/Documents/linx-jira-dc/jira-integracao-ponto/backend/src/main/java/com/mindproapps/jira/integracaoponto/model/dto/reports/CategoryAccountDTO.java:[6,14] package lombok does not exist
[ERROR] /C:/Users/FernandoHorn/Documents/linx-jira-dc/jira-integracao-ponto/backend/src/main/java/com/mindproapps/jira/integracaoponto/model/dto/reports/CategoryAccountDTO.java:[7,14] package lombok does not exist
[ERROR] /C:/Users/FernandoHorn/Documents/linx-jira-dc/jira-integracao-ponto/backend/src/main/java/com/mindproapps/jira/integracaoponto/model/dto/reports/CategoryAccountDTO.java:[8,14] package lombok does not exist
[ERROR] /C:/Users/FernandoHorn/Documents/linx-jira-dc/jira-integracao-ponto/backend/src/main/java/com/mindproapps/jira/integracaoponto/model/dto/reports/CategoryAccountDTO.java:[9,40] package com.fasterxml.jackson.annotation does not exist
[ERROR] /C:/Users/FernandoHorn/Documents/linx-jira-dc/jira-integracao-ponto/backend/src/main/java/com/mindproapps/jira/integracaoponto/model/dto/reports/CategoryAccountDTO.java:[10,40] package com.fasterxml.jackson.annotation does not exist
[ERROR] /C:/Users/FernandoHorn/Documents/linx-jira-dc/jira-integracao-ponto/backend/src/main/java/com/mindproapps/jira/integracaoponto/model/dto/PontoHoursContainerDTO.java:[3,14] package lombok does not exist
[ERROR] /C:/Users/FernandoHorn/Documents/linx-jira-dc/jira-integracao-ponto/backend/src/main/java/com/mindproapps/jira/integracaoponto/model/dto/PontoHoursContainerDTO.java:[4,14] package lombok does not exist
[ERROR] /C:/Users/FernandoHorn/Documents/linx-jira-dc/jira-integracao-ponto/backend/src/main/java/com/mindproapps/jira/integracaoponto/model/dto/PontoHoursContainerDTO.java:[5,40] package com.fasterxml.jackson.annotation does not exist
[ERROR] /C:/Users/FernandoHorn/Documents/linx-jira-dc/jira-integracao-ponto/backend/src/main/java/com/mindproapps/jira/integracaoponto/model/dto/PontoHoursContainerDTO.java:[6,40] package com.fasterxml.jackson.annotation does not exist
[ERROR] /C:/Users/FernandoHorn/Documents/linx-jira-dc/jira-integracao-ponto/backend/src/main/java/com/mindproapps/jira/integracaoponto/model/dto/PontoHoursContainerDTO.java:[8,2] cannot find symbol
[ERROR]   symbol: class Getter
[ERROR] /C:/Users/FernandoHorn/Documents/linx-jira-dc/jira-integracao-ponto/backend/src/main/java/com/mindproapps/jira/integracaoponto/model/dto/PontoHoursContainerDTO.java:[9,2] cannot find symbol
[ERROR]   symbol: class Setter
[ERROR] /C:/Users/FernandoHorn/Documents/linx-jira-dc/jira-integracao-ponto/backend/src/main/java/com/mindproapps/jira/integracaoponto/model/dto/PontoHoursContainerDTO.java:[10,2] cannot find symbol
[ERROR]   symbol: class JsonAutoDetect
[ERROR] /C:/Users/FernandoHorn/Documents/linx-jira-dc/jira-integracao-ponto/backend/src/main/java/com/mindproapps/jira/integracaoponto/model/dto/reports/CategoryAccountDTO.java:[12,2] cannot find symbol
[ERROR]   symbol: class Getter
[ERROR] /C:/Users/FernandoHorn/Documents/linx-jira-dc/jira-integracao-ponto/backend/src/main/java/com/mindproapps/jira/integracaoponto/model/dto/reports/CategoryAccountDTO.java:[13,2] cannot find symbol
[ERROR]   symbol: class Setter
[ERROR] /C:/Users/FernandoHorn/Documents/linx-jira-dc/jira-integracao-ponto/backend/src/main/java/com/mindproapps/jira/integracaoponto/model/dto/reports/CategoryAccountDTO.java:[14,2] cannot find symbol
[ERROR]   symbol: class Builder
[ERROR] /C:/Users/FernandoHorn/Documents/linx-jira-dc/jira-integracao-ponto/backend/src/main/java/com/mindproapps/jira/integracaoponto/model/dto/reports/CategoryAccountDTO.java:[15,2] cannot find symbol
[ERROR]   symbol: class NoArgsConstructor
[ERROR] /C:/Users/FernandoHorn/Documents/linx-jira-dc/jira-integracao-ponto/backend/src/main/java/com/mindproapps/jira/integracaoponto/model/dto/reports/CategoryAccountDTO.java:[16,2] cannot find symbol
[ERROR]   symbol: class AllArgsConstructor
[ERROR] /C:/Users/FernandoHorn/Documents/linx-jira-dc/jira-integracao-ponto/backend/src/main/java/com/mindproapps/jira/integracaoponto/model/dto/reports/CategoryAccountDTO.java:[17,2] cannot find symbol
[ERROR]   symbol: class JsonAutoDetect
[ERROR] /C:/Users/FernandoHorn/Documents/linx-jira-dc/jira-integracao-ponto/backend/src/main/java/com/mindproapps/jira/integracaoponto/model/dto/reports/HoursReportsRequestDTO.java:[4,14] package lombok does not exist
[ERROR] /C:/Users/FernandoHorn/Documents/linx-jira-dc/jira-integracao-ponto/backend/src/main/java/com/mindproapps/jira/integracaoponto/model/dto/reports/HoursReportsRequestDTO.java:[5,14] package lombok does not exist
[ERROR] /C:/Users/FernandoHorn/Documents/linx-jira-dc/jira-integracao-ponto/backend/src/main/java/com/mindproapps/jira/integracaoponto/model/dto/reports/HoursReportsRequestDTO.java:[6,14] package lombok does not exist
[ERROR] /C:/Users/FernandoHorn/Documents/linx-jira-dc/jira-integracao-ponto/backend/src/main/java/com/mindproapps/jira/integracaoponto/model/dto/reports/HoursReportsRequestDTO.java:[7,14] package lombok does not exist
[ERROR] /C:/Users/FernandoHorn/Documents/linx-jira-dc/jira-integracao-ponto/backend/src/main/java/com/mindproapps/jira/integracaoponto/model/dto/reports/HoursReportsRequestDTO.java:[8,14] package lombok does not exist
[ERROR] /C:/Users/FernandoHorn/Documents/linx-jira-dc/jira-integracao-ponto/backend/src/main/java/com/mindproapps/jira/integracaoponto/model/dto/reports/HoursReportsRequestDTO.java:[9,40] package com.fasterxml.jackson.annotation does not exist
[ERROR] /C:/Users/FernandoHorn/Documents/linx-jira-dc/jira-integracao-ponto/backend/src/main/java/com/mindproapps/jira/integracaoponto/model/dto/reports/HoursReportsRequestDTO.java:[10,40] package com.fasterxml.jackson.annotation does not exist
[ERROR] /C:/Users/FernandoHorn/Documents/linx-jira-dc/jira-integracao-ponto/backend/src/main/java/com/mindproapps/jira/integracaoponto/model/dto/reports/HoursReportsRequestDTO.java:[14,2] cannot find symbol
[ERROR]   symbol: class Getter
[ERROR] /C:/Users/FernandoHorn/Documents/linx-jira-dc/jira-integracao-ponto/backend/src/main/java/com/mindproapps/jira/integracaoponto/model/dto/reports/HoursReportsRequestDTO.java:[15,2] cannot find symbol
[ERROR]   symbol: class Setter
[ERROR] /C:/Users/FernandoHorn/Documents/linx-jira-dc/jira-integracao-ponto/backend/src/main/java/com/mindproapps/jira/integracaoponto/model/dto/reports/HoursReportsRequestDTO.java:[16,2] cannot find symbol
[ERROR]   symbol: class Builder
[ERROR] /C:/Users/FernandoHorn/Documents/linx-jira-dc/jira-integracao-ponto/backend/src/main/java/com/mindproapps/jira/integracaoponto/model/dto/reports/HoursReportsRequestDTO.java:[17,2] cannot find symbol
[ERROR]   symbol: class NoArgsConstructor
[ERROR] /C:/Users/FernandoHorn/Documents/linx-jira-dc/jira-integracao-ponto/backend/src/main/java/com/mindproapps/jira/integracaoponto/model/dto/reports/HoursReportsRequestDTO.java:[18,2] cannot find symbol
[ERROR]   symbol: class AllArgsConstructor
[ERROR] /C:/Users/FernandoHorn/Documents/linx-jira-dc/jira-integracao-ponto/backend/src/main/java/com/mindproapps/jira/integracaoponto/model/dto/reports/HoursReportsRequestDTO.java:[19,2] cannot find symbol
[ERROR]   symbol: class JsonAutoDetect
[ERROR] /C:/Users/FernandoHorn/Documents/linx-jira-dc/jira-integracao-ponto/backend/src/main/java/com/mindproapps/jira/integracaoponto/model/dto/period/TimesheetsPeriodDTO.java:[3,14] package lombok does not exist
[ERROR] /C:/Users/FernandoHorn/Documents/linx-jira-dc/jira-integracao-ponto/backend/src/main/java/com/mindproapps/jira/integracaoponto/model/dto/period/TimesheetsPeriodDTO.java:[4,14] package lombok does not exist
[ERROR] /C:/Users/FernandoHorn/Documents/linx-jira-dc/jira-integracao-ponto/backend/src/main/java/com/mindproapps/jira/integracaoponto/model/dto/period/TimesheetsPeriodDTO.java:[5,14] package lombok does not exist
[ERROR] /C:/Users/FernandoHorn/Documents/linx-jira-dc/jira-integracao-ponto/backend/src/main/java/com/mindproapps/jira/integracaoponto/model/dto/period/TimesheetsPeriodDTO.java:[6,14] package lombok does not exist
[ERROR] /C:/Users/FernandoHorn/Documents/linx-jira-dc/jira-integracao-ponto/backend/src/main/java/com/mindproapps/jira/integracaoponto/model/dto/period/TimesheetsPeriodDTO.java:[7,14] package lombok does not exist
[ERROR] /C:/Users/FernandoHorn/Documents/linx-jira-dc/jira-integracao-ponto/backend/src/main/java/com/mindproapps/jira/integracaoponto/model/dto/period/TimesheetsPeriodDTO.java:[8,14] package lombok does not exist
[ERROR] /C:/Users/FernandoHorn/Documents/linx-jira-dc/jira-integracao-ponto/backend/src/main/java/com/mindproapps/jira/integracaoponto/model/dto/period/TimesheetsPeriodDTO.java:[9,38] package com.fasterxml.jackson.annotate does not exist
[ERROR] /C:/Users/FernandoHorn/Documents/linx-jira-dc/jira-integracao-ponto/backend/src/main/java/com/mindproapps/jira/integracaoponto/model/dto/period/TimesheetsPeriodDTO.java:[11,2] cannot find symbol
[ERROR]   symbol: class Getter
[ERROR] /C:/Users/FernandoHorn/Documents/linx-jira-dc/jira-integracao-ponto/backend/src/main/java/com/mindproapps/jira/integracaoponto/model/dto/period/TimesheetsPeriodDTO.java:[12,2] cannot find symbol
[ERROR]   symbol: class Setter
[ERROR] /C:/Users/FernandoHorn/Documents/linx-jira-dc/jira-integracao-ponto/backend/src/main/java/com/mindproapps/jira/integracaoponto/model/dto/period/TimesheetsPeriodDTO.java:[13,2] cannot find symbol
[ERROR]   symbol: class Builder
[ERROR] /C:/Users/FernandoHorn/Documents/linx-jira-dc/jira-integracao-ponto/backend/src/main/java/com/mindproapps/jira/integracaoponto/model/dto/period/TimesheetsPeriodDTO.java:[14,2] cannot find symbol
[ERROR]   symbol: class ToString
[ERROR] /C:/Users/FernandoHorn/Documents/linx-jira-dc/jira-integracao-ponto/backend/src/main/java/com/mindproapps/jira/integracaoponto/model/dto/period/TimesheetsPeriodDTO.java:[15,2] cannot find symbol
[ERROR]   symbol: class JsonAutoDetect
[ERROR] /C:/Users/FernandoHorn/Documents/linx-jira-dc/jira-integracao-ponto/backend/src/main/java/com/mindproapps/jira/integracaoponto/model/dto/period/TimesheetsPeriodDTO.java:[16,2] cannot find symbol
[ERROR]   symbol: class NoArgsConstructor
[ERROR] /C:/Users/FernandoHorn/Documents/linx-jira-dc/jira-integracao-ponto/backend/src/main/java/com/mindproapps/jira/integracaoponto/model/dto/period/TimesheetsPeriodDTO.java:[17,2] cannot find symbol
[ERROR]   symbol: class AllArgsConstructor
[ERROR] /C:/Users/FernandoHorn/Documents/linx-jira-dc/jira-integracao-ponto/backend/src/main/java/com/mindproapps/jira/integracaoponto/model/dto/reports/UnsubmittedHoursDTO.java:[4,14] package lombok does not exist
[ERROR] /C:/Users/FernandoHorn/Documents/linx-jira-dc/jira-integracao-ponto/backend/src/main/java/com/mindproapps/jira/integracaoponto/model/dto/reports/UnsubmittedHoursDTO.java:[5,14] package lombok does not exist
[ERROR] /C:/Users/FernandoHorn/Documents/linx-jira-dc/jira-integracao-ponto/backend/src/main/java/com/mindproapps/jira/integracaoponto/model/dto/reports/UnsubmittedHoursDTO.java:[6,14] package lombok does not exist
[ERROR] /C:/Users/FernandoHorn/Documents/linx-jira-dc/jira-integracao-ponto/backend/src/main/java/com/mindproapps/jira/integracaoponto/model/dto/reports/UnsubmittedHoursDTO.java:[7,14] package lombok does not exist
[ERROR] /C:/Users/FernandoHorn/Documents/linx-jira-dc/jira-integracao-ponto/backend/src/main/java/com/mindproapps/jira/integracaoponto/model/dto/reports/UnsubmittedHoursDTO.java:[8,14] package lombok does not exist
[ERROR] /C:/Users/FernandoHorn/Documents/linx-jira-dc/jira-integracao-ponto/backend/src/main/java/com/mindproapps/jira/integracaoponto/model/dto/reports/UnsubmittedHoursDTO.java:[9,14] package lombok does not exist
[ERROR] /C:/Users/FernandoHorn/Documents/linx-jira-dc/jira-integracao-ponto/backend/src/main/java/com/mindproapps/jira/integracaoponto/model/dto/reports/UnsubmittedHoursDTO.java:[10,38] package com.fasterxml.jackson.annotate does not exist
[ERROR] /C:/Users/FernandoHorn/Documents/linx-jira-dc/jira-integracao-ponto/backend/src/main/java/com/mindproapps/jira/integracaoponto/model/dto/reports/UnsubmittedHoursDTO.java:[12,2] cannot find symbol
[ERROR]   symbol: class Getter
[ERROR] /C:/Users/FernandoHorn/Documents/linx-jira-dc/jira-integracao-ponto/backend/src/main/java/com/mindproapps/jira/integracaoponto/model/dto/reports/UnsubmittedHoursDTO.java:[13,2] cannot find symbol
[ERROR]   symbol: class Setter
[ERROR] /C:/Users/FernandoHorn/Documents/linx-jira-dc/jira-integracao-ponto/backend/src/main/java/com/mindproapps/jira/integracaoponto/model/dto/reports/UnsubmittedHoursDTO.java:[14,2] cannot find symbol
[ERROR]   symbol: class Builder
[ERROR] /C:/Users/FernandoHorn/Documents/linx-jira-dc/jira-integracao-ponto/backend/src/main/java/com/mindproapps/jira/integracaoponto/model/dto/reports/UnsubmittedHoursDTO.java:[15,2] cannot find symbol
[ERROR]   symbol: class NoArgsConstructor
[ERROR] /C:/Users/FernandoHorn/Documents/linx-jira-dc/jira-integracao-ponto/backend/src/main/java/com/mindproapps/jira/integracaoponto/model/dto/reports/UnsubmittedHoursDTO.java:[16,2] cannot find symbol
[ERROR]   symbol: class AllArgsConstructor
[ERROR] /C:/Users/FernandoHorn/Documents/linx-jira-dc/jira-integracao-ponto/backend/src/main/java/com/mindproapps/jira/integracaoponto/model/dto/reports/UnsubmittedHoursDTO.java:[17,2] cannot find symbol
[ERROR]   symbol: class ToString
[ERROR] /C:/Users/FernandoHorn/Documents/linx-jira-dc/jira-integracao-ponto/backend/src/main/java/com/mindproapps/jira/integracaoponto/model/dto/reports/UnsubmittedHoursDTO.java:[18,2] cannot find symbol
[ERROR]   symbol: class JsonAutoDetect
[ERROR] /C:/Users/FernandoHorn/Documents/linx-jira-dc/jira-integracao-ponto/backend/src/main/java/com/mindproapps/jira/integracaoponto/conditions/ConditionsHelper.java:[3,40] package com.atlassian.crowd.embedded.api does not exist
[ERROR] /C:/Users/FernandoHorn/Documents/linx-jira-dc/jira-integracao-ponto/backend/src/main/java/com/mindproapps/jira/integracaoponto/conditions/ConditionsHelper.java:[4,36] package com.atlassian.jira.component does not exist
[ERROR] /C:/Users/FernandoHorn/Documents/linx-jira-dc/jira-integracao-ponto/backend/src/main/java/com/mindproapps/jira/integracaoponto/conditions/ConditionsHelper.java:[5,37] package com.atlassian.jira.permission does not exist
[ERROR] /C:/Users/FernandoHorn/Documents/linx-jira-dc/jira-integracao-ponto/backend/src/main/java/com/mindproapps/jira/integracaoponto/conditions/ConditionsHelper.java:[6,35] package com.atlassian.jira.security does not exist
[ERROR] /C:/Users/FernandoHorn/Documents/linx-jira-dc/jira-integracao-ponto/backend/src/main/java/com/mindproapps/jira/integracaoponto/conditions/ConditionsHelper.java:[7,42] package com.atlassian.jira.security.groups does not exist
[ERROR] /C:/Users/FernandoHorn/Documents/linx-jira-dc/jira-integracao-ponto/backend/src/main/java/com/mindproapps/jira/integracaoponto/conditions/ConditionsHelper.java:[8,31] package com.atlassian.jira.user does not exist
[ERROR] /C:/Users/FernandoHorn/Documents/linx-jira-dc/jira-integracao-ponto/backend/src/main/java/com/mindproapps/jira/integracaoponto/conditions/ConditionsHelper.java:[9,62] package com.atlassian.plugin.spring.scanner.annotation.imports does not exist
[ERROR] /C:/Users/FernandoHorn/Documents/linx-jira-dc/jira-integracao-ponto/backend/src/main/java/com/mindproapps/jira/integracaoponto/conditions/ConditionsHelper.java:[11,27] package lombok.extern.log4j does not exist
[ERROR] /C:/Users/FernandoHorn/Documents/linx-jira-dc/jira-integracao-ponto/backend/src/main/java/com/mindproapps/jira/integracaoponto/conditions/ConditionsHelper.java:[12,52] package org.springframework.beans.factory.annotation does not exist
[ERROR] /C:/Users/FernandoHorn/Documents/linx-jira-dc/jira-integracao-ponto/backend/src/main/java/com/mindproapps/jira/integracaoponto/conditions/ConditionsHelper.java:[13,38] package org.springframework.stereotype does not exist
[ERROR] /C:/Users/FernandoHorn/Documents/linx-jira-dc/jira-integracao-ponto/backend/src/main/java/com/mindproapps/jira/integracaoponto/conditions/ConditionsHelper.java:[15,2] cannot find symbol
[ERROR]   symbol: class Component
[ERROR] /C:/Users/FernandoHorn/Documents/linx-jira-dc/jira-integracao-ponto/backend/src/main/java/com/mindproapps/jira/integracaoponto/conditions/ConditionsHelper.java:[16,2] cannot find symbol
[ERROR]   symbol: class Log4j
[ERROR] /C:/Users/FernandoHorn/Documents/linx-jira-dc/jira-integracao-ponto/backend/src/main/java/com/mindproapps/jira/integracaoponto/conditions/ConditionsHelper.java:[19,26] cannot find symbol
[ERROR]   symbol:   class GlobalPermissionKey
[ERROR]   location: class com.mindproapps.jira.integracaoponto.conditions.ConditionsHelper
[ERROR] /C:/Users/FernandoHorn/Documents/linx-jira-dc/jira-integracao-ponto/backend/src/main/java/com/mindproapps/jira/integracaoponto/conditions/ConditionsHelper.java:[22,5] cannot find symbol
[ERROR]   symbol:   class GlobalPermissionManager
[ERROR]   location: class com.mindproapps.jira.integracaoponto.conditions.ConditionsHelper
[ERROR] /C:/Users/FernandoHorn/Documents/linx-jira-dc/jira-integracao-ponto/backend/src/main/java/com/mindproapps/jira/integracaoponto/dao/tempo/team/TempoTeamDAO.java:[5,14] package lombok does not exist
[ERROR] /C:/Users/FernandoHorn/Documents/linx-jira-dc/jira-integracao-ponto/backend/src/main/java/com/mindproapps/jira/integracaoponto/dao/tempo/team/TempoTeamDAO.java:[6,27] package lombok.extern.log4j does not exist
[ERROR] /C:/Users/FernandoHorn/Documents/linx-jira-dc/jira-integracao-ponto/backend/src/main/java/com/mindproapps/jira/integracaoponto/dao/tempo/team/TempoTeamDAO.java:[7,14] package lombok does not exist
[ERROR] /C:/Users/FernandoHorn/Documents/linx-jira-dc/jira-integracao-ponto/backend/src/main/java/com/mindproapps/jira/integracaoponto/dao/tempo/team/TempoTeamDAO.java:[8,38] package org.springframework.stereotype does not exist
[ERROR] /C:/Users/FernandoHorn/Documents/linx-jira-dc/jira-integracao-ponto/backend/src/main/java/com/mindproapps/jira/integracaoponto/dao/base/BaseDAO.java:[3,27] package lombok.extern.log4j does not exist
[ERROR] /C:/Users/FernandoHorn/Documents/linx-jira-dc/jira-integracao-ponto/backend/src/main/java/com/mindproapps/jira/integracaoponto/dao/base/BaseDAO.java:[4,34] package org.ofbiz.core.entity.jdbc does not exist
[ERROR] /C:/Users/FernandoHorn/Documents/linx-jira-dc/jira-integracao-ponto/backend/src/main/java/com/mindproapps/jira/integracaoponto/dao/base/BaseDAO.java:[6,2] cannot find symbol
[ERROR]   symbol: class Log4j
[ERROR] /C:/Users/FernandoHorn/Documents/linx-jira-dc/jira-integracao-ponto/backend/src/main/java/com/mindproapps/jira/integracaoponto/dao/tempo/team/TempoTeamDAO.java:[10,2] cannot find symbol
[ERROR]   symbol: class Log4j
[ERROR] /C:/Users/FernandoHorn/Documents/linx-jira-dc/jira-integracao-ponto/backend/src/main/java/com/mindproapps/jira/integracaoponto/dao/tempo/team/TempoTeamDAO.java:[11,2] cannot find symbol
[ERROR]   symbol: class Component
[ERROR] /C:/Users/FernandoHorn/Documents/linx-jira-dc/jira-integracao-ponto/backend/src/main/java/com/mindproapps/jira/integracaoponto/conditions/ConditionsHelper.java:[27,29] cannot find symbol
[ERROR]   symbol:   class GlobalPermissionManager
[ERROR]   location: class com.mindproapps.jira.integracaoponto.conditions.ConditionsHelper
[ERROR] /C:/Users/FernandoHorn/Documents/linx-jira-dc/jira-integracao-ponto/backend/src/main/java/com/mindproapps/jira/integracaoponto/dao/base/BaseDAO.java:[8,15] cannot find symbol
[ERROR]   symbol:   class SQLProcessor
[ERROR]   location: class com.mindproapps.jira.integracaoponto.dao.base.BaseDAO
[ERROR] /C:/Users/FernandoHorn/Documents/linx-jira-dc/jira-integracao-ponto/backend/src/main/java/com/mindproapps/jira/integracaoponto/model/user/AuditDeParaUser.java:[4,19] package net.java.ao does not exist
[ERROR] /C:/Users/FernandoHorn/Documents/linx-jira-dc/jira-integracao-ponto/backend/src/main/java/com/mindproapps/jira/integracaoponto/model/user/AuditDeParaUser.java:[5,26] package net.java.ao.schema does not exist
[ERROR] /C:/Users/FernandoHorn/Documents/linx-jira-dc/jira-integracao-ponto/backend/src/main/java/com/mindproapps/jira/integracaoponto/model/user/AuditDeParaUser.java:[6,26] package net.java.ao.schema does not exist
[ERROR] /C:/Users/FernandoHorn/Documents/linx-jira-dc/jira-integracao-ponto/backend/src/main/java/com/mindproapps/jira/integracaoponto/model/user/AuditDeParaUser.java:[8,2] cannot find symbol
[ERROR]   symbol: class Preload
[ERROR] /C:/Users/FernandoHorn/Documents/linx-jira-dc/jira-integracao-ponto/backend/src/main/java/com/mindproapps/jira/integracaoponto/model/dto/reports/TimesheetReportsResponseDTO.java:[3,14] package lombok does not exist
[ERROR] -> [Help 1]
org.apache.maven.lifecycle.LifecycleExecutionException: Failed to execute goal org.apache.maven.plugins:maven-compiler-plugin:3.12.1:compile (default-compile) on project integracaoponto: Compilation failure
    at org.apache.maven.lifecycle.internal.MojoExecutor.execute (MojoExecutor.java:213)
    at org.apache.maven.lifecycle.internal.MojoExecutor.execute (MojoExecutor.java:154)
    at org.apache.maven.lifecycle.internal.MojoExecutor.execute (MojoExecutor.java:146)
    at org.apache.maven.lifecycle.internal.LifecycleModuleBuilder.buildProject (LifecycleModuleBuilder.java:117)
    at org.apache.maven.lifecycle.internal.LifecycleModuleBuilder.buildProject (LifecycleModuleBuilder.java:81)
    at org.apache.maven.lifecycle.internal.builder.singlethreaded.SingleThreadedBuilder.build (SingleThreadedBuilder.java:56)
    at org.apache.maven.lifecycle.internal.LifecycleStarter.execute (LifecycleStarter.java:128)
    at org.apache.maven.DefaultMaven.doExecute (DefaultMaven.java:305)
    at org.apache.maven.DefaultMaven.doExecute (DefaultMaven.java:192)
    at org.apache.maven.DefaultMaven.execute (DefaultMaven.java:105)
    at org.apache.maven.cli.MavenCli.execute (MavenCli.java:954)
    at org.apache.maven.cli.MavenCli.doMain (MavenCli.java:288)
    at org.apache.maven.cli.MavenCli.main (MavenCli.java:192)
    at jdk.internal.reflect.NativeMethodAccessorImpl.invoke0 (Native Method)
    at jdk.internal.reflect.NativeMethodAccessorImpl.invoke (NativeMethodAccessorImpl.java:77)
    at jdk.internal.reflect.DelegatingMethodAccessorImpl.invoke (DelegatingMethodAccessorImpl.java:43)
    at java.lang.reflect.Method.invoke (Method.java:569)
    at org.codehaus.plexus.classworlds.launcher.Launcher.launchEnhanced (Launcher.java:289)
    at org.codehaus.plexus.classworlds.launcher.Launcher.launch (Launcher.java:229)
    at org.codehaus.plexus.classworlds.launcher.Launcher.mainWithExitCode (Launcher.java:415)
    at org.codehaus.plexus.classworlds.launcher.Launcher.main (Launcher.java:356)
Caused by: org.apache.maven.plugin.compiler.CompilationFailureException: Compilation failure
    at org.apache.maven.plugin.compiler.AbstractCompilerMojo.execute (AbstractCompilerMojo.java:1269)
    at org.apache.maven.plugin.compiler.CompilerMojo.execute (CompilerMojo.java:212)
    at org.apache.maven.plugin.DefaultBuildPluginManager.executeMojo (DefaultBuildPluginManager.java:137)
    at org.apache.maven.lifecycle.internal.MojoExecutor.execute (MojoExecutor.java:208)
    at org.apache.maven.lifecycle.internal.MojoExecutor.execute (MojoExecutor.java:154)
    at org.apache.maven.lifecycle.internal.MojoExecutor.execute (MojoExecutor.java:146)
    at org.apache.maven.lifecycle.internal.LifecycleModuleBuilder.buildProject (LifecycleModuleBuilder.java:117)
    at org.apache.maven.lifecycle.internal.LifecycleModuleBuilder.buildProject (LifecycleModuleBuilder.java:81)
    at org.apache.maven.lifecycle.internal.builder.singlethreaded.SingleThreadedBuilder.build (SingleThreadedBuilder.java:56)
    at org.apache.maven.lifecycle.internal.LifecycleStarter.execute (LifecycleStarter.java:128)
    at org.apache.maven.DefaultMaven.doExecute (DefaultMaven.java:305)
    at org.apache.maven.DefaultMaven.doExecute (DefaultMaven.java:192)
    at org.apache.maven.DefaultMaven.execute (DefaultMaven.java:105)
    at org.apache.maven.cli.MavenCli.execute (MavenCli.java:954)
    at org.apache.maven.cli.MavenCli.doMain (MavenCli.java:288)
    at org.apache.maven.cli.MavenCli.main (MavenCli.java:192)
    at jdk.internal.reflect.NativeMethodAccessorImpl.invoke0 (Native Method)
    at jdk.internal.reflect.NativeMethodAccessorImpl.invoke (NativeMethodAccessorImpl.java:77)
    at jdk.internal.reflect.DelegatingMethodAccessorImpl.invoke (DelegatingMethodAccessorImpl.java:43)
    at java.lang.reflect.Method.invoke (Method.java:569)
    at org.codehaus.plexus.classworlds.launcher.Launcher.launchEnhanced (Launcher.java:289)
    at org.codehaus.plexus.classworlds.launcher.Launcher.launch (Launcher.java:229)
    at org.codehaus.plexus.classworlds.launcher.Launcher.mainWithExitCode (Launcher.java:415)
    at org.codehaus.plexus.classworlds.launcher.Launcher.main (Launcher.java:356)
[ERROR] 
[ERROR] 
[ERROR] For more information about the errors and possible solutions, please read the following articles:
[ERROR] [Help 1] http://cwiki.apache.org/confluence/display/MAVEN/MojoFailureException
